 win32_PokemonDemo_tile_map_editor

 Timestamp is 5b13240a (Sat Jun  2 19:11:06 2018)

 Preferred load address is 00400000

 Start         Length     Name                   Class
 0001:00000000 00000050H .text$di                CODE
 0001:00000050 0000e7d7H .text$mn                CODE
 0002:00000000 0000018cH .idata$5                DATA
 0002:0000018c 00000004H .00cfg                  DATA
 0002:00000190 00000004H .CRT$XCA                DATA
 0002:00000194 00000004H .CRT$XCAA               DATA
 0002:00000198 00000014H .CRT$XCU                DATA
 0002:000001ac 00000004H .CRT$XCZ                DATA
 0002:000001b0 00000004H .CRT$XIA                DATA
 0002:000001b4 00000004H .CRT$XIAA               DATA
 0002:000001b8 00000004H .CRT$XIAC               DATA
 0002:000001bc 0000000cH .CRT$XIC                DATA
 0002:000001c8 00000004H .CRT$XIZ                DATA
 0002:000001cc 00000004H .CRT$XPA                DATA
 0002:000001d0 00000008H .CRT$XPX                DATA
 0002:000001d8 00000004H .CRT$XPXA               DATA
 0002:000001dc 00000004H .CRT$XPZ                DATA
 0002:000001e0 00000004H .CRT$XTA                DATA
 0002:000001e4 0000000cH .CRT$XTZ                DATA
 0002:000001e8 00000000H .gfids$y                DATA
 0002:000001f0 00004e10H .rdata                  DATA
 0002:00004ff8 00000000H .rdata$r                DATA
 0002:00005000 0000000cH .rdata$sxdata           DATA
 0002:0000500c 000002f8H .rdata$zzzdbg           DATA
 0002:00005304 00000004H .rtc$IAA                DATA
 0002:00005308 00000004H .rtc$IZZ                DATA
 0002:0000530c 00000004H .rtc$TAA                DATA
 0002:00005310 00000008H .rtc$TZZ                DATA
 0002:00005318 0000039cH .xdata$x                DATA
 0002:000056b4 00000000H .edata                  DATA
 0002:000056b4 00000050H .idata$2                DATA
 0002:00005704 00000014H .idata$3                DATA
 0002:00005718 0000018cH .idata$4                DATA
 0002:000058a4 000006aaH .idata$6                DATA
 0003:00000000 00000780H .data                   DATA
 0003:00000780 00000000H .data$r                 DATA
 0003:00000780 0000754cH .bss                    DATA

  Address         Publics by Value              Rva+Base       Lib:Object

 0000:00000000       ___guard_fids_count        00000000     <absolute>
 0000:00000000       ___enclave_config          00000000     <absolute>
 0000:00000000       ___guard_longjmp_count     00000000     <absolute>
 0000:00000000       ___guard_longjmp_table     00000000     <absolute>
 0000:00000000       __except_list              00000000     <absolute>
 0000:00000000       ___guard_iat_table         00000000     <absolute>
 0000:00000000       ___guard_iat_count         00000000     <absolute>
 0000:00000000       ___hybrid_auxiliary_iat    00000000     <absolute>
 0000:00000000       ___hybrid_code_map         00000000     <absolute>
 0000:00000000       ___guard_fids_table        00000000     <absolute>
 0000:00000000       ___hybrid_code_map_count   00000000     <absolute>
 0000:00000000       ___dynamic_value_reloc_table 00000000     <absolute>
 0000:00000003       ___safe_se_handler_count   00000003     <absolute>
 0000:00000100       ___guard_flags             00000100     <absolute>
 0000:00000000       ___ImageBase               00400000     <linker-defined>
 0001:00000050       _WinMain@16                00401050 f   win32_PokemonDemo_tile_map_editor.obj
 0001:00002c40       ?DEBUGPlatformFreeFileMemory@@YAXPAX@Z 00403c40 f   win32_PokemonDemo_tile_map_editor.obj
 0001:00002c60       ?DEBUGPlatformReadEntireFile@@YA?AUdebug_read_file_result@@PAD@Z 00403c60 f   win32_PokemonDemo_tile_map_editor.obj
 0001:00002d50       ?DEBUGPlatformWriteEntireFile@@YAHPADHPAX@Z 00403d50 f   win32_PokemonDemo_tile_map_editor.obj
 0001:00003690       ?Win32WindowProc@@YGJPAUHWND__@@IIJ@Z 00404690 f   win32_PokemonDemo_tile_map_editor.obj
 0001:000037f0       ?Abs@@YAMM@Z               004047f0 f i win32_PokemonDemo_tile_map_editor.obj
 0001:00003830       ?BufferToDrawSpace@@YAXHPAH0@Z 00404830 f i win32_PokemonDemo_tile_map_editor.obj
 0001:00003890       ?FloatToInt@@YAHM@Z        00404890 f i win32_PokemonDemo_tile_map_editor.obj
 0001:000038d0       ?FloorFloatToInt@@YAHM@Z   004048d0 f i win32_PokemonDemo_tile_map_editor.obj
 0001:00003900       ?GetEditorTile@@YA?AUunpacked_tile@@Utile_chunk@@II@Z 00404900 f i win32_PokemonDemo_tile_map_editor.obj
 0001:00003960       ?GrabTileBitmap@@YA?AUloaded_bitmap@@PAU1@I@Z 00404960 f i win32_PokemonDemo_tile_map_editor.obj
 0001:000039a0       ?MakeTransparentTile@@YA?AUunpacked_tile@@U1@II@Z 004049a0 f i win32_PokemonDemo_tile_map_editor.obj
 0001:000039d0       ?MouseToBufferSpace@@YAXPAUHWND__@@PAH1@Z 004049d0 f i win32_PokemonDemo_tile_map_editor.obj
 0001:00003a60       ?PackTile@@YAIUunpacked_tile@@@Z 00404a60 f i win32_PokemonDemo_tile_map_editor.obj
 0001:00003ae0       ?SetEditorTile@@YAXPAUtile_chunk@@IIUunpacked_tile@@@Z 00404ae0 f i win32_PokemonDemo_tile_map_editor.obj
 0001:00003b20       ?UnPackTile@@YA?AUunpacked_tile@@I@Z 00404b20 f i win32_PokemonDemo_tile_map_editor.obj
 0001:00003be0       ?UnPackTransparentTile@@YAXUunpacked_tile@@PAI1@Z 00404be0 f i win32_PokemonDemo_tile_map_editor.obj
 0001:00003c00       ?Win32GetSecondsElapsed@@YAMT_LARGE_INTEGER@@0_J@Z 00404c00 f i win32_PokemonDemo_tile_map_editor.obj
 0001:00003c50       ?Win32GetWallClock@@YA?AT_LARGE_INTEGER@@XZ 00404c50 f i win32_PokemonDemo_tile_map_editor.obj
 0001:00003c70       _floorf                    00404c70 f i win32_PokemonDemo_tile_map_editor.obj
 0001:00003ca9       @__security_check_cookie@4 00404ca9 f   LIBCMT:_secchk_.obj
 0001:00003cd0       __ftoui3                   00404cd0 f   LIBCMT:_ftol3_.obj
 0001:00003cdf       __ftoul3                   00404cdf f   LIBCMT:_ftol3_.obj
 0001:00003cee       __ftol3                    00404cee f   LIBCMT:_ftol3_.obj
 0001:00003cfb       __ftol3_NaN                00404cfb f   LIBCMT:_ftol3_.obj
 0001:00003d13       __ftol3_work               00404d13 f   LIBCMT:_ftol3_.obj
 0001:00003d99       __ftol3_common             00404d99 f   LIBCMT:_ftol3_.obj
 0001:00003e5b       __ftol3_arg_error          00404e5b f   LIBCMT:_ftol3_.obj
 0001:00003e6d       __ftol3_except             00404e6d f   LIBCMT:_ftol3_.obj
 0001:00003eb1       __dtoui3                   00404eb1 f   LIBCMT:_ftol3_.obj
 0001:00003ec0       __dtoul3                   00404ec0 f   LIBCMT:_ftol3_.obj
 0001:00003ecf       __dtol3                    00404ecf f   LIBCMT:_ftol3_.obj
 0001:00003edc       __dtol3_NaN                00404edc f   LIBCMT:_ftol3_.obj
 0001:00003ef9       __dtol3_work               00404ef9 f   LIBCMT:_ftol3_.obj
 0001:00003fe0       __ultod3                   00404fe0 f   LIBCMT:_ftol3_.obj
 0001:00004020       __ltod3                    00405020 f   LIBCMT:_ftol3_.obj
 0001:00004276       _WinMainCRTStartup         00405276 f   LIBCMT:exe_winmain.obj
 0001:00004280       ___raise_securityfailure   00405280 f   LIBCMT:gs_report.obj
 0001:000042a8       ___report_gsfailure        004052a8 f   LIBCMT:gs_report.obj
 0001:000043e7       ___scrt_acquire_startup_lock 004053e7 f   LIBCMT:utility.obj
 0001:0000441c       ___scrt_initialize_crt     0040541c f   LIBCMT:utility.obj
 0001:00004455       ___scrt_initialize_onexit_tables 00405455 f   LIBCMT:utility.obj
 0001:000044ff       ___scrt_is_nonwritable_in_current_image 004054ff f   LIBCMT:utility.obj
 0001:00004589       ___scrt_release_startup_lock 00405589 f   LIBCMT:utility.obj
 0001:000045a6       ___scrt_uninitialize_crt   004055a6 f   LIBCMT:utility.obj
 0001:000045ce       __onexit                   004055ce f   LIBCMT:utility.obj
 0001:00004609       _atexit                    00405609 f   LIBCMT:utility.obj
 0001:0000466d       ___security_init_cookie    0040566d f   LIBCMT:gs_support.obj
 0001:000046b8       __get_startup_argv_mode    004056b8 f   LIBCMT:argv_mode.obj
 0001:000046bc       __get_startup_file_mode    004056bc f   LIBCMT:file_mode.obj
 0001:000046c2       ?__scrt_initialize_type_info@@YAXXZ 004056c2 f   LIBCMT:tncleanup.obj
 0001:000046ce       ___acrt_uninitialize_command_line 004056ce f   libucrt:argv_data.obj
 0001:000046ce       __should_initialize_environment 004056ce f   LIBCMT:env_mode.obj
 0001:000046d1       __initialize_default_precision 004056d1 f   LIBCMT:default_precision.obj
 0001:000046f2       __initialize_invalid_parameter_handler 004056f2 f   LIBCMT:invalid_parameter_handler.obj
 0001:000046f2       __initialize_denormal_control 004056f2 f   LIBCMT:denormal_control.obj
 0001:000046f2       @_guard_check_icall_nop@4  004056f2 f   LIBCMT:guard_support.obj
 0001:000046f3       ___local_stdio_printf_options 004056f3 f i LIBCMT:default_local_stdio_options.obj
 0001:000046f9       ___local_stdio_scanf_options 004056f9 f i LIBCMT:default_local_stdio_options.obj
 0001:000046ff       ___scrt_initialize_default_local_stdio_options 004056ff f   LIBCMT:default_local_stdio_options.obj
 0001:0000471c       ___scrt_is_user_matherr_present 0040571c f   LIBCMT:matherr_detection.obj
 0001:00004728       ___scrt_get_dyn_tls_init_callback 00405728 f   LIBCMT:dyn_tls_init.obj
 0001:0000472e       ___scrt_get_dyn_tls_dtor_callback 0040572e f   LIBCMT:dyn_tls_dtor.obj
 0001:00004734       ___scrt_fastfail           00405734 f   LIBCMT:utility_desktop.obj
 0001:00004850       ___scrt_get_show_window_mode 00405850 f   LIBCMT:utility_desktop.obj
 0001:00004883       __get_startup_commit_mode  00405883 f   LIBCMT:commit_mode.obj
 0001:00004883       __get_startup_thread_locale_mode 00405883 f   LIBCMT:thread_locale.obj
 0001:00004883       __matherr                  00405883 f   LIBCMT:matherr.obj
 0001:00004883       __get_startup_new_mode     00405883 f   LIBCMT:new_mode.obj
 0001:00004883       ___scrt_initialize_winrt   00405883 f   LIBCMT:utility_desktop.obj
 0001:00004886       ___scrt_is_managed_app     00405886 f   LIBCMT:utility_desktop.obj
 0001:000048ca       ___scrt_set_unhandled_exception_filter 004058ca f   LIBCMT:utility_desktop.obj
 0001:000048d6       ___scrt_unhandled_exception_filter@4 004058d6 f   LIBCMT:utility_desktop.obj
 0001:00004917       __crt_debugger_hook        00405917 f   LIBCMT:utility_desktop.obj
 0001:0000491f       __RTC_Initialize           0040591f f   LIBCMT:_initsect_.obj
 0001:0000494a       __RTC_Terminate            0040594a f   LIBCMT:_initsect_.obj
 0001:00004975       @_guard_check_icall@4      00405975 f i LIBCMT:checkcfg.obj
 0001:00004980       __SEH_prolog4              00405980 f   LIBCMT:_sehprolg4_.obj
 0001:000049c6       __SEH_epilog4              004059c6 f   LIBCMT:_sehprolg4_.obj
 0001:000049db       ___isa_available_init      004059db f   LIBCMT:_cpu_disp_.obj
 0001:00004b74       ___scrt_is_ucrt_dll_in_use 00405b74 f   LIBCMT:ucrt_detection.obj
 0001:00004b80       _IsProcessorFeaturePresent@4 00405b80 f   kernel32:KERNEL32.dll
 0001:00004bd0       __except_handler4          00405bd0 f   libvcruntime:_chandler4_.obj
 0001:00004d2d       ___vcrt_initialize         00405d2d f   libvcruntime:initialization.obj
 0001:00004d56       ___vcrt_uninitialize       00405d56 f   libvcruntime:initialization.obj
 0001:00004d80       _memset                    00405d80 f   libvcruntime:memset.obj
 0001:00004ee0       __local_unwind4            00405ee0 f   libvcruntime:_exsup4_.obj
 0001:00004fb8       __seh_longjmp_unwind4@4    00405fb8 f   libvcruntime:_exsup4_.obj
 0001:00004fe0       @_EH4_CallFilterFunc@8     00405fe0 f   libvcruntime:_exsup4_.obj
 0001:00004ff8       @_EH4_TransferToHandler@8  00405ff8 f   libvcruntime:_exsup4_.obj
 0001:00005014       @_EH4_GlobalUnwind2@8      00406014 f   libvcruntime:_exsup4_.obj
 0001:00005030       @_EH4_LocalUnwind@16       00406030 f   libvcruntime:_exsup4_.obj
 0001:00005047       ___except_validate_context_record 00406047 f   libvcruntime:jbcxrval.obj
 0001:00005077       ___except_validate_jump_buffer 00406077 f   libvcruntime:jbcxrval.obj
 0001:000050a4       ___vcrt_freefls@4          004060a4 f   libvcruntime:per_thread_data.obj
 0001:000050c0       ___vcrt_initialize_ptd     004060c0 f   libvcruntime:per_thread_data.obj
 0001:00005106       ___vcrt_uninitialize_ptd   00406106 f   libvcruntime:per_thread_data.obj
 0001:00005121       ___vcrt_initialize_locks   00406121 f   libvcruntime:locks.obj
 0001:0000515d       ___vcrt_uninitialize_locks 0040615d f   libvcruntime:locks.obj
 0001:0000518c       ??$__crt_fast_encode_pointer@PAP6AXXZ@@YAPAP6AXXZQAP6AXXZ@Z 0040618c f i LIBCMT:utility.obj
 0001:0000518c       ??$__crt_fast_encode_pointer@PAX@@YAPAXQAX@Z 0040618c f i libvcruntime:winapi_downlevel.obj
 0001:000052f6       ___vcrt_FlsAlloc           004062f6 f   libvcruntime:winapi_downlevel.obj
 0001:00005330       ___vcrt_FlsFree            00406330 f   libvcruntime:winapi_downlevel.obj
 0001:0000536a       ___vcrt_FlsSetValue        0040636a f   libvcruntime:winapi_downlevel.obj
 0001:000053a7       ___vcrt_InitializeCriticalSectionEx 004063a7 f   libvcruntime:winapi_downlevel.obj
 0001:000053ed       ___vcrt_initialize_winapi_thunks 004063ed f   libvcruntime:winapi_downlevel.obj
 0001:00005427       ___vcrt_uninitialize_winapi_thunks 00406427 f   libvcruntime:winapi_downlevel.obj
 0001:00005459       ___vcrt_initialize_pure_virtual_call_handler 00406459 f   libvcruntime:purevirt_data.obj
 0001:00005480       __global_unwind2           00406480 f   libvcruntime:_exsup_.obj
 0001:000054e6       __local_unwind2            004064e6 f   libvcruntime:_exsup_.obj
 0001:0000556a       __abnormal_termination     0040656a f   libvcruntime:_exsup_.obj
 0001:00005590       __NLG_Notify1              00406590 f   libvcruntime:_exsup_.obj
 0001:0000559c       __NLG_Notify               0040659c f   libvcruntime:_exsup_.obj
 0001:000055b3       __NLG_Dispatch2            004065b3     libvcruntime:_exsup_.obj
 0001:000055b3       __NLG_Dispatch             004065b3     libvcruntime:_exsup_.obj
 0001:000055bb       __NLG_Call                 004065bb f   libvcruntime:_exsup_.obj
 0001:000055bd       __NLG_Return2              004065bd     libvcruntime:_exsup_.obj
 0001:000055c0       _floor                     004065c0 f   libucrt:floor_pentium4.obj
 0001:00005600       __floor_pentium4           00406600 f   libucrt:floor_pentium4.obj
 0001:000056bd       __errcode                  004066bd f   libucrt:fpexcept.obj
 0001:000056f1       __except1                  004066f1 f   libucrt:fpexcept.obj
 0001:000057bf       __handle_exc               004067bf f   libucrt:fpexcept.obj
 0001:000059ac       __raise_exc                004069ac f   libucrt:fpexcept.obj
 0001:000059cf       __raise_exc_ex             004069cf f   libucrt:fpexcept.obj
 0001:00005cc0       __set_errno_from_matherr   00406cc0 f   libucrt:fpexcept.obj
 0001:00005cef       __umatherr                 00406cef f   libucrt:fpexcept.obj
 0001:00005d91       __seh_filter_exe           00406d91 f   libucrt:exception_filter.obj
 0001:00005f04       __query_app_type           00406f04 f   libucrt:report_runtime_error.obj
 0001:00005f0a       __set_app_type             00406f0a f   libucrt:report_runtime_error.obj
 0001:00005f19       ??$__crt_fast_encode_pointer@P6AHPAU_exception@@@Z@@YAP6AHPAU_exception@@@ZQ6AH0@Z@Z 00406f19 f i libucrt:matherr.obj
 0001:00005f19       ??$__crt_fast_encode_pointer@P6AHXZ@@YAP6AHXZQ6AHXZ@Z 00406f19 f i libucrt:onexit.obj
 0001:00005f19       ??$__crt_fast_encode_pointer@P6GXPAXK0@Z@@YAP6GXPAXK0@ZQ6GX0K0@Z@Z 00406f19 f i libucrt:exit.obj
 0001:00005f38       ___acrt_has_user_matherr   00406f38 f   libucrt:matherr.obj
 0001:00005f50       ___acrt_initialize_user_matherr 00406f50 f   libucrt:matherr.obj
 0001:00005f5f       ___acrt_invoke_user_matherr 00406f5f f   libucrt:matherr.obj
 0001:00005fa8       ___setusermatherr          00406fa8 f   libucrt:matherr.obj
 0001:00006267       ___acrt_allocate_buffer_for_argv 00407267 f   libucrt:argv_parsing.obj
 0001:000062b6       __configure_narrow_argv    004072b6 f   libucrt:argv_parsing.obj
 0001:00006414       ??$uninitialize@A6AXAAPAPAD@Z@?$dual_state_global@PAPAD@__crt_state_management@@QAEXA6AXAAPAPAD@Z@Z 00407414 f i libucrt:environment_initialization.obj
 0001:00006414       ??$uninitialize@A6AXAAPAPA_W@Z@?$dual_state_global@PAPA_W@__crt_state_management@@QAEXA6AXAAPAPA_W@Z@Z 00407414 f i libucrt:environment_initialization.obj
 0001:0000648a       ___dcrt_uninitialize_environments_nolock 0040748a f   libucrt:environment_initialization.obj
 0001:000064c1       __initialize_narrow_environment 004074c1 f   libucrt:environment_initialization.obj
 0001:000064c6       __get_narrow_winmain_command_line 004074c6 f   libucrt:argv_winmain.obj
 0001:00006519       __initterm                 00407519 f   libucrt:initterm.obj
 0001:00006575       __initterm_e               00407575 f   libucrt:initterm.obj
 0001:000067fe       ___acrt_initialize_thread_local_exit_callback 004077fe f   libucrt:exit.obj
 0001:0000680d       __c_exit                   0040780d f   libucrt:exit.obj
 0001:0000681c       __cexit                    0040781c f   libucrt:exit.obj
 0001:0000682b       __exit                     0040782b f   libucrt:exit.obj
 0001:00006841       __register_thread_local_exe_atexit_callback 00407841 f   libucrt:exit.obj
 0001:00006879       _exit                      00407879 f   libucrt:exit.obj
 0001:0000688f       __set_fmode                0040788f f   libucrt:setmode.obj
 0001:00006930       ___acrt_set_locale_changed 00407930 f   libucrt:wsetlocale.obj
 0001:0000693b       ___acrt_uninitialize_locale 0040793b f   libucrt:wsetlocale.obj
 0001:00006964       __configthreadlocale       00407964 f   libucrt:wsetlocale.obj
 0001:000069c6       __query_new_mode           004079c6 f   libucrt:new_mode.obj
 0001:000069cc       __set_new_mode             004079cc f   libucrt:new_mode.obj
 0001:000069fb       ___p__commode              004079fb f   libucrt:ncommode.obj
 0001:00006d08       __crt_atexit               00407d08 f   libucrt:onexit.obj
 0001:00006d1e       __execute_onexit_table     00407d1e f   libucrt:onexit.obj
 0001:00006d4d       __initialize_onexit_table  00407d4d f   libucrt:onexit.obj
 0001:00006d8a       __register_onexit_function 00407d8a f   libucrt:onexit.obj
 0001:00006ecb       ___acrt_initialize         00407ecb f   libucrt:initialization.obj
 0001:00006edd       ___acrt_uninitialize       00407edd f   libucrt:initialization.obj
 0001:00006f0d       __controlfp_s              00407f0d f   libucrt:contrlfp.obj
 0001:00006f6c       _terminate                 00407f6c f   libucrt:terminate.obj
 0001:00006fa8       __free_base                00407fa8 f   libucrt:free_base.obj
 0001:00006fe2       __malloc_base              00407fe2 f   libucrt:malloc_base.obj
 0001:00007030       _strcpy_s                  00408030 f   libucrt:strcpy_s.obj
 0001:0000708a       _abort                     0040808a f   libucrt:abort.obj
 0001:000070ce       __calloc_base              004080ce f   libucrt:calloc_base.obj
 0001:0000712b       _wcsncmp                   0040812b f   libucrt:wcsncmp.obj
 0001:00007165       ??0_LocaleUpdate@@QAE@QAU__crt_locale_pointers@@@Z 00408165 f i libucrt:output.obj
 0001:000071e8       ___libm_error_support      004081e8 f   libucrt:libm_error.obj
 0001:00007400       ___acrt_initialize_sse2    00408400 f   libucrt:mathfcns.obj
 0001:00007410       __floor_default            00408410 f   libucrt:floor.obj
 0001:000074c9       ___acrt_errno_from_os_error 004084c9 f   libucrt:errno.obj
 0001:0000750c       ___acrt_errno_map_os_error 0040850c f   libucrt:errno.obj
 0001:0000752f       ___doserrno                0040852f f   libucrt:errno.obj
 0001:00007542       __errno                    00408542 f   libucrt:errno.obj
 0001:00007555       __decomp                   00408555 f   libucrt:util.obj
 0001:00007629       __set_exp                  00408629 f   libucrt:util.obj
 0001:00007658       __sptype                   00408658 f   libucrt:util.obj
 0001:000076b6       ___set_fpsr_sse2           004086b6 f   libucrt:fpctrl.obj
 0001:0000772c       __clrfp                    0040872c f   libucrt:fpctrl.obj
 0001:0000773f       __ctrlfp                   0040873f f   libucrt:fpctrl.obj
 0001:0000776b       __set_statfp               0040876b f   libucrt:fpctrl.obj
 0001:000077c6       __statfp                   004087c6 f   libucrt:fpctrl.obj
 0001:00007af2       ___acrt_getptd             00408af2 f   libucrt:per_thread_data.obj
 0001:00007ba6       ___acrt_getptd_head        00408ba6 f   libucrt:per_thread_data.obj
 0001:00007c40       ___acrt_getptd_noexit      00408c40 f   libucrt:per_thread_data.obj
 0001:00007cf3       ___acrt_initialize_ptd     00408cf3 f   libucrt:per_thread_data.obj
 0001:00007d1f       ___acrt_uninitialize_ptd   00408d1f f   libucrt:per_thread_data.obj
 0001:00007d39       ___acrt_call_reportfault   00408d39 f   libucrt:invalid_parameter.obj
 0001:00007e74       ___acrt_initialize_invalid_parameter_handler 00408e74 f   libucrt:invalid_parameter.obj
 0001:00007e83       __invalid_parameter        00408e83 f   libucrt:invalid_parameter.obj
 0001:00007efe       __invalid_parameter_noinfo 00408efe f   libucrt:invalid_parameter.obj
 0001:00007f0e       __invoke_watson            00408f0e f   libucrt:invalid_parameter.obj
 0001:000083f4       ___acrt_expand_narrow_argv_wildcards 004093f4 f   libucrt:argv_wildcards.obj
 0001:0000891d       ___acrt_initialize_multibyte 0040991d f   libucrt:mbctype.obj
 0001:00008965       ___acrt_update_thread_multibyte_data 00409965 f   libucrt:mbctype.obj
 0001:00008978       __setmbcp_nolock           00409978 f   libucrt:mbctype.obj
 0001:00008c4c       __ismbblead                00409c4c f   libucrt:ismbbyte.obj
 0001:00008c64       ___acrt_initialize_command_line 00409c64 f   libucrt:argv_data.obj
 0001:00008cb4       ___dcrt_get_narrow_environment_from_os 00409cb4 f   libucrt:get_environment_from_os.obj
 0001:00008d37       ___acrt_initialize_locks   00409d37 f   libucrt:locks.obj
 0001:00008d78       ___acrt_lock               00409d78 f   libucrt:locks.obj
 0001:00008d8f       ___acrt_uninitialize_locks 00409d8f f   libucrt:locks.obj
 0001:00008dc0       ___acrt_unlock             00409dc0 f   libucrt:locks.obj
 0001:00008dd7       ___acrt_get_process_end_policy 00409dd7 f   libucrt:win_policies.obj
 0001:00008e0a       ___acrt_lowio_create_handle_array 00409e0a f   libucrt:osfinfo.obj
 0001:00008e84       ___acrt_lowio_destroy_handle_array 00409e84 f   libucrt:osfinfo.obj
 0001:00008eb9       ___acrt_lowio_ensure_fh_exists 00409eb9 f   libucrt:osfinfo.obj
 0001:00008f4d       ___acrt_lowio_lock_fh      00409f4d f   libucrt:osfinfo.obj
 0001:00008f70       ___acrt_lowio_unlock_fh    00409f70 f   libucrt:osfinfo.obj
 0001:00008f93       __free_osfhnd              00409f93 f   libucrt:osfinfo.obj
 0001:00009024       __get_osfhandle            0040a024 f   libucrt:osfinfo.obj
 0001:000091fa       ___acrt_initialize_lowio   0040a1fa f   libucrt:ioinit.obj
 0001:00009250       ___acrt_uninitialize_lowio 0040a250 f   libucrt:ioinit.obj
 0001:0000927c       ___pctype_func             0040a27c f   libucrt:ctype.obj
 0001:000092a2       ___acrt_locale_free_monetary 0040a2a2 f   libucrt:initmon.obj
 0001:000093a0       ___acrt_locale_free_numeric 0040a3a0 f   libucrt:initnum.obj
 0001:00009441       ___acrt_locale_free_time   0040a441 f   libucrt:inittime.obj
 0001:00009525       ___acrt_GetStringTypeA     0040a525 f   libucrt:getstringtypea.obj
 0001:00009629       __freea_crt                0040a629 f i libucrt:getstringtypea.obj
 0001:00009649       ___acrt_add_locale_ref     0040a649 f   libucrt:locale_refcounting.obj
 0001:000096c6       ___acrt_free_locale        0040a6c6 f   libucrt:locale_refcounting.obj
 0001:00009810       ___acrt_locale_add_lc_time_reference 0040a810 f   libucrt:locale_refcounting.obj
 0001:00009839       ___acrt_locale_free_lc_time_if_unreferenced 0040a839 f   libucrt:locale_refcounting.obj
 0001:00009869       ___acrt_locale_release_lc_time_reference 0040a869 f   libucrt:locale_refcounting.obj
 0001:00009892       ___acrt_release_locale_ref 0040a892 f   libucrt:locale_refcounting.obj
 0001:00009913       ___acrt_update_thread_locale_data 0040a913 f   libucrt:locale_refcounting.obj
 0001:0000998a       __updatetlocinfoEx_nolock  0040a98a f   libucrt:locale_refcounting.obj
 0001:00009b58       ___acrt_AppPolicyGetProcessTerminationMethodInternal@4 0040ab58 f   libucrt:winapi_thunks.obj
 0001:00009baf       ___acrt_FlsAlloc@4         0040abaf f   libucrt:winapi_thunks.obj
 0001:00009c05       ___acrt_FlsFree@4          0040ac05 f   libucrt:winapi_thunks.obj
 0001:00009c5b       ___acrt_FlsGetValue@4      0040ac5b f   libucrt:winapi_thunks.obj
 0001:00009cb1       ___acrt_FlsSetValue@8      0040acb1 f   libucrt:winapi_thunks.obj
 0001:00009d0a       ___acrt_InitializeCriticalSectionEx@12 0040ad0a f   libucrt:winapi_thunks.obj
 0001:00009d6c       ___acrt_LCMapStringEx@36   0040ad6c f   libucrt:winapi_thunks.obj
 0001:00009de0       ___acrt_LocaleNameToLCID@8 0040ade0 f   libucrt:winapi_thunks.obj
 0001:00009e28       ___acrt_initialize_winapi_thunks 0040ae28 f   libucrt:winapi_thunks.obj
 0001:00009e64       ___acrt_uninitialize_winapi_thunks 0040ae64 f   libucrt:winapi_thunks.obj
 0001:00009e9a       __recalloc                 0040ae9a f   libucrt:recalloc.obj
 0001:00009ea5       __recalloc_base            0040aea5 f   libucrt:recalloc.obj
 0001:00009f12       ___acrt_initialize_heap    0040af12 f   libucrt:heap_handle.obj
 0001:00009f23       ___acrt_uninitialize_heap  0040af23 f   libucrt:heap_handle.obj
 0001:00009f2d       ___acrt_execute_initializers 0040af2d f   libucrt:shared_initialization.obj
 0001:00009fb0       ___acrt_execute_uninitializers 0040afb0 f   libucrt:shared_initialization.obj
 0001:00009ff8       ___acrt_initialize_new_handler 0040aff8 f   libucrt:new_handler.obj
 0001:0000a007       __callnewh                 0040b007 f   libucrt:new_handler.obj
 0001:0000a04b       __query_new_handler        0040b04b f   libucrt:new_handler.obj
 0001:0000a161       ___acrt_get_sigabrt_handler 0040b161 f   libucrt:signal.obj
 0001:0000a18a       ___acrt_initialize_signal_handlers 0040b18a f   libucrt:signal.obj
 0001:0000a1a8       ___fpecode                 0040b1a8 f   libucrt:signal.obj
 0001:0000a1b1       _raise                     0040b1b1 f   libucrt:signal.obj
 0001:0000a56e       ___acrt_stdio_flush_nolock 0040b56e f   libucrt:fflush.obj
 0001:0000a5d1       __fflush_nolock            0040b5d1 f   libucrt:fflush.obj
 0001:0000a618       __flushall                 0040b618 f   libucrt:fflush.obj
 0001:0000a621       ___acrt_initialize_stdio   0040b621 f   libucrt:_file.obj
 0001:0000a6e9       ___acrt_uninitialize_stdio 0040b6e9 f   libucrt:_file.obj
 0001:0000a735       __lock_file                0040b735 f   libucrt:_file.obj
 0001:0000a749       __unlock_file              0040b749 f   libucrt:_file.obj
 0001:0000a804       __control87                0040b804 f   libucrt:ieee87.obj
 0001:0000aba2       __mbtowc_l                 0040bba2 f   libucrt:mbtowc.obj
 0001:0000aca0       _mbtowc                    0040bca0 f   libucrt:mbtowc.obj
 0001:0000acba       ___acrt_update_locale_info 0040bcba f   libucrt:locale_update.obj
 0001:0000ace7       ___acrt_update_multibyte_info 0040bce7 f   libucrt:locale_update.obj
 0001:0000ad14       __fileno                   0040bd14 f   libucrt:fileno.obj
 0001:0000ad3a       __frnd                     0040bd3a f   libucrt:frnd.obj
 0001:0000ada0       _qsort                     0040bda0 f   libucrt:qsort.obj
 0001:0000b295       _strncpy_s                 0040c295 f   libucrt:strncpy_s.obj
 0001:0000b2a0       _strpbrk                   0040c2a0 f   libucrt:strpbrk.obj
 0001:0000b2e0       __mbsdec                   0040c2e0 f   libucrt:mbsdec.obj
 0001:0000b2f7       __mbsdec_l                 0040c2f7 f   libucrt:mbsdec.obj
 0001:0000b563       ___acrt_LCMapStringA       0040c563 f   libucrt:lcmapstringa.obj
 0001:0000b662       ___acrt_DownlevelLocaleNameToLCID 0040c662 f   libucrt:lcidtoname_downlevel.obj
 0001:0000b68e       __msize                    0040c68e f   libucrt:msize.obj
 0001:0000b699       __msize_base               0040c699 f   libucrt:msize.obj
 0001:0000b6cc       __realloc_base             0040c6cc f   libucrt:realloc_base.obj
 0001:0000b7cd       __commit                   0040c7cd f   libucrt:commit.obj
 0001:0000bded       __write                    0040cded f   libucrt:write.obj
 0001:0000bed5       __write_nolock             0040ced5 f   libucrt:write.obj
 0001:0000c0e7       __fcloseall                0040d0e7 f   libucrt:closeall.obj
 0001:0000c187       ___acrt_stdio_free_buffer_nolock 0040d187 f   libucrt:_freebuf.obj
 0001:0000c1c5       __isatty                   0040d1c5 f   libucrt:isatty.obj
 0001:0000c21b       __isleadbyte_l             0040d21b f i libucrt:_wctype.obj
 0001:0000c254       ___acrt_MultiByteToWideChar 0040d254 f   libucrt:multibytetowidechar.obj
 0001:0000c273       ___strncnt                 0040d273 f   libucrt:strncnt.obj
 0001:0000c30d       __lseeki64_nolock          0040d30d f   libucrt:lseek.obj
 0001:0000c328       __putwch_nolock            0040d328 f   libucrt:putwch.obj
 0001:0000c35c       __fclose_nolock            0040d35c f   libucrt:fclose.obj
 0001:0000c3d2       _fclose                    0040d3d2 f   libucrt:fclose.obj
 0001:0000c450       __CIlog10                  0040d450 f   libucrt:log10_impl.obj
 0001:0000c48b       __CIlog10_default          0040d48b f   libucrt:log10_impl.obj
 0001:0000c49f       __log10_default            0040d49f     libucrt:log10_impl.obj
 0001:0000c560       _ceil                      0040d560 f   libucrt:ceil_pentium4.obj
 0001:0000c5a0       __ceil_pentium4            0040d5a0 f   libucrt:ceil_pentium4.obj
 0001:0000c680       ___ascii_strnicmp          0040d680 f   libucrt:_strnicm.obj
 0001:0000c700       ___dcrt_lowio_ensure_console_output_initialized 0040d700 f   libucrt:initcon.obj
 0001:0000c71f       ___dcrt_terminate_console_output 0040d71f f   libucrt:initcon.obj
 0001:0000c736       ___dcrt_write_console_w    0040d736 f   libucrt:initcon.obj
 0001:0000c80d       __close                    0040d80d f   libucrt:close.obj
 0001:0000c89c       __close_nolock             0040d89c f   libucrt:close.obj
 0001:0000c938       ?__acrt_stdio_free_stream@@YAXV__crt_stdio_stream@@@Z 0040d938 f   libucrt:stream.obj
 0001:0000c980       __CIlog10_pentium4         0040d980 f   libucrt:log10_pentium4.obj
 0001:0000c998       __log10_pentium4           0040d998     libucrt:log10_pentium4.obj
 0001:0000cc21       __fFEXP                    0040dc21     libucrt:87tran.obj
 0001:0000cc78       __rtinfpopse               0040dc78     libucrt:87tran.obj
 0001:0000cc7a       __rtinfnpopse              0040dc7a     libucrt:87tran.obj
 0001:0000cc8a       __fFLN                     0040dc8a     libucrt:87tran.obj
 0001:0000cd3f       __rtinfpop                 0040dd3f     libucrt:87tran.obj
 0001:0000cd41       __rtinfnpop                0040dd41     libucrt:87tran.obj
 0001:0000cd5e       __ffexpm1                  0040dd5e     libucrt:87tran.obj
 0001:0000ce10       __trandisp1                0040de10 f   libucrt:87disp.obj
 0001:0000ce77       __trandisp2                0040de77 f   libucrt:87disp.obj
 0001:0000cf03       __rttospopde               0040df03     libucrt:87disp.obj
 0001:0000cf08       __rttospop                 0040df08     libucrt:87disp.obj
 0001:0000cf0a       __rtnospop                 0040df0a     libucrt:87disp.obj
 0001:0000cf0c       __rttosnpop                0040df0c     libucrt:87disp.obj
 0001:0000cf0d       __rtnospopde               0040df0d     libucrt:87disp.obj
 0001:0000cf14       __rtzeropop                0040df14     libucrt:87disp.obj
 0001:0000cf16       __rtzeronpop               0040df16     libucrt:87disp.obj
 0001:0000cf1b       __rtzerospop               0040df1b     libucrt:87disp.obj
 0001:0000cf28       __rtonepop                 0040df28     libucrt:87disp.obj
 0001:0000cf2a       __rtonenpop                0040df2a     libucrt:87disp.obj
 0001:0000cf2f       __tosnan1                  0040df2f     libucrt:87disp.obj
 0001:0000cf5a       __nosnan2                  0040df5a     libucrt:87disp.obj
 0001:0000cf5c       __tosnan2                  0040df5c     libucrt:87disp.obj
 0001:0000cf84       __nan2                     0040df84     libucrt:87disp.obj
 0001:0000cfc3       __rtindfpop                0040dfc3     libucrt:87disp.obj
 0001:0000cfc5       __rtindfnpop               0040dfc5     libucrt:87disp.obj
 0001:0000cfd6       __rttosnpopde              0040dfd6     libucrt:87disp.obj
 0001:0000cfe0       __rtatan2inf               0040dfe0     libucrt:87disp.obj
 0001:0000cffd       __rtchsifneg               0040dffd     libucrt:87disp.obj
 0001:0000d010       __twoToTOS                 0040e010 f   libucrt:common.obj
 0001:0000d025       __load_CW                  0040e025 f   libucrt:common.obj
 0001:0000d03c       __convertTOStoQNaN         0040e03c f   libucrt:common.obj
 0001:0000d055       __fload_withFB             0040e055 f   libucrt:common.obj
 0001:0000d098       __checkTOS_withFB          0040e098 f   libucrt:common.obj
 0001:0000d0ae       __fast_exit                0040e0ae f   libucrt:common.obj
 0001:0000d0bb       __math_exit                0040e0bb f   libucrt:common.obj
 0001:0000d0e5       __check_overflow_exit      0040e0e5 f   libucrt:common.obj
 0001:0000d0f9       __check_range_exit         0040e0f9 f   libucrt:common.obj
 0001:0000d1a0       __startTwoArgErrorHandling 0040e1a0 f   libucrt:genexcep.obj
 0001:0000d1b7       __startOneArgErrorHandling 0040e1b7 f   libucrt:genexcep.obj
 0001:0000d1f3       __ceil_default             0040e1f3 f   libucrt:ceil.obj
 0001:0000d2ac       __d_inttype                0040e2ac f   libucrt:powhlp.obj
 0001:0000d316       __powhlp                   0040e316 f   libucrt:powhlp.obj
 0001:0000d441       __87except                 0040e441 f   libucrt:87except.obj
 0001:0000d54c       __fpclass                  0040e54c f   libucrt:ieeemisc.obj
 0001:0000d5f0       __FindPESection            0040e5f0 f   LIBCMT:pesect.obj
 0001:0000d640       __IsNonwritableInCurrentImage 0040e640 f   LIBCMT:pesect.obj
 0001:0000d700       __ValidateImageBase        0040e700 f   LIBCMT:pesect.obj
 0001:0000d740       __aulldvrm                 0040e740 f   LIBCMT:ulldvrm.obj
 0001:0000d7e0       __SEH_prolog4_GS           0040e7e0 f   LIBCMT:_sehprolg4gs_.obj
 0001:0000d829       __SEH_epilog4_GS           0040e829 f   LIBCMT:_sehprolg4gs_.obj
 0001:0000d840       __allmul                   0040e840 f   LIBCMT:llmul.obj
 0001:0000d880       __alloca_probe_16          0040e880 f   LIBCMT:alloca16.obj
 0001:0000d896       __alloca_probe_8           0040e896     LIBCMT:alloca16.obj
 0001:0000d8b0       __alldvrm                  0040e8b0 f   LIBCMT:lldvrm.obj
 0001:0000d990       __aullshr                  0040e990 f   LIBCMT:ullshr.obj
 0001:0000d9b0       __chkstk                   0040e9b0 f   LIBCMT:chkstk.obj
 0001:0000d9b0       __alloca_probe             0040e9b0 f   LIBCMT:chkstk.obj
 0001:0000d9e0       __allshl                   0040e9e0 f   LIBCMT:llshl.obj
 0001:0000da00       __ftol2_sse                0040ea00 f   LIBCMT:_ftol2_.obj
 0001:0000da09       __ftol2_pentium4           0040ea09 f   LIBCMT:_ftol2_.obj
 0001:0000da1c       __ftol2_sse_excpt          0040ea1c f   LIBCMT:_ftol2_.obj
 0001:0000da40       __ftol2                    0040ea40 f   LIBCMT:_ftol2_.obj
 0001:0000dac0       _memcpy                    0040eac0 f   libvcruntime:memcpy.obj
 0001:0000e040       _strchr                    0040f040 f   libvcruntime:strchr.obj
 0001:0000e0ae       ___from_strstr_to_strchr   0040f0ae     libvcruntime:strchr.obj
 0001:0000e170       _memmove                   0040f170 f   libvcruntime:memmove.obj
 0001:0000e6f0       _strrchr                   0040f6f0 f   libvcruntime:strrchr.obj
 0002:00000000       __imp__PatBlt@24           00410000     gdi32:GDI32.dll
 0002:00000004       __imp__GetDeviceCaps@8     00410004     gdi32:GDI32.dll
 0002:00000008       __imp__StretchDIBits@52    00410008     gdi32:GDI32.dll
 0002:0000000c       \177GDI32_NULL_THUNK_DATA  0041000c     gdi32:GDI32.dll
 0002:00000010       __imp__GetConsoleCP@0      00410010     kernel32:KERNEL32.dll
 0002:00000014       __imp__FlushFileBuffers@4  00410014     kernel32:KERNEL32.dll
 0002:00000018       __imp__HeapReAlloc@16      00410018     kernel32:KERNEL32.dll
 0002:0000001c       __imp__HeapSize@12         0041001c     kernel32:KERNEL32.dll
 0002:00000020       __imp__GetProcessHeap@0    00410020     kernel32:KERNEL32.dll
 0002:00000024       __imp__LCMapStringW@24     00410024     kernel32:KERNEL32.dll
 0002:00000028       __imp__GetConsoleMode@8    00410028     kernel32:KERNEL32.dll
 0002:0000002c       __imp__GetStringTypeW@16   0041002c     kernel32:KERNEL32.dll
 0002:00000030       __imp__GetFileType@4       00410030     kernel32:KERNEL32.dll
 0002:00000034       __imp__SetFilePointerEx@20 00410034     kernel32:KERNEL32.dll
 0002:00000038       __imp__CreateFileW@28      00410038     kernel32:KERNEL32.dll
 0002:0000003c       __imp__DeleteCriticalSection@4 0041003c     kernel32:KERNEL32.dll
 0002:00000040       __imp__SetStdHandle@8      00410040     kernel32:KERNEL32.dll
 0002:00000044       __imp__CreateFileA@28      00410044     kernel32:KERNEL32.dll
 0002:00000048       __imp__GetFileSizeEx@8     00410048     kernel32:KERNEL32.dll
 0002:0000004c       __imp__ReadFile@20         0041004c     kernel32:KERNEL32.dll
 0002:00000050       __imp__WriteFile@20        00410050     kernel32:KERNEL32.dll
 0002:00000054       __imp__OutputDebugStringA@4 00410054     kernel32:KERNEL32.dll
 0002:00000058       __imp__CloseHandle@4       00410058     kernel32:KERNEL32.dll
 0002:0000005c       __imp__QueryPerformanceCounter@4 0041005c     kernel32:KERNEL32.dll
 0002:00000060       __imp__QueryPerformanceFrequency@4 00410060     kernel32:KERNEL32.dll
 0002:00000064       __imp__Sleep@4             00410064     kernel32:KERNEL32.dll
 0002:00000068       __imp__VirtualAlloc@16     00410068     kernel32:KERNEL32.dll
 0002:0000006c       __imp__VirtualFree@12      0041006c     kernel32:KERNEL32.dll
 0002:00000070       __imp__UnhandledExceptionFilter@4 00410070     kernel32:KERNEL32.dll
 0002:00000074       __imp__SetUnhandledExceptionFilter@4 00410074     kernel32:KERNEL32.dll
 0002:00000078       __imp__GetCurrentProcess@0 00410078     kernel32:KERNEL32.dll
 0002:0000007c       __imp__TerminateProcess@8  0041007c     kernel32:KERNEL32.dll
 0002:00000080       __imp__IsProcessorFeaturePresent@4 00410080     kernel32:KERNEL32.dll
 0002:00000084       __imp__GetCurrentProcessId@0 00410084     kernel32:KERNEL32.dll
 0002:00000088       __imp__GetCurrentThreadId@0 00410088     kernel32:KERNEL32.dll
 0002:0000008c       __imp__GetSystemTimeAsFileTime@4 0041008c     kernel32:KERNEL32.dll
 0002:00000090       __imp__InitializeSListHead@4 00410090     kernel32:KERNEL32.dll
 0002:00000094       __imp__IsDebuggerPresent@0 00410094     kernel32:KERNEL32.dll
 0002:00000098       __imp__GetStartupInfoW@4   00410098     kernel32:KERNEL32.dll
 0002:0000009c       __imp__GetModuleHandleW@4  0041009c     kernel32:KERNEL32.dll
 0002:000000a0       __imp__RtlUnwind@16        004100a0     kernel32:KERNEL32.dll
 0002:000000a4       __imp__GetLastError@0      004100a4     kernel32:KERNEL32.dll
 0002:000000a8       __imp__SetLastError@4      004100a8     kernel32:KERNEL32.dll
 0002:000000ac       __imp__EnterCriticalSection@4 004100ac     kernel32:KERNEL32.dll
 0002:000000b0       __imp__LeaveCriticalSection@4 004100b0     kernel32:KERNEL32.dll
 0002:000000b4       __imp__WriteConsoleW@20    004100b4     kernel32:KERNEL32.dll
 0002:000000b8       __imp__InitializeCriticalSectionAndSpinCount@8 004100b8     kernel32:KERNEL32.dll
 0002:000000bc       __imp__TlsAlloc@0          004100bc     kernel32:KERNEL32.dll
 0002:000000c0       __imp__TlsGetValue@4       004100c0     kernel32:KERNEL32.dll
 0002:000000c4       __imp__TlsSetValue@8       004100c4     kernel32:KERNEL32.dll
 0002:000000c8       __imp__TlsFree@4           004100c8     kernel32:KERNEL32.dll
 0002:000000cc       __imp__FreeLibrary@4       004100cc     kernel32:KERNEL32.dll
 0002:000000d0       __imp__GetProcAddress@8    004100d0     kernel32:KERNEL32.dll
 0002:000000d4       __imp__LoadLibraryExW@12   004100d4     kernel32:KERNEL32.dll
 0002:000000d8       __imp__RaiseException@16   004100d8     kernel32:KERNEL32.dll
 0002:000000dc       __imp__GetStdHandle@4      004100dc     kernel32:KERNEL32.dll
 0002:000000e0       __imp__GetModuleFileNameA@12 004100e0     kernel32:KERNEL32.dll
 0002:000000e4       __imp__MultiByteToWideChar@24 004100e4     kernel32:KERNEL32.dll
 0002:000000e8       __imp__WideCharToMultiByte@32 004100e8     kernel32:KERNEL32.dll
 0002:000000ec       __imp__ExitProcess@4       004100ec     kernel32:KERNEL32.dll
 0002:000000f0       __imp__GetModuleHandleExW@12 004100f0     kernel32:KERNEL32.dll
 0002:000000f4       __imp__GetACP@0            004100f4     kernel32:KERNEL32.dll
 0002:000000f8       __imp__HeapFree@12         004100f8     kernel32:KERNEL32.dll
 0002:000000fc       __imp__HeapAlloc@12        004100fc     kernel32:KERNEL32.dll
 0002:00000100       __imp__DecodePointer@4     00410100     kernel32:KERNEL32.dll
 0002:00000104       __imp__FindClose@4         00410104     kernel32:KERNEL32.dll
 0002:00000108       __imp__FindFirstFileExA@24 00410108     kernel32:KERNEL32.dll
 0002:0000010c       __imp__FindNextFileA@8     0041010c     kernel32:KERNEL32.dll
 0002:00000110       __imp__IsValidCodePage@4   00410110     kernel32:KERNEL32.dll
 0002:00000114       __imp__GetOEMCP@0          00410114     kernel32:KERNEL32.dll
 0002:00000118       __imp__GetCPInfo@8         00410118     kernel32:KERNEL32.dll
 0002:0000011c       __imp__GetCommandLineA@0   0041011c     kernel32:KERNEL32.dll
 0002:00000120       __imp__GetCommandLineW@0   00410120     kernel32:KERNEL32.dll
 0002:00000124       __imp__GetEnvironmentStringsW@0 00410124     kernel32:KERNEL32.dll
 0002:00000128       __imp__FreeEnvironmentStringsW@4 00410128     kernel32:KERNEL32.dll
 0002:0000012c       \177KERNEL32_NULL_THUNK_DATA 0041012c     kernel32:KERNEL32.dll
 0002:00000130       __imp__TranslateMessage@4  00410130     user32:USER32.dll
 0002:00000134       __imp__DispatchMessageA@4  00410134     user32:USER32.dll
 0002:00000138       __imp__PeekMessageA@20     00410138     user32:USER32.dll
 0002:0000013c       __imp__LoadCursorA@8       0041013c     user32:USER32.dll
 0002:00000140       __imp__ScreenToClient@8    00410140     user32:USER32.dll
 0002:00000144       __imp__GetCursorPos@4      00410144     user32:USER32.dll
 0002:00000148       __imp__GetClientRect@8     00410148     user32:USER32.dll
 0002:0000014c       __imp__EndPaint@8          0041014c     user32:USER32.dll
 0002:00000150       __imp__BeginPaint@8        00410150     user32:USER32.dll
 0002:00000154       __imp__ReleaseDC@8         00410154     user32:USER32.dll
 0002:00000158       __imp__GetDC@4             00410158     user32:USER32.dll
 0002:0000015c       __imp__SetMenuItemBitmaps@20 0041015c     user32:USER32.dll
 0002:00000160       __imp__ModifyMenuA@20      00410160     user32:USER32.dll
 0002:00000164       __imp__AppendMenuA@16      00410164     user32:USER32.dll
 0002:00000168       __imp__CreateMenu@0        00410168     user32:USER32.dll
 0002:0000016c       __imp__GetKeyState@4       0041016c     user32:USER32.dll
 0002:00000170       __imp__CreateWindowExA@48  00410170     user32:USER32.dll
 0002:00000174       __imp__RegisterClassA@4    00410174     user32:USER32.dll
 0002:00000178       __imp__DefWindowProcA@16   00410178     user32:USER32.dll
 0002:0000017c       __imp__wsprintfA           0041017c     user32:USER32.dll
 0002:00000180       \177USER32_NULL_THUNK_DATA 00410180     user32:USER32.dll
 0002:00000184       __imp__timeBeginPeriod@4   00410184     winmm:WINMM.dll
 0002:00000188       \177WINMM_NULL_THUNK_DATA  00410188     winmm:WINMM.dll
 0002:0000018c       ___guard_check_icall_fptr  0041018c     LIBCMT:guard_support.obj
 0002:00000190       ___xc_a                    00410190     LIBCMT:initializers.obj
 0002:000001ac       ___xc_z                    004101ac     LIBCMT:initializers.obj
 0002:000001b0       ___xi_a                    004101b0     LIBCMT:initializers.obj
 0002:000001bc       ___acrt_tran_sse2_initializer 004101bc     libucrt:sse2_initializer.obj
 0002:000001c0       ___acrt_multibyte_initializer 004101c0     libucrt:multibyte_initializer.obj
 0002:000001c4       ___acrt_stdio_initializer  004101c4     libucrt:stdio_initializer.obj
 0002:000001c8       ___xi_z                    004101c8     LIBCMT:initializers.obj
 0002:000001cc       ___xp_a                    004101cc     LIBCMT:initializers.obj
 0002:000001d0       ___acrt_locale_terminator  004101d0     libucrt:locale_initializer.obj
 0002:000001d4       ___dcrt_console_output_terminator 004101d4     libucrt:console_output_initializer.obj
 0002:000001d8       ___acrt_stdio_terminator   004101d8     libucrt:stdio_initializer.obj
 0002:000001dc       ___xp_z                    004101dc     LIBCMT:initializers.obj
 0002:000001e0       ___xt_a                    004101e0     LIBCMT:initializers.obj
 0002:000001e4       ___xt_z                    004101e4     LIBCMT:initializers.obj
 0002:0000058c       __real@00000000            0041058c     win32_PokemonDemo_tile_map_editor.obj
 0002:00000590       __real@3e4ccccd            00410590     win32_PokemonDemo_tile_map_editor.obj
 0002:00000594       __real@3f000000            00410594     win32_PokemonDemo_tile_map_editor.obj
 0002:00000598       __real@3f333333            00410598     win32_PokemonDemo_tile_map_editor.obj
 0002:0000059c       __real@3f800000            0041059c     win32_PokemonDemo_tile_map_editor.obj
 0002:000005a0       __real@3fb33333            004105a0     win32_PokemonDemo_tile_map_editor.obj
 0002:000005a4       __real@40000000            004105a4     win32_PokemonDemo_tile_map_editor.obj
 0002:000005a8       __real@40400000            004105a8     win32_PokemonDemo_tile_map_editor.obj
 0002:000005ac       __real@41200000            004105ac     win32_PokemonDemo_tile_map_editor.obj
 0002:000005b0       __real@41800000            004105b0     win32_PokemonDemo_tile_map_editor.obj
 0002:000005b4       __real@42480000            004105b4     win32_PokemonDemo_tile_map_editor.obj
 0002:000005b8       __real@42940000            004105b8     win32_PokemonDemo_tile_map_editor.obj
 0002:000005bc       __real@42c80000            004105bc     win32_PokemonDemo_tile_map_editor.obj
 0002:000005c0       __real@437f0000            004105c0     win32_PokemonDemo_tile_map_editor.obj
 0002:000005c4       __real@44070000            004105c4     win32_PokemonDemo_tile_map_editor.obj
 0002:000005c8       __real@44480000            004105c8     win32_PokemonDemo_tile_map_editor.obj
 0002:000005cc       __real@445d8000            004105cc     win32_PokemonDemo_tile_map_editor.obj
 0002:000005d0       __real@446d8000            004105d0     win32_PokemonDemo_tile_map_editor.obj
 0002:000005d4       __real@44700000            004105d4     win32_PokemonDemo_tile_map_editor.obj
 0002:000005d8       __real@447a0000            004105d8     win32_PokemonDemo_tile_map_editor.obj
 0002:000005dc       __real@bf800000            004105dc     win32_PokemonDemo_tile_map_editor.obj
 0002:000005e0       __xmm@41f00000000000000000000000000000 004105e0     win32_PokemonDemo_tile_map_editor.obj
 0002:00000688       ??_C@_1DM@KHCHBNEB@?$AAa?$AAp?$AAi?$AA?9?$AAm?$AAs?$AA?9?$AAw?$AAi?$AAn?$AA?9?$AAc?$AAo?$AAr?$AAe?$AA?9?$AAf?$AAi?$AAb?$AAe?$AAr?$AAs?$AA?9?$AAl?$AA1?$AA?9?$AA1?$AA?9?$AA1?$AA?$AA@ 00410688     libvcruntime:winapi_downlevel.obj
 0002:000006c4       ??_C@_1DK@LPPGFMPP@?$AAa?$AAp?$AAi?$AA?9?$AAm?$AAs?$AA?9?$AAw?$AAi?$AAn?$AA?9?$AAc?$AAo?$AAr?$AAe?$AA?9?$AAs?$AAy?$AAn?$AAc?$AAh?$AA?9?$AAl?$AA1?$AA?9?$AA2?$AA?9?$AA0?$AA?$AA@ 004106c4     libvcruntime:winapi_downlevel.obj
 0002:00000700       ??_C@_1BC@GDMECMAK@?$AAk?$AAe?$AAr?$AAn?$AAe?$AAl?$AA3?$AA2?$AA?$AA@ 00410700     libvcruntime:winapi_downlevel.obj
 0002:00000714       ??_C@_1BA@PFFKHIOG@?$AAa?$AAp?$AAi?$AA?9?$AAm?$AAs?$AA?9?$AA?$AA@ 00410714     libvcruntime:winapi_downlevel.obj
 0002:00000724       ??_C@_1BA@IAIFMGEF@?$AAe?$AAx?$AAt?$AA?9?$AAm?$AAs?$AA?9?$AA?$AA@ 00410724     libvcruntime:winapi_downlevel.obj
 0002:0000073c       ??_C@_08KNHFBNJ@FlsAlloc?$AA@ 0041073c     libvcruntime:winapi_downlevel.obj
 0002:00000750       ??_C@_07PEJMOBNF@FlsFree?$AA@ 00410750     libvcruntime:winapi_downlevel.obj
 0002:00000758       ??_C@_0M@GDNOONDI@FlsGetValue?$AA@ 00410758     libvcruntime:winapi_downlevel.obj
 0002:0000076c       ??_C@_0M@JCPCPOEF@FlsSetValue?$AA@ 0041076c     libvcruntime:winapi_downlevel.obj
 0002:00000780       ??_C@_0BM@HCFOFFN@InitializeCriticalSectionEx?$AA@ 00410780     libvcruntime:winapi_downlevel.obj
 0002:00000934       ??_C@_08EHJDFFNH@__based?$CI?$AA@ 00410934     libvcruntime:undname.obj
 0002:00000940       ??_C@_07KOLFKCDI@__cdecl?$AA@ 00410940     libvcruntime:undname.obj
 0002:00000948       ??_C@_08GHMPAG@__pascal?$AA@ 00410948     libvcruntime:undname.obj
 0002:00000954       ??_C@_09IFJBGAPI@__stdcall?$AA@ 00410954     libvcruntime:undname.obj
 0002:00000960       ??_C@_0L@NPHFGOKO@__thiscall?$AA@ 00410960     libvcruntime:undname.obj
 0002:0000096c       ??_C@_0L@JMKHOMEK@__fastcall?$AA@ 0041096c     libvcruntime:undname.obj
 0002:00000978       ??_C@_0N@BCKKPABJ@__vectorcall?$AA@ 00410978     libvcruntime:undname.obj
 0002:00000988       ??_C@_09HIJEGCPM@__clrcall?$AA@ 00410988     libvcruntime:undname.obj
 0002:00000994       ??_C@_06GHPCKEAG@__eabi?$AA@ 00410994     libvcruntime:undname.obj
 0002:0000099c       ??_C@_07JOMMBBKO@__ptr64?$AA@ 0041099c     libvcruntime:undname.obj
 0002:000009a4       ??_C@_0L@PILCLIHE@__restrict?$AA@ 004109a4     libvcruntime:undname.obj
 0002:000009b0       ??_C@_0M@GFIIJFMG@__unaligned?$AA@ 004109b0     libvcruntime:undname.obj
 0002:000009bc       ??_C@_09DHDLOLLB@restrict?$CI?$AA@ 004109bc     libvcruntime:undname.obj
 0002:000009c6       ??_C@_00CNPNBAHC@?$AA@     004109c6     libvcruntime:undname.obj
 0002:000009c8       ??_C@_04NIHEBCM@?5new?$AA@ 004109c8     libvcruntime:undname.obj
 0002:000009d0       ??_C@_07FPCDHGMM@?5delete?$AA@ 004109d0     libvcruntime:undname.obj
 0002:000009d8       ??_C@_01NEMOKFLO@?$DN?$AA@ 004109d8     libvcruntime:undname.obj
 0002:000009dc       ??_C@_02GPIOPFAK@?$DO?$DO?$AA@ 004109dc     libvcruntime:undname.obj
 0002:000009e0       ??_C@_02FODMEDOG@?$DM?$DM?$AA@ 004109e0     libvcruntime:undname.obj
 0002:000009e4       ??_C@_01DCLJPIOD@?$CB?$AA@ 004109e4     libvcruntime:undname.obj
 0002:000009e8       ??_C@_02EGOFBIJA@?$DN?$DN?$AA@ 004109e8     libvcruntime:undname.obj
 0002:000009ec       ??_C@_02FDNJECIE@?$CB?$DN?$AA@ 004109ec     libvcruntime:undname.obj
 0002:000009f0       ??_C@_02GPECMEKF@?$FL?$FN?$AA@ 004109f0     libvcruntime:undname.obj
 0002:000009f4       ??_C@_08LHJFAFGD@operator?$AA@ 004109f4     libvcruntime:undname.obj
 0002:00000a00       ??_C@_02HBOOOICD@?9?$DO?$AA@ 00410a00     libvcruntime:undname.obj
 0002:00000a04       ??_C@_01NBENCBCI@?$CK?$AA@ 00410a04     libvcruntime:undname.obj
 0002:00000a08       ??_C@_02ECNGHCIF@?$CL?$CL?$AA@ 00410a08     libvcruntime:undname.obj
 0002:00000a0c       ??_C@_02BAABKJLB@?9?9?$AA@ 00410a0c     libvcruntime:undname.obj
 0002:00000a10       ??_C@_01JOAMLHOP@?9?$AA@   00410a10     libvcruntime:undname.obj
 0002:00000a14       ??_C@_01MIFGBAGJ@?$CL?$AA@ 00410a14     libvcruntime:undname.obj
 0002:00000a18       ??_C@_01HNPIGOCE@?$CG?$AA@ 00410a18     libvcruntime:undname.obj
 0002:00000a1c       ??_C@_03MNHNFDLC@?9?$DO?$CK?$AA@ 00410a1c     libvcruntime:undname.obj
 0002:00000a20       ??_C@_01KMDKNFGN@?1?$AA@   00410a20     libvcruntime:undname.obj
 0002:00000a24       ??_C@_01FGNFDNOH@?$CF?$AA@ 00410a24     libvcruntime:undname.obj
 0002:00000a28       ??_C@_01MNNFJEPP@?$DM?$AA@ 00410a28     libvcruntime:undname.obj
 0002:00000a2c       ??_C@_02EHCHHCKH@?$DM?$DN?$AA@ 00410a2c     libvcruntime:undname.obj
 0002:00000a30       ??_C@_01PPODPGHN@?$DO?$AA@ 00410a30     libvcruntime:undname.obj
 0002:00000a34       ??_C@_02EEKDKGMJ@?$DO?$DN?$AA@ 00410a34     libvcruntime:undname.obj
 0002:00000a38       ??_C@_01IHBHIGKO@?0?$AA@   00410a38     libvcruntime:undname.obj
 0002:00000a3c       ??_C@_02HCKGKOFO@?$CI?$CJ?$AA@ 00410a3c     libvcruntime:undname.obj
 0002:00000a40       ??_C@_01PJKLJHI@?$HO?$AA@  00410a40     libvcruntime:undname.obj
 0002:00000a44       ??_C@_01JKBOJNNK@?$FO?$AA@ 00410a44     libvcruntime:undname.obj
 0002:00000a48       ??_C@_01DNKMNLPK@?$HM?$AA@ 00410a48     libvcruntime:undname.obj
 0002:00000a4c       ??_C@_02PPKAJPJL@?$CG?$CG?$AA@ 00410a4c     libvcruntime:undname.obj
 0002:00000a50       ??_C@_02NONPIBCD@?$HM?$HM?$AA@ 00410a50     libvcruntime:undname.obj
 0002:00000a54       ??_C@_02FPIMKNGF@?$CK?$DN?$AA@ 00410a54     libvcruntime:undname.obj
 0002:00000a58       ??_C@_02FOEOMHFC@?$CL?$DN?$AA@ 00410a58     libvcruntime:undname.obj
 0002:00000a5c       ??_C@_02FKMDLLOA@?9?$DN?$AA@ 00410a5c     libvcruntime:undname.obj
 0002:00000a60       ??_C@_02FJEHGPIO@?1?$DN?$AA@ 00410a60     libvcruntime:undname.obj
 0002:00000a64       ??_C@_02FENAOKFI@?$CF?$DN?$AA@ 00410a64     libvcruntime:undname.obj
 0002:00000a68       ??_C@_03IKFCCPFF@?$DO?$DO?$DN?$AA@ 00410a68     libvcruntime:undname.obj
 0002:00000a6c       ??_C@_03CDNPDDLA@?$DM?$DM?$DN?$AA@ 00410a6c     libvcruntime:undname.obj
 0002:00000a70       ??_C@_02FGJGFEAB@?$CG?$DN?$AA@ 00410a70     libvcruntime:undname.obj
 0002:00000a74       ??_C@_02DHLNPPGH@?$HM?$DN?$AA@ 00410a74     libvcruntime:undname.obj
 0002:00000a78       ??_C@_02MHEGNOJ@?$FO?$DN?$AA@ 00410a78     libvcruntime:undname.obj
 0002:00000a7c       ??_C@_09IFPLHPGF@?$GAvftable?8?$AA@ 00410a7c     libvcruntime:undname.obj
 0002:00000a88       ??_C@_09BLBHBJP@?$GAvbtable?8?$AA@ 00410a88     libvcruntime:undname.obj
 0002:00000a94       ??_C@_07FEEIOKP@?$GAvcall?8?$AA@ 00410a94     libvcruntime:undname.obj
 0002:00000a9c       ??_C@_08LLFFHHDJ@?$GAtypeof?8?$AA@ 00410a9c     libvcruntime:undname.obj
 0002:00000aa8       ??_C@_0BF@KDPPACIK@?$GAlocal?5static?5guard?8?$AA@ 00410aa8     libvcruntime:undname.obj
 0002:00000ac0       ??_C@_08OBABFOLI@?$GAstring?8?$AA@ 00410ac0     libvcruntime:undname.obj
 0002:00000acc       ??_C@_0BD@JDLKDPAB@?$GAvbase?5destructor?8?$AA@ 00410acc     libvcruntime:undname.obj
 0002:00000ae0       ??_C@_0BN@DEGPLNFK@?$GAvector?5deleting?5destructor?8?$AA@ 00410ae0     libvcruntime:undname.obj
 0002:00000b00       ??_C@_0BO@OBMKPJIG@?$GAdefault?5constructor?5closure?8?$AA@ 00410b00     libvcruntime:undname.obj
 0002:00000b20       ??_C@_0BN@IMDCHIKM@?$GAscalar?5deleting?5destructor?8?$AA@ 00410b20     libvcruntime:undname.obj
 0002:00000b40       ??_C@_0BO@PFGOCPJJ@?$GAvector?5constructor?5iterator?8?$AA@ 00410b40     libvcruntime:undname.obj
 0002:00000b60       ??_C@_0BN@LFPFMEDL@?$GAvector?5destructor?5iterator?8?$AA@ 00410b60     libvcruntime:undname.obj
 0002:00000b80       ??_C@_0CE@IKBNEHA@?$GAvector?5vbase?5constructor?5iterat@ 00410b80     libvcruntime:undname.obj
 0002:00000ba4       ??_C@_0BL@NILFHHPC@?$GAvirtual?5displacement?5map?8?$AA@ 00410ba4     libvcruntime:undname.obj
 0002:00000bc0       ??_C@_0CB@JONCMFFK@?$GAeh?5vector?5constructor?5iterator?8@ 00410bc0     libvcruntime:undname.obj
 0002:00000be4       ??_C@_0CA@GCEOPDGL@?$GAeh?5vector?5destructor?5iterator?8?$AA@ 00410be4     libvcruntime:undname.obj
 0002:00000c04       ??_C@_0CH@OOJPLCPH@?$GAeh?5vector?5vbase?5constructor?5ite@ 00410c04     libvcruntime:undname.obj
 0002:00000c2c       ??_C@_0BL@LLKPOHJI@?$GAcopy?5constructor?5closure?8?$AA@ 00410c2c     libvcruntime:undname.obj
 0002:00000c48       ??_C@_0BA@KBCDOMBN@?$GAudt?5returning?8?$AA@ 00410c48     libvcruntime:undname.obj
 0002:00000c58       ??_C@_03KLGMFNMG@?$GAEH?$AA@ 00410c58     libvcruntime:undname.obj
 0002:00000c5c       ??_C@_05KHLCHHI@?$GARTTI?$AA@ 00410c5c     libvcruntime:undname.obj
 0002:00000c64       ??_C@_0BA@KKLDJDLB@?$GAlocal?5vftable?8?$AA@ 00410c64     libvcruntime:undname.obj
 0002:00000c74       ??_C@_0CE@IIHCMGGL@?$GAlocal?5vftable?5constructor?5closu@ 00410c74     libvcruntime:undname.obj
 0002:00000c98       ??_C@_06FHBGPFGH@?5new?$FL?$FN?$AA@ 00410c98     libvcruntime:undname.obj
 0002:00000ca0       ??_C@_09LBNFPBCA@?5delete?$FL?$FN?$AA@ 00410ca0     libvcruntime:undname.obj
 0002:00000cac       ??_C@_0P@HJKNJFNN@?$GAomni?5callsig?8?$AA@ 00410cac     libvcruntime:undname.obj
 0002:00000cbc       ??_C@_0BL@CNOONJFP@?$GAplacement?5delete?5closure?8?$AA@ 00410cbc     libvcruntime:undname.obj
 0002:00000cd8       ??_C@_0BN@CKNJLHMB@?$GAplacement?5delete?$FL?$FN?5closure?8?$AA@ 00410cd8     libvcruntime:undname.obj
 0002:00000cf8       ??_C@_0CG@CFDHKGGD@?$GAmanaged?5vector?5constructor?5iter@ 00410cf8     libvcruntime:undname.obj
 0002:00000d20       ??_C@_0CF@IMGKMJNO@?$GAmanaged?5vector?5destructor?5itera@ 00410d20     libvcruntime:undname.obj
 0002:00000d48       ??_C@_0CG@HLDDJMAG@?$GAeh?5vector?5copy?5constructor?5iter@ 00410d48     libvcruntime:undname.obj
 0002:00000d70       ??_C@_0CM@FCBBDIGB@?$GAeh?5vector?5vbase?5copy?5constructo@ 00410d70     libvcruntime:undname.obj
 0002:00000d9c       ??_C@_0BL@CLIPGLGB@?$GAdynamic?5initializer?5for?5?8?$AA@ 00410d9c     libvcruntime:undname.obj
 0002:00000db8       ??_C@_0CB@PDBIFEP@?$GAdynamic?5atexit?5destructor?5for?5?8@ 00410db8     libvcruntime:undname.obj
 0002:00000ddc       ??_C@_0CD@CGAJBKEJ@?$GAvector?5copy?5constructor?5iterato@ 00410ddc     libvcruntime:undname.obj
 0002:00000e00       ??_C@_0CJ@GJELGAMM@?$GAvector?5vbase?5copy?5constructor?5i@ 00410e00     libvcruntime:undname.obj
 0002:00000e2c       ??_C@_0CL@FGIJHLCE@?$GAmanaged?5vector?5copy?5constructor@ 00410e2c     libvcruntime:undname.obj
 0002:00000e58       ??_C@_0BM@PMGGMLDN@?$GAlocal?5static?5thread?5guard?8?$AA@ 00410e58     libvcruntime:undname.obj
 0002:00000e74       ??_C@_0N@BDNMDMOL@operator?5?$CC?$CC?5?$AA@ 00410e74     libvcruntime:undname.obj
 0002:00000e84       ??_C@_0BC@GGEBGALA@operator?5co_await?$AA@ 00410e84     libvcruntime:undname.obj
 0002:00000e98       ??_C@_0BC@DAFEJGAK@?5Type?5Descriptor?8?$AA@ 00410e98     libvcruntime:undname.obj
 0002:00000eac       ??_C@_0BM@LDKODKLH@?5Base?5Class?5Descriptor?5at?5?$CI?$AA@ 00410eac     libvcruntime:undname.obj
 0002:00000ec8       ??_C@_0BD@LGICGFMM@?5Base?5Class?5Array?8?$AA@ 00410ec8     libvcruntime:undname.obj
 0002:00000edc       ??_C@_0BN@MECKDCOJ@?5Class?5Hierarchy?5Descriptor?8?$AA@ 00410edc     libvcruntime:undname.obj
 0002:00000efc       ??_C@_0BK@CFCOFLF@?5Complete?5Object?5Locator?8?$AA@ 00410efc     libvcruntime:undname.obj
 0002:00001058       ??_C@_03KHJOGHMM@exp?$AA@  00411058     libucrt:fpexcept.obj
 0002:0000105c       ??_C@_03JGHBODFD@pow?$AA@  0041105c     libucrt:fpexcept.obj
 0002:00001060       ??_C@_03MGHMBJCF@log?$AA@  00411060     libucrt:fpexcept.obj
 0002:00001064       ??_C@_05HGHHAHAP@log10?$AA@ 00411064     libucrt:fpexcept.obj
 0002:0000106c       ??_C@_04COOMCNPB@sinh?$AA@ 0041106c     libucrt:fpexcept.obj
 0002:00001074       ??_C@_04HPJJNFIM@cosh?$AA@ 00411074     libucrt:fpexcept.obj
 0002:0000107c       ??_C@_04FJHINJAO@tanh?$AA@ 0041107c     libucrt:fpexcept.obj
 0002:00001084       ??_C@_04FIHNOPOL@asin?$AA@ 00411084     libucrt:fpexcept.obj
 0002:0000108c       ??_C@_04PDIFKINK@acos?$AA@ 0041108c     libucrt:fpexcept.obj
 0002:00001094       ??_C@_04MLLJIGOK@atan?$AA@ 00411094     libucrt:fpexcept.obj
 0002:0000109c       ??_C@_05KNGEOGJB@atan2?$AA@ 0041109c     libucrt:fpexcept.obj
 0002:000010a4       ??_C@_04EIAKFFMI@sqrt?$AA@ 004110a4     libucrt:fpexcept.obj
 0002:000010ac       ??_C@_03BLEJJJBH@sin?$AA@  004110ac     libucrt:fpexcept.obj
 0002:000010b0       ??_C@_03LALBNOCG@cos?$AA@  004110b0     libucrt:fpexcept.obj
 0002:000010b4       ??_C@_03IIINPABG@tan?$AA@  004110b4     libucrt:fpexcept.obj
 0002:000010b8       ??_C@_04GFPJNGEK@ceil?$AA@ 004110b8     libucrt:fpexcept.obj
 0002:000010c0       ??_C@_05PBJFFIGL@floor?$AA@ 004110c0     libucrt:fpexcept.obj
 0002:000010c8       ??_C@_04ODHECPBC@fabs?$AA@ 004110c8     libucrt:fpexcept.obj
 0002:000010d0       ??_C@_04EHEDPDJG@modf?$AA@ 004110d0     libucrt:fpexcept.obj
 0002:000010d8       ??_C@_05CEJMAHNP@ldexp?$AA@ 004110d8     libucrt:fpexcept.obj
 0002:000010e0       ??_C@_05KBKMEMPO@_cabs?$AA@ 004110e0     libucrt:fpexcept.obj
 0002:000010e8       ??_C@_06MEIMCGCF@_hypot?$AA@ 004110e8     libucrt:fpexcept.obj
 0002:000010f0       ??_C@_04KEPJIHGP@fmod?$AA@ 004110f0     libucrt:fpexcept.obj
 0002:000010f8       ??_C@_05GKKHEGJL@frexp?$AA@ 004110f8     libucrt:fpexcept.obj
 0002:00001100       ??_C@_03MJLDFKDL@_y0?$AA@  00411100     libucrt:fpexcept.obj
 0002:00001104       ??_C@_03NAKIGLHK@_y1?$AA@  00411104     libucrt:fpexcept.obj
 0002:00001108       ??_C@_03ONILCKOB@_yn?$AA@  00411108     libucrt:fpexcept.obj
 0002:0000110c       ??_C@_05JGDBENOH@_logb?$AA@ 0041110c     libucrt:fpexcept.obj
 0002:00001114       ??_C@_0L@KDOEJCKC@_nextafter?$AA@ 00411114     libucrt:fpexcept.obj
 0002:00001120       ___acrt_exception_action_table 00411120     libucrt:exception_filter.obj
 0002:000011b0       ___acrt_signal_action_table_count 004111b0     libucrt:exception_filter.obj
 0002:000011b4       ___acrt_signal_action_first_fpe_index 004111b4     libucrt:exception_filter.obj
 0002:000011b8       ___acrt_signal_action_fpe_count 004111b8     libucrt:exception_filter.obj
 0002:000011bc       ??_C@_1BI@BGOHAHKC@?$AAm?$AAs?$AAc?$AAo?$AAr?$AAe?$AAe?$AA?4?$AAd?$AAl?$AAl?$AA?$AA@ 004111bc     libucrt:exit.obj
 0002:000011d4       ??_C@_0P@MIGLKIOC@CorExitProcess?$AA@ 004111d4     libucrt:exit.obj
 0002:00001268       __real@3ff0000000000000    00411268     libucrt:libm_error.obj
 0002:000013d0       __d_inf                    004113d0     libucrt:util.obj
 0002:000013d8       __d_max                    004113d8     libucrt:util.obj
 0002:000013e0       __d_mzero                  004113e0     libucrt:util.obj
 0002:00001410       ??_C@_1M@HPNHIDJI@?$AAj?$AAa?$AA?9?$AAJ?$AAP?$AA?$AA@ 00411410     libucrt:mbctype.obj
 0002:0000141c       ??_C@_1M@BIBDDEMK@?$AAz?$AAh?$AA?9?$AAC?$AAN?$AA?$AA@ 0041141c     libucrt:mbctype.obj
 0002:00001428       ??_C@_1M@JLOOOEGK@?$AAk?$AAo?$AA?9?$AAK?$AAR?$AA?$AA@ 00411428     libucrt:mbctype.obj
 0002:00001434       ??_C@_1M@CLNBBOPM@?$AAz?$AAh?$AA?9?$AAT?$AAW?$AA?$AA@ 00411434     libucrt:mbctype.obj
 0002:00001440       ___newctype                00411440     libucrt:ctype.obj
 0002:00001740       ___newclmap                00411740     libucrt:ctype.obj
 0002:000018c0       ___newcumap                004118c0     libucrt:ctype.obj
 0002:00001a40       ??_C@_03KOEHGMDN@Sun?$AA@  00411a40     libucrt:nlsdata.obj
 0002:00001a44       ??_C@_03PDAGKDH@Mon?$AA@   00411a44     libucrt:nlsdata.obj
 0002:00001a48       ??_C@_03NAGEINEP@Tue?$AA@  00411a48     libucrt:nlsdata.obj
 0002:00001a4c       ??_C@_03MHOMLAJA@Wed?$AA@  00411a4c     libucrt:nlsdata.obj
 0002:00001a50       ??_C@_03IOFIKPDN@Thu?$AA@  00411a50     libucrt:nlsdata.obj
 0002:00001a54       ??_C@_03IDIOELNC@Fri?$AA@  00411a54     libucrt:nlsdata.obj
 0002:00001a58       ??_C@_03FEFJNEK@Sat?$AA@   00411a58     libucrt:nlsdata.obj
 0002:00001a5c       ??_C@_06OOPIFAJ@Sunday?$AA@ 00411a5c     libucrt:nlsdata.obj
 0002:00001a64       ??_C@_06JLEDEDGH@Monday?$AA@ 00411a64     libucrt:nlsdata.obj
 0002:00001a6c       ??_C@_07BAAGCFCM@Tuesday?$AA@ 00411a6c     libucrt:nlsdata.obj
 0002:00001a74       ??_C@_09DLIGFAKA@Wednesday?$AA@ 00411a74     libucrt:nlsdata.obj
 0002:00001a80       ??_C@_08HACCIKIA@Thursday?$AA@ 00411a80     libucrt:nlsdata.obj
 0002:00001a8c       ??_C@_06JECMNKMI@Friday?$AA@ 00411a8c     libucrt:nlsdata.obj
 0002:00001a94       ??_C@_08INBOOONO@Saturday?$AA@ 00411a94     libucrt:nlsdata.obj
 0002:00001aa0       ??_C@_03JIHJHPIE@Jan?$AA@  00411aa0     libucrt:nlsdata.obj
 0002:00001aa4       ??_C@_03HJBDCHOM@Feb?$AA@  00411aa4     libucrt:nlsdata.obj
 0002:00001aa8       ??_C@_03ODNJBKGA@Mar?$AA@  00411aa8     libucrt:nlsdata.obj
 0002:00001aac       ??_C@_03LEOLGMJP@Apr?$AA@  00411aac     libucrt:nlsdata.obj
 0002:00001ab0       ??_C@_03CNMDKL@May?$AA@    00411ab0     libucrt:nlsdata.obj
 0002:00001ab4       ??_C@_03IDFGHECI@Jun?$AA@  00411ab4     libucrt:nlsdata.obj
 0002:00001ab8       ??_C@_03LBGABGKK@Jul?$AA@  00411ab8     libucrt:nlsdata.obj
 0002:00001abc       ??_C@_03IFJFEIGA@Aug?$AA@  00411abc     libucrt:nlsdata.obj
 0002:00001ac0       ??_C@_03GGCAPAJC@Sep?$AA@  00411ac0     libucrt:nlsdata.obj
 0002:00001ac4       ??_C@_03BMAOKBAD@Oct?$AA@  00411ac4     libucrt:nlsdata.obj
 0002:00001ac8       ??_C@_03JPJOFNIA@Nov?$AA@  00411ac8     libucrt:nlsdata.obj
 0002:00001acc       ??_C@_03MKABNOCG@Dec?$AA@  00411acc     libucrt:nlsdata.obj
 0002:00001ad0       ??_C@_07CGJPFGJA@January?$AA@ 00411ad0     libucrt:nlsdata.obj
 0002:00001ad8       ??_C@_08GNJGEPFN@February?$AA@ 00411ad8     libucrt:nlsdata.obj
 0002:00001ae4       ??_C@_05HPCKOFNC@March?$AA@ 00411ae4     libucrt:nlsdata.obj
 0002:00001aec       ??_C@_05DMJDNLEJ@April?$AA@ 00411aec     libucrt:nlsdata.obj
 0002:00001af4       ??_C@_04CNLMGBGM@June?$AA@ 00411af4     libucrt:nlsdata.obj
 0002:00001afc       ??_C@_04MIEPOIFP@July?$AA@ 00411afc     libucrt:nlsdata.obj
 0002:00001b04       ??_C@_06LBBHFDDG@August?$AA@ 00411b04     libucrt:nlsdata.obj
 0002:00001b0c       ??_C@_09BHHEALKD@September?$AA@ 00411b0c     libucrt:nlsdata.obj
 0002:00001b18       ??_C@_07JJNFCEND@October?$AA@ 00411b18     libucrt:nlsdata.obj
 0002:00001b20       ??_C@_08HCHEGEOA@November?$AA@ 00411b20     libucrt:nlsdata.obj
 0002:00001b2c       ??_C@_08EDHMEBNP@December?$AA@ 00411b2c     libucrt:nlsdata.obj
 0002:00001b38       ??_C@_02DEDBPAFC@AM?$AA@   00411b38     libucrt:nlsdata.obj
 0002:00001b3c       ??_C@_02CJNFDJBF@PM?$AA@   00411b3c     libucrt:nlsdata.obj
 0002:00001b40       ??_C@_08BPBNCDIB@MM?1dd?1yy?$AA@ 00411b40     libucrt:nlsdata.obj
 0002:00001b4c       ??_C@_0BE@CKGJFCPC@dddd?0?5MMMM?5dd?0?5yyyy?$AA@ 00411b4c     libucrt:nlsdata.obj
 0002:00001b60       ??_C@_08JCCMCCIL@HH?3mm?3ss?$AA@ 00411b60     libucrt:nlsdata.obj
 0002:00001b6c       ??_C@_17MBGCMIPB@?$AAS?$AAu?$AAn?$AA?$AA@ 00411b6c     libucrt:nlsdata.obj
 0002:00001b74       ??_C@_17KBOMKBF@?$AAM?$AAo?$AAn?$AA?$AA@ 00411b74     libucrt:nlsdata.obj
 0002:00001b7c       ??_C@_17BMKGEGOJ@?$AAT?$AAu?$AAe?$AA?$AA@ 00411b7c     libucrt:nlsdata.obj
 0002:00001b84       ??_C@_17CJEDCEPE@?$AAW?$AAe?$AAd?$AA?$AA@ 00411b84     libucrt:nlsdata.obj
 0002:00001b8c       ??_C@_17PDPHAADD@?$AAT?$AAh?$AAu?$AA?$AA@ 00411b8c     libucrt:nlsdata.obj
 0002:00001b94       ??_C@_17HFOLPPLP@?$AAF?$AAr?$AAi?$AA?$AA@ 00411b94     libucrt:nlsdata.obj
 0002:00001b9c       ??_C@_17GGIBDPIH@?$AAS?$AAa?$AAt?$AA?$AA@ 00411b9c     libucrt:nlsdata.obj
 0002:00001ba4       ??_C@_1O@IHNHDHPB@?$AAS?$AAu?$AAn?$AAd?$AAa?$AAy?$AA?$AA@ 00411ba4     libucrt:nlsdata.obj
 0002:00001bb4       ??_C@_1O@MMNBFLIA@?$AAM?$AAo?$AAn?$AAd?$AAa?$AAy?$AA?$AA@ 00411bb4     libucrt:nlsdata.obj
 0002:00001bc4       ??_C@_1BA@ENFBFFEK@?$AAT?$AAu?$AAe?$AAs?$AAd?$AAa?$AAy?$AA?$AA@ 00411bc4     libucrt:nlsdata.obj
 0002:00001bd4       ??_C@_1BE@EBOGMDOH@?$AAW?$AAe?$AAd?$AAn?$AAe?$AAs?$AAd?$AAa?$AAy?$AA?$AA@ 00411bd4     libucrt:nlsdata.obj
 0002:00001be8       ??_C@_1BC@HHMNLIHE@?$AAT?$AAh?$AAu?$AAr?$AAs?$AAd?$AAa?$AAy?$AA?$AA@ 00411be8     libucrt:nlsdata.obj
 0002:00001bfc       ??_C@_1O@PDICJHAG@?$AAF?$AAr?$AAi?$AAd?$AAa?$AAy?$AA?$AA@ 00411bfc     libucrt:nlsdata.obj
 0002:00001c0c       ??_C@_1BC@ENMNNPAJ@?$AAS?$AAa?$AAt?$AAu?$AAr?$AAd?$AAa?$AAy?$AA?$AA@ 00411c0c     libucrt:nlsdata.obj
 0002:00001c20       ??_C@_17DKNBKCHM@?$AAJ?$AAa?$AAn?$AA?$AA@ 00411c20     libucrt:nlsdata.obj
 0002:00001c28       ??_C@_17LMDJEKJN@?$AAF?$AAe?$AAb?$AA?$AA@ 00411c28     libucrt:nlsdata.obj
 0002:00001c30       ??_C@_17CKNLEDEC@?$AAM?$AAa?$AAr?$AA?$AA@ 00411c30     libucrt:nlsdata.obj
 0002:00001c38       ??_C@_17LFPOIHDD@?$AAA?$AAp?$AAr?$AA?$AA@ 00411c38     libucrt:nlsdata.obj
 0002:00001c40       ??_C@_17PNNKMEED@?$AAM?$AAa?$AAy?$AA?$AA@ 00411c40     libucrt:nlsdata.obj
 0002:00001c48       ??_C@_17KCJGOCPB@?$AAJ?$AAu?$AAn?$AA?$AA@ 00411c48     libucrt:nlsdata.obj
 0002:00001c50       ??_C@_17IJPCKHK@?$AAJ?$AAu?$AAl?$AA?$AA@ 00411c50     libucrt:nlsdata.obj
 0002:00001c58       ??_C@_17ICPELBCN@?$AAA?$AAu?$AAg?$AA?$AA@ 00411c58     libucrt:nlsdata.obj
 0002:00001c60       ??_C@_17HCHCOKMG@?$AAS?$AAe?$AAp?$AA?$AA@ 00411c60     libucrt:nlsdata.obj
 0002:00001c68       ??_C@_17FNLKOI@?$AAO?$AAc?$AAt?$AA?$AA@ 00411c68     libucrt:nlsdata.obj
 0002:00001c70       ??_C@_17BBDMLCIG@?$AAN?$AAo?$AAv?$AA?$AA@ 00411c70     libucrt:nlsdata.obj
 0002:00001c78       ??_C@_17EGKACKIF@?$AAD?$AAe?$AAc?$AA?$AA@ 00411c78     libucrt:nlsdata.obj
 0002:00001c80       ??_C@_1BA@EFMEIEBA@?$AAJ?$AAa?$AAn?$AAu?$AAa?$AAr?$AAy?$AA?$AA@ 00411c80     libucrt:nlsdata.obj
 0002:00001c90       ??_C@_1BC@JGDDFFAM@?$AAF?$AAe?$AAb?$AAr?$AAu?$AAa?$AAr?$AAy?$AA?$AA@ 00411c90     libucrt:nlsdata.obj
 0002:00001ca4       ??_C@_1M@IKEENEDF@?$AAM?$AAa?$AAr?$AAc?$AAh?$AA?$AA@ 00411ca4     libucrt:nlsdata.obj
 0002:00001cb0       ??_C@_1M@GJNLMHFD@?$AAA?$AAp?$AAr?$AAi?$AAl?$AA?$AA@ 00411cb0     libucrt:nlsdata.obj
 0002:00001cbc       ??_C@_19EPFLPGAP@?$AAJ?$AAu?$AAn?$AAe?$AA?$AA@ 00411cbc     libucrt:nlsdata.obj
 0002:00001cc8       ??_C@_19BIFMLPCD@?$AAJ?$AAu?$AAl?$AAy?$AA?$AA@ 00411cc8     libucrt:nlsdata.obj
 0002:00001cd4       ??_C@_1O@PAHLKOAC@?$AAA?$AAu?$AAg?$AAu?$AAs?$AAt?$AA?$AA@ 00411cd4     libucrt:nlsdata.obj
 0002:00001ce4       ??_C@_1BE@DKAAMBJL@?$AAS?$AAe?$AAp?$AAt?$AAe?$AAm?$AAb?$AAe?$AAr?$AA?$AA@ 00411ce4     libucrt:nlsdata.obj
 0002:00001cf8       ??_C@_1BA@EPANDLNG@?$AAO?$AAc?$AAt?$AAo?$AAb?$AAe?$AAr?$AA?$AA@ 00411cf8     libucrt:nlsdata.obj
 0002:00001d08       ??_C@_1BC@BGLIFPF@?$AAN?$AAo?$AAv?$AAe?$AAm?$AAb?$AAe?$AAr?$AA?$AA@ 00411d08     libucrt:nlsdata.obj
 0002:00001d1c       ??_C@_1BC@FEMKIFH@?$AAD?$AAe?$AAc?$AAe?$AAm?$AAb?$AAe?$AAr?$AA?$AA@ 00411d1c     libucrt:nlsdata.obj
 0002:00001d30       ??_C@_15ODEHAHHF@?$AAA?$AAM?$AA?$AA@ 00411d30     libucrt:nlsdata.obj
 0002:00001d38       ??_C@_15CLMNNGEL@?$AAP?$AAM?$AA?$AA@ 00411d38     libucrt:nlsdata.obj
 0002:00001d40       ??_C@_1BC@IEBCMHCM@?$AAM?$AAM?$AA?1?$AAd?$AAd?$AA?1?$AAy?$AAy?$AA?$AA@ 00411d40     libucrt:nlsdata.obj
 0002:00001d54       ??_C@_1CI@KNAKOEBC@?$AAd?$AAd?$AAd?$AAd?$AA?0?$AA?5?$AAM?$AAM?$AAM?$AAM?$AA?5?$AAd?$AAd?$AA?0?$AA?5?$AAy?$AAy?$AAy?$AAy?$AA?$AA@ 00411d54     libucrt:nlsdata.obj
 0002:00001d7c       ??_C@_1BC@GDGBMEMK@?$AAH?$AAH?$AA?3?$AAm?$AAm?$AA?3?$AAs?$AAs?$AA?$AA@ 00411d7c     libucrt:nlsdata.obj
 0002:00001d90       ??_C@_1M@BMHNFIME@?$AAe?$AAn?$AA?9?$AAU?$AAS?$AA?$AA@ 00411d90     libucrt:nlsdata.obj
 0002:00001da0       ___lc_time_c               00411da0     libucrt:nlsdata.obj
 0002:00001f04       ??_C@_15PJPFLCCM@?$AAu?$AAk?$AA?$AA@ 00411f04     libucrt:get_qualified_locale.obj
 0002:00001f60       ??_C@_1EA@JGEFHKEI@?$AAa?$AAp?$AAi?$AA?9?$AAm?$AAs?$AA?9?$AAw?$AAi?$AAn?$AA?9?$AAc?$AAo?$AAr?$AAe?$AA?9?$AAd?$AAa?$AAt?$AAe?$AAt?$AAi?$AAm?$AAe?$AA?9?$AAl?$AA1?$AA?9?$AA1?$AA?9?$AA1?$AA?$AA@ 00411f60     libucrt:winapi_thunks.obj
 0002:00001fa0       ??_C@_1DI@IJCEHOCB@?$AAa?$AAp?$AAi?$AA?9?$AAm?$AAs?$AA?9?$AAw?$AAi?$AAn?$AA?9?$AAc?$AAo?$AAr?$AAe?$AA?9?$AAf?$AAi?$AAl?$AAe?$AA?9?$AAl?$AA1?$AA?9?$AA2?$AA?9?$AA2?$AA?$AA@ 00411fa0     libucrt:winapi_thunks.obj
 0002:00001fd8       ??_C@_1EI@MPIAOHOC@?$AAa?$AAp?$AAi?$AA?9?$AAm?$AAs?$AA?9?$AAw?$AAi?$AAn?$AA?9?$AAc?$AAo?$AAr?$AAe?$AA?9?$AAl?$AAo?$AAc?$AAa?$AAl?$AAi?$AAz?$AAa?$AAt?$AAi?$AAo?$AAn?$AA?9?$AAl?$AA1?$AA?9@ 00411fd8     libucrt:winapi_thunks.obj
 0002:00002020       ??_C@_1FK@FPHCKFIE@?$AAa?$AAp?$AAi?$AA?9?$AAm?$AAs?$AA?9?$AAw?$AAi?$AAn?$AA?9?$AAc?$AAo?$AAr?$AAe?$AA?9?$AAl?$AAo?$AAc?$AAa?$AAl?$AAi?$AAz?$AAa?$AAt?$AAi?$AAo?$AAn?$AA?9?$AAo?$AAb?$AAs@ 00412020     libucrt:winapi_thunks.obj
 0002:00002080       ??_C@_1EM@DILCGIIO@?$AAa?$AAp?$AAi?$AA?9?$AAm?$AAs?$AA?9?$AAw?$AAi?$AAn?$AA?9?$AAc?$AAo?$AAr?$AAe?$AA?9?$AAp?$AAr?$AAo?$AAc?$AAe?$AAs?$AAs?$AAt?$AAh?$AAr?$AAe?$AAa?$AAd?$AAs?$AA?9?$AAl@ 00412080     libucrt:winapi_thunks.obj
 0002:000020cc       ??_C@_1DM@LNCGDDPN@?$AAa?$AAp?$AAi?$AA?9?$AAm?$AAs?$AA?9?$AAw?$AAi?$AAn?$AA?9?$AAc?$AAo?$AAr?$AAe?$AA?9?$AAs?$AAt?$AAr?$AAi?$AAn?$AAg?$AA?9?$AAl?$AA1?$AA?9?$AA1?$AA?9?$AA0?$AA?$AA@ 004120cc     libucrt:winapi_thunks.obj
 0002:00002108       ??_C@_1DO@FPAPJEMD@?$AAa?$AAp?$AAi?$AA?9?$AAm?$AAs?$AA?9?$AAw?$AAi?$AAn?$AA?9?$AAc?$AAo?$AAr?$AAe?$AA?9?$AAs?$AAy?$AAs?$AAi?$AAn?$AAf?$AAo?$AA?9?$AAl?$AA1?$AA?9?$AA2?$AA?9?$AA1?$AA?$AA@ 00412108     libucrt:winapi_thunks.obj
 0002:00002148       ??_C@_1DK@NDHNAHIO@?$AAa?$AAp?$AAi?$AA?9?$AAm?$AAs?$AA?9?$AAw?$AAi?$AAn?$AA?9?$AAc?$AAo?$AAr?$AAe?$AA?9?$AAw?$AAi?$AAn?$AAr?$AAt?$AA?9?$AAl?$AA1?$AA?9?$AA1?$AA?9?$AA0?$AA?$AA@ 00412148     libucrt:winapi_thunks.obj
 0002:00002184       ??_C@_1DM@KGHDGBCM@?$AAa?$AAp?$AAi?$AA?9?$AAm?$AAs?$AA?9?$AAw?$AAi?$AAn?$AA?9?$AAc?$AAo?$AAr?$AAe?$AA?9?$AAx?$AAs?$AAt?$AAa?$AAt?$AAe?$AA?9?$AAl?$AA2?$AA?9?$AA1?$AA?9?$AA0?$AA?$AA@ 00412184     libucrt:winapi_thunks.obj
 0002:000021c0       ??_C@_1EO@IJIOEFOH@?$AAa?$AAp?$AAi?$AA?9?$AAm?$AAs?$AA?9?$AAw?$AAi?$AAn?$AA?9?$AAr?$AAt?$AAc?$AAo?$AAr?$AAe?$AA?9?$AAn?$AAt?$AAu?$AAs?$AAe?$AAr?$AA?9?$AAw?$AAi?$AAn?$AAd?$AAo?$AAw?$AA?9@ 004121c0     libucrt:winapi_thunks.obj
 0002:00002210       ??_C@_1FG@HHGEKANL@?$AAa?$AAp?$AAi?$AA?9?$AAm?$AAs?$AA?9?$AAw?$AAi?$AAn?$AA?9?$AAs?$AAe?$AAc?$AAu?$AAr?$AAi?$AAt?$AAy?$AA?9?$AAs?$AAy?$AAs?$AAt?$AAe?$AAm?$AAf?$AAu?$AAn?$AAc?$AAt?$AAi@ 00412210     libucrt:winapi_thunks.obj
 0002:00002268       ??_C@_1EG@DBIOJECG@?$AAe?$AAx?$AAt?$AA?9?$AAm?$AAs?$AA?9?$AAw?$AAi?$AAn?$AA?9?$AAn?$AAt?$AAu?$AAs?$AAe?$AAr?$AA?9?$AAd?$AAi?$AAa?$AAl?$AAo?$AAg?$AAb?$AAo?$AAx?$AA?9?$AAl?$AA1?$AA?9?$AA1@ 00412268     libucrt:winapi_thunks.obj
 0002:000022b0       ??_C@_1EO@FIHMJCLF@?$AAe?$AAx?$AAt?$AA?9?$AAm?$AAs?$AA?9?$AAw?$AAi?$AAn?$AA?9?$AAn?$AAt?$AAu?$AAs?$AAe?$AAr?$AA?9?$AAw?$AAi?$AAn?$AAd?$AAo?$AAw?$AAs?$AAt?$AAa?$AAt?$AAi?$AAo?$AAn?$AA?9@ 004122b0     libucrt:winapi_thunks.obj
 0002:00002300       ??_C@_1BC@DNHGCMLG@?$AAa?$AAd?$AAv?$AAa?$AAp?$AAi?$AA3?$AA2?$AA?$AA@ 00412300     libucrt:winapi_thunks.obj
 0002:00002314       ??_C@_1M@OAIMIKLP@?$AAn?$AAt?$AAd?$AAl?$AAl?$AA?$AA@ 00412314     libucrt:winapi_thunks.obj
 0002:00002320       ??_C@_1EG@DPGNFKGC@?$AAa?$AAp?$AAi?$AA?9?$AAm?$AAs?$AA?9?$AAw?$AAi?$AAn?$AA?9?$AAa?$AAp?$AAp?$AAm?$AAo?$AAd?$AAe?$AAl?$AA?9?$AAr?$AAu?$AAn?$AAt?$AAi?$AAm?$AAe?$AA?9?$AAl?$AA1?$AA?9?$AA1@ 00412320     libucrt:winapi_thunks.obj
 0002:00002368       ??_C@_1O@BCCLBEOE@?$AAu?$AAs?$AAe?$AAr?$AA3?$AA2?$AA?$AA@ 00412368     libucrt:winapi_thunks.obj
 0002:000023a8       ??_C@_0O@KKBNKAPF@LCMapStringEx?$AA@ 004123a8     libucrt:winapi_thunks.obj
 0002:000023c0       ??_C@_0BB@HBDEELFH@LocaleNameToLCID?$AA@ 004123c0     libucrt:winapi_thunks.obj
 0002:000023d8       ??_C@_0CF@OJOFEIGO@AppPolicyGetProcessTerminationMe@ 004123d8     libucrt:winapi_thunks.obj
 0002:00002b20       ??_C@_15EMKDOKLE@?$AAa?$AAr?$AA?$AA@ 00412b20     libucrt:lcidtoname_downlevel.obj
 0002:00002b28       ??_C@_15KNPADPLH@?$AAb?$AAg?$AA?$AA@ 00412b28     libucrt:lcidtoname_downlevel.obj
 0002:00002b30       ??_C@_15EDMHLDMO@?$AAc?$AAa?$AA?$AA@ 00412b30     libucrt:lcidtoname_downlevel.obj
 0002:00002b38       ??_C@_1O@BPEAJADD@?$AAz?$AAh?$AA?9?$AAC?$AAH?$AAS?$AA?$AA@ 00412b38     libucrt:lcidtoname_downlevel.obj
 0002:00002b48       ??_C@_15LJNHCMNK@?$AAc?$AAs?$AA?$AA@ 00412b48     libucrt:lcidtoname_downlevel.obj
 0002:00002b50       ??_C@_15FOMCIDHG@?$AAd?$AAa?$AA?$AA@ 00412b50     libucrt:lcidtoname_downlevel.obj
 0002:00002b58       ??_C@_15NBKABECB@?$AAd?$AAe?$AA?$AA@ 00412b58     libucrt:lcidtoname_downlevel.obj
 0002:00002b60       ??_C@_15GHPEIIAO@?$AAe?$AAl?$AA?$AA@ 00412b60     libucrt:lcidtoname_downlevel.obj
 0002:00002b68       ??_C@_15MNPNEAIF@?$AAe?$AAn?$AA?$AA@ 00412b68     libucrt:lcidtoname_downlevel.obj
 0002:00002b70       ??_C@_15GPIOMPMH@?$AAe?$AAs?$AA?$AA@ 00412b70     libucrt:lcidtoname_downlevel.obj
 0002:00002b78       ??_C@_15NGLOAKJC@?$AAf?$AAi?$AA?$AA@ 00412b78     libucrt:lcidtoname_downlevel.obj
 0002:00002b80       ??_C@_15FBKGNKAM@?$AAf?$AAr?$AA?$AA@ 00412b80     libucrt:lcidtoname_downlevel.obj
 0002:00002b88       ??_C@_15KGGCNEFK@?$AAh?$AAe?$AA?$AA@ 00412b88     libucrt:lcidtoname_downlevel.obj
 0002:00002b90       ??_C@_15PGHLIDMF@?$AAh?$AAu?$AA?$AA@ 00412b90     libucrt:lcidtoname_downlevel.obj
 0002:00002b98       ??_C@_15BIEMAPLM@?$AAi?$AAs?$AA?$AA@ 00412b98     libucrt:lcidtoname_downlevel.obj
 0002:00002ba0       ??_C@_15IFJLDHAF@?$AAi?$AAt?$AA?$AA@ 00412ba0     libucrt:lcidtoname_downlevel.obj
 0002:00002ba8       ??_C@_15GEMIOCAG@?$AAj?$AAa?$AA?$AA@ 00412ba8     libucrt:lcidtoname_downlevel.obj
 0002:00002bb0       ??_C@_15EPELEGJA@?$AAk?$AAo?$AA?$AA@ 00412bb0     libucrt:lcidtoname_downlevel.obj
 0002:00002bb8       ??_C@_15NDDHIMN@?$AAn?$AAl?$AA?$AA@ 00412bb8     libucrt:lcidtoname_downlevel.obj
 0002:00002bc0       ??_C@_15BPIGNHCD@?$AAn?$AAo?$AA?$AA@ 00412bc0     libucrt:lcidtoname_downlevel.obj
 0002:00002bc8       ??_C@_15DEOPBLCG@?$AAp?$AAl?$AA?$AA@ 00412bc8     libucrt:lcidtoname_downlevel.obj
 0002:00002bd0       ??_C@_15KBECGEFG@?$AAp?$AAt?$AA?$AA@ 00412bd0     libucrt:lcidtoname_downlevel.obj
 0002:00002bd8       ??_C@_15GLJCBFMD@?$AAr?$AAo?$AA?$AA@ 00412bd8     libucrt:lcidtoname_downlevel.obj
 0002:00002be0       ??_C@_15FEDGKCDI@?$AAr?$AAu?$AA?$AA@ 00412be0     libucrt:lcidtoname_downlevel.obj
 0002:00002be8       ??_C@_15GLKMLLHM@?$AAh?$AAr?$AA?$AA@ 00412be8     libucrt:lcidtoname_downlevel.obj
 0002:00002bf0       ??_C@_15CPKMFBDB@?$AAs?$AAk?$AA?$AA@ 00412bf0     libucrt:lcidtoname_downlevel.obj
 0002:00002bf8       ??_C@_15BAAIOGMK@?$AAs?$AAq?$AA?$AA@ 00412bf8     libucrt:lcidtoname_downlevel.obj
 0002:00002c00       ??_C@_15INNPNOHD@?$AAs?$AAv?$AA?$AA@ 00412c00     libucrt:lcidtoname_downlevel.obj
 0002:00002c08       ??_C@_15CABMMOGH@?$AAt?$AAh?$AA?$AA@ 00412c08     libucrt:lcidtoname_downlevel.obj
 0002:00002c10       ??_C@_15BPLIHJJM@?$AAt?$AAr?$AA?$AA@ 00412c10     libucrt:lcidtoname_downlevel.obj
 0002:00002c18       ??_C@_15NEOEKKDJ@?$AAu?$AAr?$AA?$AA@ 00412c18     libucrt:lcidtoname_downlevel.obj
 0002:00002c20       ??_C@_15NFICGAJK@?$AAi?$AAd?$AA?$AA@ 00412c20     libucrt:lcidtoname_downlevel.obj
 0002:00002c28       ??_C@_15HPJPHDM@?$AAb?$AAe?$AA?$AA@ 00412c28     libucrt:lcidtoname_downlevel.obj
 0002:00002c30       ??_C@_15LCHLGJII@?$AAs?$AAl?$AA?$AA@ 00412c30     libucrt:lcidtoname_downlevel.obj
[...]
 0002:00000664       _i1087                     00410664     LIBCMT:_ftol3_.obj
 0002:00000668       _x0800                     00410668     LIBCMT:_ftol3_.obj
 0002:0000066c       _x17FF                     0041066c     LIBCMT:_ftol3_.obj
 0002:00000670       _CWMask                    00410670     LIBCMT:_ftol3_.obj
 0002:00000674       _GS_ExceptionPointers      00410674     LIBCMT:gs_report.obj
 0002:0000067c       ?module_names@?A0xb1b306fc@@3QBQB_WB 0041067c     libvcruntime:winapi_downlevel.obj
 0002:00000734       ?candidate_modules@?1??try_get_FlsAlloc@@YAP6GKP6GXPAX@Z@ZXZ@4QBW4module_id@?A0xb1b306fc@@B 00410734     libvcruntime:winapi_downlevel.obj
 0002:00000748       ?candidate_modules@?1??try_get_FlsFree@@YAP6GHK@ZXZ@4QBW4module_id@?A0xb1b306fc@@B 00410748     libvcruntime:winapi_downlevel.obj
 0002:00000764       ?candidate_modules@?1??try_get_FlsSetValue@@YAP6GHKPAX@ZXZ@4QBW4module_id@?A0xb1b306fc@@B 00410764     libvcruntime:winapi_downlevel.obj
 0002:00000778       ?candidate_modules@?1??try_get_InitializeCriticalSectionEx@@YAP6GHPAU_RTL_CRITICAL_SECTION@@KK@ZXZ@4QBW4module_id@?A0xb1b306fc@@B 00410778     libvcruntime:winapi_downlevel.obj
 0002:000007a0       ?tokenTable@@3QBQBDB       004107a0     libvcruntime:undname.obj
 0002:000007d8       ?nameTable@@3QBQBDB        004107d8     libvcruntime:undname.obj
 0002:00000920       ?rttiTable@@3QBQBDB        00410920     libvcruntime:undname.obj
 0002:00000f20       _One                       00410f20     libucrt:floor_pentium4.obj
 0002:00000f30       _Bns                       00410f30     libucrt:floor_pentium4.obj
 0002:00000f40       _NegOne                    00410f40     libucrt:floor_pentium4.obj
 0002:00000f50       _NegZero                   00410f50     libucrt:floor_pentium4.obj
 0002:00000f60       _S                         00410f60     libucrt:floor_pentium4.obj
 0002:00000f70       ?_names@?1??_get_fname@@9@9 00410f70     libucrt:fpexcept.obj
 0002:000011e8       ___acrt_initializers       004111e8     libucrt:initialization.obj
 0002:00001270       ?errtable@@3QBUerrentry@?A0x31fdb9ec@@B 00411270     libucrt:errno.obj
 0002:000013e8       _over                      004113e8     libucrt:fpctrl.obj
 0002:000013f4       _under                     004113f4     libucrt:fpctrl.obj
 0002:00001400       ?_mb_locale_names@@3QBQB_WB 00411400     libucrt:mbctype.obj
 0002:00001f10       ?module_names@?A0x391cf84c@@3QBQB_WB 00411f10     libucrt:winapi_thunks.obj
 0002:00002378       ?candidate_modules@?1??try_get_FlsAlloc@@YAP6GKP6GXPAX@Z@ZXZ@4QBW4module_id@?A0x391cf84c@@B 00412378     libucrt:winapi_thunks.obj
 0002:00002380       ?candidate_modules@?1??try_get_FlsFree@@YAP6GHK@ZXZ@4QBW4module_id@?A0x391cf84c@@B 00412380     libucrt:winapi_thunks.obj
 0002:00002388       ?candidate_modules@?1??try_get_FlsGetValue@@YAP6GPAXK@ZXZ@4QBW4module_id@?A0x391cf84c@@B 00412388     libucrt:winapi_thunks.obj
 0002:00002390       ?candidate_modules@?1??try_get_FlsSetValue@@YAP6GHKPAX@ZXZ@4QBW4module_id@?A0x391cf84c@@B 00412390     libucrt:winapi_thunks.obj
 0002:00002398       ?candidate_modules@?1??try_get_InitializeCriticalSectionEx@@YAP6GHPAU_RTL_CRITICAL_SECTION@@KK@ZXZ@4QBW4module_id@?A0x391cf84c@@B 00412398     libucrt:winapi_thunks.obj
 0002:000023a0       ?candidate_modules@?1??try_get_LCMapStringEx@@YAP6GHPB_WK0HPA_WHPAU_nlsversioninfo@@PAXJ@ZXZ@4QBW4module_id@?A0x391cf84c@@B 004123a0     libucrt:winapi_thunks.obj
 0002:000023b8       ?candidate_modules@?1??try_get_LocaleNameToLCID@@YAP6GKPB_WK@ZXZ@4QBW4module_id@?A0x391cf84c@@B 004123b8     libucrt:winapi_thunks.obj
 0002:000023d4       ?candidate_modules@?1??try_get_AppPolicyGetProcessTerminationMethod@@YAP6GJPAXPAW4AppPolicyProcessTerminationMethod@@@ZXZ@4QBW4module_id@?A0x391cf84c@@B 004123d4     libucrt:winapi_thunks.obj
 0002:00002400       ?LcidToLocaleNameTable@?A0x881e4c05@@3QBULcidToLocaleName@1@B 00412400     libucrt:lcidtoname_downlevel.obj
 0002:00003520       ?LocaleNameToIndexTable@?A0x881e4c05@@3QBULocaleNameIndex@1@B 00413520     libucrt:lcidtoname_downlevel.obj
 0002:00004470       LOG_name                   00414470     libucrt:log10_impl.obj
 0002:00004480       _One                       00414480     libucrt:ceil_pentium4.obj
 0002:00004490       _Bns                       00414490     libucrt:ceil_pentium4.obj
 0002:000044a0       _Zero                      004144a0     libucrt:ceil_pentium4.obj
 0002:000044b0       _S                         004144b0     libucrt:ceil_pentium4.obj
 0002:000044c0       _NegZero                   004144c0     libucrt:ceil_pentium4.obj
 0002:000044e0       emask                      004144e0     libucrt:log10_pentium4.obj
 0002:000044f0       CC                         004144f0     libucrt:log10_pentium4.obj
 0002:00004500       Magic                      00414500     libucrt:log10_pentium4.obj
 0002:00004510       hi_mask                    00414510     libucrt:log10_pentium4.obj
 0002:00004520       LOG10_2                    00414520     libucrt:log10_pentium4.obj
 0002:00004530       place_L                    00414530     libucrt:log10_pentium4.obj
 0002:00004550       One                        00414550     libucrt:log10_pentium4.obj
 0002:00004560       Zero                       00414560     libucrt:log10_pentium4.obj
 0002:00004570       Two52                      00414570     libucrt:log10_pentium4.obj
 0002:00004580       Infs                       00414580     libucrt:log10_pentium4.obj
 0002:00004590       NaN                        00414590     libucrt:log10_pentium4.obj
 0002:000045a0       coeff                      004145a0     libucrt:log10_pentium4.obj
 0002:000045fe       _log2max                   004145fe     libucrt:87tran.obj
 0002:00004608       _smallarg                  00414608     libucrt:87tran.obj
 0002:00004612       _half                      00414612     libucrt:87tran.obj
 0002:0000465e       One                        0041465e     libucrt:87disp.obj
 0002:00004666       Three                      00414666     libucrt:87disp.obj
 0002:0000466e       XAMtoTagTab                0041466e     libucrt:87disp.obj
 0002:00004680       One                        00414680     libucrt:common.obj
 0002:00004694       DblMax                     00414694     libucrt:common.obj
 0002:0000469c       DblMin                     0041469c     libucrt:common.obj
 0002:000046a4       IeeeAdjO                   004146a4     libucrt:common.obj
 0002:000046ac       IeeeAdjU                   004146ac     libucrt:common.obj
 0002:000046b4       _infinity                  004146b4     libucrt:common.obj
 0002:000046bc       _zero                      004146bc     libucrt:common.obj
 0002:00005318       __sehtable$?__scrt_common_main_seh@@YAHXZ 00415318     LIBCMT:exe_winmain.obj
 0002:00005338       __sehtable$___scrt_is_nonwritable_in_current_image 00415338     LIBCMT:utility.obj
 0002:00005358       __sehtable$??R<lambda_6e4b09c48022b2350581041d5f6b0c4c>@@QBE@XZ 00415358     libucrt:exit.obj
 0002:00005378       __sehtable$??$?RV<lambda_03b1d95aef87969028cfba75ccab2455>@@AAV<lambda_6e4b09c48022b2350581041d5f6b0c4c>@@V<lambda_22bdf7517842c4b3e53723af5aa32b9e>@@@?$__crt_seh_guarded_call@X@@QAEX$$QAV<lambda_03b1d95aef87969028cfba75ccab2455>@@AAV<lambda_6e4b09c48022b2350581041d5f6b0c4c>@@$$QAV<lambda_22bdf7517842c4b3e53723af5aa32b9e>@@@Z 00415378     libucrt:exit.obj
 0002:00005398       __sehtable$??$?RV<lambda_e5124f882df8998aaf41531e079ba474>@@AAV<lambda_3e16ef9562a7dcce91392c22ab16ea36>@@V<lambda_e25ca0880e6ef98be67edffd8c599615>@@@?$__crt_seh_guarded_call@X@@QAEX$$QAV<lambda_e5124f882df8998aaf41531e079ba474>@@AAV<lambda_3e16ef9562a7dcce91392c22ab16ea36>@@$$QAV<lambda_e25ca0880e6ef98be67edffd8c599615>@@@Z 00415398     libucrt:wsetlocale.obj
 0002:000053b8       __sehtable$??$?RV<lambda_7ac4055421038abea736e08bd20712a4>@@AAV<lambda_a10e4b102d4a2c3aac6f4f48bbdf488f>@@V<lambda_1da61822885009acd1bf848af4f9644b>@@@?$__crt_seh_guarded_call@H@@QAEH$$QAV<lambda_7ac4055421038abea736e08bd20712a4>@@AAV<lambda_a10e4b102d4a2c3aac6f4f48bbdf488f>@@$$QAV<lambda_1da61822885009acd1bf848af4f9644b>@@@Z 004153b8     libucrt:onexit.obj
 0002:000053d8       __sehtable$??$?RV<lambda_69a2805e680e0e292e8ba93315fe43a8>@@AAV<lambda_f03950bc5685219e0bcd2087efbe011e>@@V<lambda_03fcd07e894ec930e3f35da366ca99d6>@@@?$__crt_seh_guarded_call@H@@QAEH$$QAV<lambda_69a2805e680e0e292e8ba93315fe43a8>@@AAV<lambda_f03950bc5685219e0bcd2087efbe011e>@@$$QAV<lambda_03fcd07e894ec930e3f35da366ca99d6>@@@Z 004153d8     libucrt:onexit.obj
 0002:000053f8       __sehtable$_terminate      004153f8     libucrt:terminate.obj
 0002:00005418       __sehtable$___set_fpsr_sse2 00415418     libucrt:fpctrl.obj
 0002:00005438       __sehtable$??$?RV<lambda_15ade71b0218206bbe3333a0c9b79046>@@AAV<lambda_da44e0f8b0f19ba52fefafb335991732>@@V<lambda_207f2d024fc103971653565357d6cd41>@@@?$__crt_seh_guarded_call@X@@QAEX$$QAV<lambda_15ade71b0218206bbe3333a0c9b79046>@@AAV<lambda_da44e0f8b0f19ba52fefafb335991732>@@$$QAV<lambda_207f2d024fc103971653565357d6cd41>@@@Z 00415438     libucrt:per_thread_data.obj
 0002:00005458       __sehtable$??$?RV<lambda_a7e850c220f1c8d1e6efeecdedd162c6>@@AAV<lambda_46720907175c18b6c9d2717bc0d2d362>@@V<lambda_9048902d66e8d99359bc9897bbb930a8>@@@?$__crt_seh_guarded_call@X@@QAEX$$QAV<lambda_a7e850c220f1c8d1e6efeecdedd162c6>@@AAV<lambda_46720907175c18b6c9d2717bc0d2d362>@@$$QAV<lambda_9048902d66e8d99359bc9897bbb930a8>@@@Z 00415458     libucrt:per_thread_data.obj
 0002:00005478       __sehtable$??$?RV<lambda_38edbb1296d33220d7e4dd0ed76b244a>@@AAV<lambda_5ce1d447e08cb34b2473517608e21441>@@V<lambda_fb385d3da700c9147fc39e65dd577a8c>@@@?$__crt_seh_guarded_call@X@@QAEX$$QAV<lambda_38edbb1296d33220d7e4dd0ed76b244a>@@AAV<lambda_5ce1d447e08cb34b2473517608e21441>@@$$QAV<lambda_fb385d3da700c9147fc39e65dd577a8c>@@@Z 00415478     libucrt:per_thread_data.obj
 0002:00005498       __sehtable$??$?RV<lambda_6affb1475c98b40b75cdec977db92e3c>@@AAV<lambda_b8d4b9c228a6ecc3f80208dbb4b4a104>@@V<lambda_608742c3c92a14382c1684fc64f96c88>@@@?$__crt_seh_guarded_call@X@@QAEX$$QAV<lambda_6affb1475c98b40b75cdec977db92e3c>@@AAV<lambda_b8d4b9c228a6ecc3f80208dbb4b4a104>@@$$QAV<lambda_608742c3c92a14382c1684fc64f96c88>@@@Z 00415498     libucrt:per_thread_data.obj
 0002:000054b8       __sehtable$?update_thread_multibyte_data_internal@@YAPAU__crt_multibyte_data@@QAU__acrt_ptd@@QAPAU1@@Z 004154b8     libucrt:mbctype.obj
 0002:000054d8       __sehtable$??$?RV<lambda_ceb1ee4838e85a9d631eb091e2fbe199>@@AAV<lambda_ae742caa10f662c28703da3d2ea5e57e>@@V<lambda_cd08b5d6af4937fe54fc07d0c9bf6b37>@@@?$__crt_seh_guarded_call@X@@QAEX$$QAV<lambda_ceb1ee4838e85a9d631eb091e2fbe199>@@AAV<lambda_ae742caa10f662c28703da3d2ea5e57e>@@$$QAV<lambda_cd08b5d6af4937fe54fc07d0c9bf6b37>@@@Z 004154d8     libucrt:mbctype.obj
 0002:000054f8       __sehtable$___acrt_lowio_ensure_fh_exists 004154f8     libucrt:osfinfo.obj
 0002:00005518       __sehtable$___acrt_initialize_lowio 00415518     libucrt:ioinit.obj
 0002:00005538       __sehtable$___acrt_update_thread_locale_data 00415538     libucrt:locale_refcounting.obj
 0002:00005558       __sehtable$__query_new_handler 00415558     libucrt:new_handler.obj
 0002:00005578       __sehtable$_raise          00415578     libucrt:signal.obj
 0002:00005598       __sehtable$??$?RV<lambda_cbab9ec6f41b0180b23cc171c22676b0>@@AAV<lambda_44731a7d0e6d81c3e6aa82d741081786>@@V<lambda_4b292cb8dd18144e164572427af410ab>@@@?$__crt_seh_guarded_call@P6AXH@Z@@QAEP6AXH@Z$$QAV<lambda_cbab9ec6f41b0180b23cc171c22676b0>@@AAV<lambda_44731a7d0e6d81c3e6aa82d741081786>@@$$QAV<lambda_4b292cb8dd18144e164572427af410ab>@@@Z 00415598     libucrt:signal.obj
 0002:000055b8       __sehtable$??$?RV<lambda_2866be3712abc81a800a822484c830d8>@@AAV<lambda_39ca0ed439415581b5b15c265174cece>@@V<lambda_2b24c74d71094a6cd0cb82e44167d71b>@@@?$__crt_seh_guarded_call@X@@QAEX$$QAV<lambda_2866be3712abc81a800a822484c830d8>@@AAV<lambda_39ca0ed439415581b5b15c265174cece>@@$$QAV<lambda_2b24c74d71094a6cd0cb82e44167d71b>@@@Z 004155b8     libucrt:fflush.obj
 0002:000055d8       __sehtable$??$?RV<lambda_2cc53f568c5a2bb6f192f930a45d44ea>@@AAV<lambda_ab61a845afdef5b7c387490eaf3616ee>@@V<lambda_c2ffc0b7726aa6be21d5f0026187e748>@@@?$__crt_seh_guarded_call@X@@QAEX$$QAV<lambda_2cc53f568c5a2bb6f192f930a45d44ea>@@AAV<lambda_ab61a845afdef5b7c387490eaf3616ee>@@$$QAV<lambda_c2ffc0b7726aa6be21d5f0026187e748>@@@Z 004155d8     libucrt:fflush.obj
 0002:000055f8       __sehtable$??$?RV<lambda_9e9de3de5fa147e2223d7db92bc10aa6>@@AAV<lambda_38ce7e780aa69e748d6df282ebc68efe>@@V<lambda_8ca6da459f0f6780f1cff60fdc3d00e5>@@@?$__crt_seh_guarded_call@H@@QAEH$$QAV<lambda_9e9de3de5fa147e2223d7db92bc10aa6>@@AAV<lambda_38ce7e780aa69e748d6df282ebc68efe>@@$$QAV<lambda_8ca6da459f0f6780f1cff60fdc3d00e5>@@@Z 004155f8     libucrt:commit.obj
 0002:00005618       __sehtable$__write         00415618     libucrt:write.obj
 0002:00005638       __sehtable$__fcloseall     00415638     libucrt:closeall.obj
 0002:00005658       __sehtable$_fclose         00415658     libucrt:fclose.obj
 0002:00005678       __sehtable$??$?RV<lambda_218ce3db14220d0be481dae8ef3383b6>@@AAV<lambda_628dfdc04ba53c8bfc02c9951375f3f5>@@V<lambda_57dc472bd5c9d5f3b2cbca59b8a843ae>@@@?$__crt_seh_guarded_call@H@@QAEH$$QAV<lambda_218ce3db14220d0be481dae8ef3383b6>@@AAV<lambda_628dfdc04ba53c8bfc02c9951375f3f5>@@$$QAV<lambda_57dc472bd5c9d5f3b2cbca59b8a843ae>@@@Z 00415678     libucrt:close.obj
 0002:00005698       __sehtable$__IsNonwritableInCurrentImage 00415698     LIBCMT:pesect.obj
 0002:000059da       .idata$6                   004159da     user32:USER32.dll
 0002:00005a10       .idata$6                   00415a10     gdi32:GDI32.dll
 0002:00005a2c       .idata$6                   00415a2c     winmm:WINMM.dll
 0002:00005c00       .idata$6                   00415c00     kernel32:KERNEL32.dll
 0003:00000000       ?GlobalBrush@@3HA          00416000     win32_PokemonDemo_tile_map_editor.obj
 0003:00000004       ?ViewingMode@@3HA          00416004     win32_PokemonDemo_tile_map_editor.obj
 0003:00000008       ?TextureOverride@@3_NA     00416008     win32_PokemonDemo_tile_map_editor.obj
 0003:00000040       ?__vcrt_flsindex@@3KA      00416040     libvcruntime:per_thread_data.obj
 0003:00000064       ?errno_no_memory@@3HA      00416064     libucrt:errno.obj
 0003:00000068       ?doserrno_no_memory@@3KA   00416068     libucrt:errno.obj
 0003:0000006c       ?__DAZ_ENABLED@?1??__set_fpsr_sse2@@9@9 0041606c     libucrt:fpctrl.obj
 0003:00000070       ?__acrt_flsindex@@3KA      00416070     libucrt:per_thread_data.obj
 0003:00000078       __mbctypes                 00416078     libucrt:mbctype.obj
 0003:00000180       __mbcasemaps               00416180     libucrt:mbctype.obj
 0003:00000280       ?__rgctypeflag@@3PADA      00416280     libucrt:mbctype.obj
 0003:00000288       ?__rgcode_page_info@@3PAUcode_page_info@@A 00416288     libucrt:mbctype.obj
 0003:00000770       ?__dcrt_lowio_console_output_handle@@3PAXA 00416770     libucrt:initcon.obj
 0003:00000780       ?globalRunning@@3_NA       00416780     win32_PokemonDemo_tile_map_editor.obj
 0003:00000781       ?Eraser@@3_NA              00416781     win32_PokemonDemo_tile_map_editor.obj
 0003:00000784       ?GlobalTileChunk@@3Utile_chunk@@A 00416784     win32_PokemonDemo_tile_map_editor.obj
 0003:00000788       ?GlobalOffsetX@@3HA        00416788     win32_PokemonDemo_tile_map_editor.obj
 0003:0000078c       ?GlobalOffsetY@@3HA        0041678c     win32_PokemonDemo_tile_map_editor.obj
 0003:00000790       ?hHelp@@3PAUHMENU__@@A     00416790     win32_PokemonDemo_tile_map_editor.obj
 0003:00000794       ?hEdit@@3PAUHMENU__@@A     00416794     win32_PokemonDemo_tile_map_editor.obj
 0003:00000798       ?hView@@3PAUHMENU__@@A     00416798     win32_PokemonDemo_tile_map_editor.obj
 0003:0000079c       ?hFile@@3PAUHMENU__@@A     0041679c     win32_PokemonDemo_tile_map_editor.obj
 0003:000007a0       ?hMenubar@@3PAUHMENU__@@A  004167a0     win32_PokemonDemo_tile_map_editor.obj
 0003:000007a4       ?MemoryArena@@3Umemory_arena@@A 004167a4     win32_PokemonDemo_tile_map_editor.obj
 0003:000007b0       ?globalBackBuffer@@3Uwin32_offscreen_buffer@@A 004167b0     win32_PokemonDemo_tile_map_editor.obj
 0003:000007f0       ?PerfCountFrequency64@@3_JA 004167f0     win32_PokemonDemo_tile_map_editor.obj
 0003:000007f8       ?TileSet@@3PAUloaded_bitmap@@A 004167f8     win32_PokemonDemo_tile_map_editor.obj
 0003:000072b8       _GS_ExceptionRecord        0041d2b8     LIBCMT:gs_report.obj
 0003:00007308       _GS_ContextRecord          0041d308     LIBCMT:gs_report.obj
 0003:000075dc       ?module_local_atexit_table@@3U_onexit_table_t@@A 0041d5dc     LIBCMT:utility.obj
 0003:000075e8       ?module_local_at_quick_exit_table@@3U_onexit_table_t@@A 0041d5e8     LIBCMT:utility.obj
 0003:000075f4       ?module_local_atexit_table_initialized@@3_NA 0041d5f4     LIBCMT:utility.obj
 0003:000075f5       ?is_initialized_as_dll@@3_NA 0041d5f5     LIBCMT:utility.obj
 0003:0000761c       ?__vcrt_startup_thread_ptd@@3U__vcrt_ptd@@A 0041d61c     libvcruntime:per_thread_data.obj
 0003:00007644       ___vcrt_lock_table         0041d644     libvcruntime:locks.obj
 0003:0000765c       ___vcrt_locks_initialized  0041d65c     libvcruntime:locks.obj
 0003:00007660       ?module_handles@@3PAPAUHINSTANCE__@@A 0041d660     libvcruntime:winapi_downlevel.obj
 0003:0000766c       ?encoded_function_pointers@@3PAPAXA 0041d66c     libvcruntime:winapi_downlevel.obj
 0003:000076ac       ?heap@@3V_HeapManager@@A   0041d6ac     libvcruntime:undname.obj
 0003:000076c0       ?__acrt_app_type@@3W4_crt_app_type@@A 0041d6c0     libucrt:report_runtime_error.obj
 0003:000076c4       ?user_matherr@@3V?$dual_state_global@P6AHPAU_exception@@@Z@__crt_state_management@@A 0041d6c4     libucrt:matherr.obj
 0003:000076c8       ?program_name@?1???$common_configure_argv@D@@YAHW4_crt_argv_mode@@@Z@4PADA 0041d6c8     libucrt:argv_parsing.obj
 0003:000077e0       ?empty_string@?1???$common_wincmdln@E@@YAPAEXZ@4PAEA 0041d7e0     libucrt:argv_winmain.obj
 0003:000077e4       ?c_termination_complete@@3JA 0041d7e4     libucrt:exit.obj
 0003:000077e8       ?thread_local_exit_callback_func@@3P6GXPAXK0@ZA 0041d7e8     libucrt:exit.obj
 0003:000077f4       ?__acrt_global_new_mode@@3V?$dual_state_global@J@__crt_state_management@@A 0041d7f4     libucrt:new_mode.obj
 0003:00007814       __pmatherr_set             0041d814     libucrt:libm_error.obj
 0003:00007818       ?__acrt_invalid_parameter_handler@@3V?$dual_state_global@P6AXPB_W00II@Z@__crt_state_management@@A 0041d818     libucrt:invalid_parameter.obj
 0003:00007828       ?fSystemSet@@3HA           0041d828     libucrt:mbctype.obj
 0003:0000782c       ?initialized@?1??__acrt_initialize_multibyte@@9@4_NA 0041d82c     libucrt:mbctype.obj
 0003:00007848       ?__acrt_lock_table@@3PAU_RTL_CRITICAL_SECTION@@A 0041d848     libucrt:locks.obj
 0003:00007998       ?__acrt_locks_initialized@@3IA 0041d998     libucrt:locks.obj
 0003:00007ba8       ?module_handles@@3PAPAUHINSTANCE__@@A 0041dba8     libucrt:winapi_thunks.obj
 0003:00007bf8       ?encoded_function_pointers@@3PAPAXA 0041dbf8     libucrt:winapi_thunks.obj
 0003:00007c8c       ?__acrt_new_handler@@3V?$dual_state_global@P6AHI@Z@__crt_state_management@@A 0041dc8c     libucrt:new_handler.obj
 0003:00007c90       ?ctrlc_action@@3V?$dual_state_global@P6AXH@Z@__crt_state_management@@A 0041dc90     libucrt:signal.obj
 0003:00007c94       ?ctrlbreak_action@@3V?$dual_state_global@P6AXH@Z@__crt_state_management@@A 0041dc94     libucrt:signal.obj
 0003:00007c98       ?abort_action@@3V?$dual_state_global@P6AXH@Z@__crt_state_management@@A 0041dc98     libucrt:signal.obj
 0003:00007c9c       ?term_action@@3V?$dual_state_global@P6AXH@Z@__crt_state_management@@A 0041dc9c     libucrt:signal.obj
