 PokemonDemo

 Timestamp is 5b196835 (Thu Jun  7 13:15:33 2018)

 Preferred load address is 10000000

 Start         Length     Name                   Class
 0001:00000000 00053d42H .text$mn                CODE
 0002:00000000 00000150H .idata$5                DATA
 0002:00000150 00000004H .00cfg                  DATA
 0002:00000154 00000004H .CRT$XCA                DATA
 0002:00000158 00000004H .CRT$XCZ                DATA
 0002:0000015c 00000004H .CRT$XIA                DATA
 0002:00000160 0000000cH .CRT$XIC                DATA
 0002:0000016c 00000004H .CRT$XIZ                DATA
 0002:00000170 00000004H .CRT$XPA                DATA
 0002:00000174 00000008H .CRT$XPX                DATA
 0002:0000017c 00000004H .CRT$XPXA               DATA
 0002:00000180 00000004H .CRT$XPZ                DATA
 0002:00000184 00000004H .CRT$XTA                DATA
 0002:00000188 00000008H .CRT$XTZ                DATA
 0002:0000018c 00000000H .gfids$y                DATA
 0002:00000190 0000bb18H .rdata                  DATA
 0002:0000bca8 00000218H .rdata$r                DATA
 0002:0000bec0 0000000cH .rdata$sxdata           DATA
 0002:0000becc 000002e0H .rdata$zzzdbg           DATA
 0002:0000c1ac 00000004H .rtc$IAA                DATA
 0002:0000c1b0 00000004H .rtc$IMZ                DATA
 0002:0000c1b4 00000004H .rtc$IZZ                DATA
 0002:0000c1b8 00000004H .rtc$TAA                DATA
 0002:0000c1bc 00000004H .rtc$TMZ                DATA
 0002:0000c1c0 00000008H .rtc$TZZ                DATA
 0002:0000c1c8 00000748H .xdata$x                DATA
 0002:0000c910 00000074H .edata                  DATA
 0002:0000c984 00000014H .idata$2                DATA
 0002:0000c998 00000014H .idata$3                DATA
 0002:0000c9ac 00000150H .idata$4                DATA
 0002:0000cafc 00000634H .idata$6                DATA
 0003:00000000 000007c0H .data                   DATA
 0003:000007c0 000000b8H .data$r                 DATA
 0003:00000878 00001280H .bss                    DATA

  Address         Publics by Value              Rva+Base       Lib:Object

 0000:00000000       ___guard_iat_table         00000000     <absolute>
 0000:00000000       ___guard_longjmp_count     00000000     <absolute>
 0000:00000000       ___guard_iat_count         00000000     <absolute>
 0000:00000000       ___guard_fids_count        00000000     <absolute>
 0000:00000000       ___guard_longjmp_table     00000000     <absolute>
 0000:00000000       ___dynamic_value_reloc_table 00000000     <absolute>
 0000:00000000       ___hybrid_code_map_count   00000000     <absolute>
 0000:00000000       ___hybrid_auxiliary_iat    00000000     <absolute>
 0000:00000000       ___guard_fids_table        00000000     <absolute>
 0000:00000000       ___enclave_config          00000000     <absolute>
 0000:00000000       ___hybrid_code_map         00000000     <absolute>
 0000:00000000       __except_list              00000000     <absolute>
 0000:00000003       ___safe_se_handler_count   00000003     <absolute>
 0000:00000100       ___guard_flags             00000100     <absolute>
 0000:00000000       ___ImageBase               10000000     <linker-defined>
 0001:00000000       ?Lerp2f@@YA?AUvector2f@@U1@0M@Z 10001000 f   PokemonDemo.obj
 0001:0000abd0       _GameUpdateRender          1000bbd0 f   PokemonDemo.obj
 0001:00013220       _GameGetSoundSamples       10014220 f   PokemonDemo.obj
 0001:00013390       ?ASCIIToFloat@@YAMPAD@Z    10014390 f i PokemonDemo.obj
 0001:00013560       ?ASCIIToNumber@@YAIPAD@Z   10014560 f i PokemonDemo.obj
 0001:00013670       ?Abs@@YAMM@Z               10014670 f i PokemonDemo.obj
 0001:000136c0       ?AreFloatsEqual@@YAIMM@Z   100146c0 f i PokemonDemo.obj
 0001:00013770       ?BattlePokemonFromPokemon@@YA?AUbattle_pokemon@@PAUgame_state@@PAUpokemon@@@Z 10014770 f i PokemonDemo.obj
 0001:00013820       ?CalcPokemonLevel@@YADI@Z  10014820 f i PokemonDemo.obj
 0001:000138b0       ?CalcPokemonStat@@YAIIIIIM@Z 100148b0 f i PokemonDemo.obj
 0001:000139c0       ?CalcPokemonStatHP@@YAIIIII@Z 100149c0 f i PokemonDemo.obj
 0001:00013ae0       ?CanonicalizeSpriteMapTiles@@YAXPAI0I@Z 10014ae0 f i PokemonDemo.obj
 0001:00013b70       ?CloneString@@YAXPAD0H@Z   10014b70 f i PokemonDemo.obj
 0001:00013bd0       ?FillPokemonMove@@YA?AUpokemon_move@@PAU1@I@Z 10014bd0 f i PokemonDemo.obj
 0001:00013d10       ?FloatToInt@@YAHM@Z        10014d10 f i PokemonDemo.obj
 0001:00013d60       ?FloorFloat@@YAMM@Z        10014d60 f i PokemonDemo.obj
 0001:00013d80       ?FloorFloatToInt@@YAHM@Z   10014d80 f i PokemonDemo.obj
 0001:00013dc0       ?GetChunkData@@YAPAXUwav_file_cursor@@@Z 10014dc0 f i PokemonDemo.obj
 0001:00013de0       ?GetChunkPos@@YA?AUtile_chunk_position@@PAUtile_map@@HHH@Z 10014de0 f i PokemonDemo.obj
 0001:00013eb0       ?GetChunkSize@@YAHUwav_file_cursor@@@Z 10014eb0 f i PokemonDemo.obj
 0001:00013ed0       ?GetHealthColor@@YA?AUcolor@@PAUgame_state@@M@Z 10014ed0 f i PokemonDemo.obj
 0001:00014250       ?GetPokemonExperience@@YAID@Z 10015250 f i PokemonDemo.obj
 0001:00014290       ?GetPokemonStatHP@@YAIPAUgame_state@@PAUpokemon@@@Z 10015290 f i PokemonDemo.obj
 0001:00014390       ?GetStringLength@@YAIPAD@Z 10015390 f i PokemonDemo.obj
 0001:000143d0       ?GetTileChunk@@YAPAUtile_chunk@@PAUtile_map@@III@Z 100153d0 f i PokemonDemo.obj
 0001:00014440       ?GetTileMapValueUnchecked@@YA?AUunpacked_tile@@PAUtile_map@@PAUtile_chunk@@II@Z 10015440 f i PokemonDemo.obj
 0001:000144c0       ?GetTileValue@@YA?AUunpacked_tile@@PAUtile_map@@PAUtile_chunk@@II@Z 100154c0 f i PokemonDemo.obj
 0001:000145a0       ?GetTileValueValid@@YA_NUunpacked_tile@@@Z 100155a0 f i PokemonDemo.obj
 0001:000145d0       ?GetType@@YAHUwav_file_cursor@@@Z 100155d0 f i PokemonDemo.obj
 0001:00014600       ?GrabTileBitmap@@YA?AUloaded_bitmap@@PAU1@I@Z 10015600 f i PokemonDemo.obj
 0001:00014640       ?IsFileCursorValid@@YA_NUwav_file_cursor@@@Z 10015640 f i PokemonDemo.obj
 0001:00014670       ?NextChunk@@YA?AUwav_file_cursor@@U1@@Z 10015670 f i PokemonDemo.obj
 0001:000146c0       ?NumberToASCII@@YAPADIPAD@Z 100156c0 f i PokemonDemo.obj
 0001:00014830       ?PackTile@@YAIUunpacked_tile@@@Z 10015830 f i PokemonDemo.obj
 0001:000148c0       ?ParseChunkAt@@YA?AUwav_file_cursor@@PAX0@Z 100158c0 f i PokemonDemo.obj
 0001:00014920       ?PostponeRenderItem@@YAXUrender_item@@PAUrender_queue@@@Z 10015920 f i PokemonDemo.obj
 0001:00014950       ?Pow@@YAMMM@Z              10015950 f i PokemonDemo.obj
 0001:00014980       ?ReCalcCoord@@YAXPAUtile_map@@PAIPAM@Z 10015980 f i PokemonDemo.obj
 0001:000149f0       ?ReCalcTileMapPosition@@YA?AUtile_map_position@@PAUtile_map@@U1@@Z 100159f0 f i PokemonDemo.obj
 0001:00014ad0       ?SetTile@@YAXPAUtile_map@@PAUtile_chunk@@IIUunpacked_tile@@@Z 10015ad0 f i PokemonDemo.obj
 0001:00014b10       ?SetTileMapValueUnchecked@@YAXPAUtile_map@@PAUtile_chunk@@IIUunpacked_tile@@@Z 10015b10 f i PokemonDemo.obj
 0001:00014b60       ?SquareInt@@YAHH@Z         10015b60 f i PokemonDemo.obj
 0001:00014b70       ?UnPackTile@@YA?AUunpacked_tile@@I@Z 10015b70 f i PokemonDemo.obj
 0001:00014c70       ?UnPackTransparentTile@@YAXUunpacked_tile@@PAI1@Z 10015c70 f i PokemonDemo.obj
 0001:00014c90       _floorf                    10015c90 f i PokemonDemo.obj
 0001:00014cf0       _powf                      10015cf0 f i PokemonDemo.obj
 0001:00014d24       @_RTC_AllocaHelper@12      10015d24 f   LIBCMT:_stack_.obj
 0001:00014d56       @_RTC_CheckStackVars2@12   10015d56 f   LIBCMT:_stack_.obj
 0001:00014e17       @_RTC_CheckStackVars@8     10015e17 f   LIBCMT:_stack_.obj
 0001:00014e6d       __RTC_CheckEsp             10015e6d f   LIBCMT:_stack_.obj
 0001:00014e9c       @__security_check_cookie@4 10015e9c f   LIBCMT:_secchk_.obj
 0001:00014ead       __CRT_RTC_INIT             10015ead f   LIBCMT:_init_.obj
 0001:00014eb0       __CRT_RTC_INITW            10015eb0 f   LIBCMT:_init_.obj
 0001:00014eb3       __RTC_InitBase             10015eb3 f   LIBCMT:_init_.obj
 0001:00014ecc       __RTC_Shutdown             10015ecc f   LIBCMT:_init_.obj
 0001:00014ed0       __chkstk                   10015ed0 f   LIBCMT:chkstk.obj
 0001:00014ed0       __alloca_probe             10015ed0 f   LIBCMT:chkstk.obj
 0001:00014f00       __ftol2_sse                10015f00 f   LIBCMT:_ftol2_.obj
 0001:00014f09       __ftol2_pentium4           10015f09 f   LIBCMT:_ftol2_.obj
 0001:00014f1c       __ftol2_sse_excpt          10015f1c f   LIBCMT:_ftol2_.obj
 0001:00014f40       __ftol2                    10015f40 f   LIBCMT:_ftol2_.obj
 0001:00014fc0       __ftoui3                   10015fc0 f   LIBCMT:_ftol3_.obj
 0001:00014fcf       __ftoul3                   10015fcf f   LIBCMT:_ftol3_.obj
 0001:00014fde       __ftol3                    10015fde f   LIBCMT:_ftol3_.obj
 0001:00014feb       __ftol3_NaN                10015feb f   LIBCMT:_ftol3_.obj
 0001:00015003       __ftol3_work               10016003 f   LIBCMT:_ftol3_.obj
 0001:00015089       __ftol3_common             10016089 f   LIBCMT:_ftol3_.obj
 0001:0001514b       __ftol3_arg_error          1001614b f   LIBCMT:_ftol3_.obj
 0001:0001515d       __ftol3_except             1001615d f   LIBCMT:_ftol3_.obj
 0001:000151a1       __dtoui3                   100161a1 f   LIBCMT:_ftol3_.obj
 0001:000151b0       __dtoul3                   100161b0 f   LIBCMT:_ftol3_.obj
 0001:000151bf       __dtol3                    100161bf f   LIBCMT:_ftol3_.obj
 0001:000151cc       __dtol3_NaN                100161cc f   LIBCMT:_ftol3_.obj
 0001:000151e9       __dtol3_work               100161e9 f   LIBCMT:_ftol3_.obj
 0001:000152d0       __ultod3                   100162d0 f   LIBCMT:_ftol3_.obj
 0001:00015310       __ltod3                    10016310 f   LIBCMT:_ftol3_.obj
 0001:0001566e       __CRT_INIT@12              1001666e f   LIBCMT:dll_dllmain.obj
 0001:00015677       __DllMainCRTStartup@12     10016677 f   LIBCMT:dll_dllmain.obj
 0001:0001569a       ??$__vcrt_va_start_verify_argument_type@QBD@@YAXXZ 1001669a f i LIBCMT:_error_.obj
 0001:00015711       ?_RTC_AllocaFailure@@YAXPAXPAU_RTC_ALLOCA_NODE@@H@Z 10016711 f   LIBCMT:_error_.obj
 0001:000157ec       ?_RTC_Failure@@YAXPAXH@Z   100167ec f   LIBCMT:_error_.obj
 0001:00015828       ?_RTC_StackFailure@@YAXPAXPBD@Z 10016828 f   LIBCMT:_error_.obj
 0001:00015bfd       __RTC_UninitUse            10016bfd f   LIBCMT:_error_.obj
 0001:00015c9e       ___local_stdio_printf_options 10016c9e f i LIBCMT:_error_.obj
 0001:00015ca4       __vsprintf_s_l             10016ca4 f i LIBCMT:_error_.obj
 0001:00015cd1       _sprintf_s                 10016cd1 f i LIBCMT:_error_.obj
 0001:00015ced       ___raise_securityfailure   10016ced f   LIBCMT:gs_report.obj
 0001:00015d15       ___report_gsfailure        10016d15 f   LIBCMT:gs_report.obj
 0001:00015e10       ___report_rangecheckfailure 10016e10 f   LIBCMT:gs_report.obj
 0001:00015e1c       ___report_securityfailure  10016e1c f   LIBCMT:gs_report.obj
 0001:00015eec       ___report_securityfailureEx 10016eec f   LIBCMT:gs_report.obj
 0001:00016002       ?_RTC_GetErrorFunc@@YAP6AHHPBDH00ZZPBX@Z 10017002 f   LIBCMT:_userapi_.obj
 0001:00016008       ?_RTC_GetErrorFuncW@@YAP6AHHPB_WH00ZZPBX@Z 10017008 f   LIBCMT:_userapi_.obj
 0001:0001600e       __RTC_GetErrDesc           1001700e f   LIBCMT:_userapi_.obj
 0001:00016026       __RTC_NumErrors            10017026 f   LIBCMT:_userapi_.obj
 0001:0001602a       __RTC_SetErrorFunc         1001702a f   LIBCMT:_userapi_.obj
 0001:00016044       __RTC_SetErrorFuncW        10017044 f   LIBCMT:_userapi_.obj
 0001:0001605e       __RTC_SetErrorType         1001705e f   LIBCMT:_userapi_.obj
 0001:00016081       ___isa_available_init      10017081 f   LIBCMT:_cpu_disp_.obj
 0001:00016269       ___security_init_cookie    10017269 f   LIBCMT:gs_support.obj
 0001:000162b4       _DllMain@12                100172b4 f   LIBCMT:dll_dllmain_stub.obj
 0001:000162ba       ?__scrt_initialize_type_info@@YAXXZ 100172ba f   LIBCMT:tncleanup.obj
 0001:000162c6       ?__scrt_uninitialize_type_info@@YAXXZ 100172c6 f   LIBCMT:tncleanup.obj
 0001:000162d2       ___local_stdio_scanf_options 100172d2 f i LIBCMT:default_local_stdio_options.obj
 0001:000162d8       ___scrt_initialize_default_local_stdio_options 100172d8 f   LIBCMT:default_local_stdio_options.obj
 0001:000162f5       ??$__crt_fast_decode_pointer@PAP6AXXZ@@YAPAP6AXXZQAP6AXXZ@Z 100172f5 f i LIBCMT:utility.obj
 0001:00016309       ??$__crt_fast_encode_pointer@PAP6AXXZ@@YAPAP6AXXZQAP6AXXZ@Z 10017309 f i LIBCMT:utility.obj
 0001:00016326       ?__crt_rotate_pointer_value@@YAIIH@Z 10017326 f i LIBCMT:utility.obj
 0001:00016333       ?configure_argv@__scrt_narrow_argv_policy@@SAHXZ 10017333 f i LIBCMT:utility.obj
 0001:00016384       ?initialize_environment@__scrt_narrow_environment_policy@@SAHXZ 10017384 f i LIBCMT:utility.obj
 0001:000163bc       _NtCurrentTeb              100173bc f i LIBCMT:utility.obj
 0001:000163c3       ___scrt_acquire_startup_lock 100173c3 f   LIBCMT:utility.obj
 0001:000163f8       ___scrt_dllmain_after_initialize_c 100173f8 f   LIBCMT:utility.obj
 0001:00016423       ___scrt_dllmain_before_initialize_c 10017423 f   LIBCMT:utility.obj
 0001:00016431       ___scrt_dllmain_crt_thread_attach 10017431 f   LIBCMT:utility.obj
 0001:00016450       ___scrt_dllmain_crt_thread_detach 10017450 f   LIBCMT:utility.obj
 0001:0001645d       ___scrt_dllmain_exception_filter 1001745d f   LIBCMT:utility.obj
 0001:00016490       ___scrt_dllmain_uninitialize_c 10017490 f   LIBCMT:utility.obj
 0001:000164b3       ___scrt_dllmain_uninitialize_critical 100174b3 f   LIBCMT:utility.obj
 0001:000164c0       ___scrt_initialize_crt     100174c0 f   LIBCMT:utility.obj
 0001:000164f9       ___scrt_initialize_onexit_tables 100174f9 f   LIBCMT:utility.obj
 0001:000165a3       ___scrt_is_nonwritable_in_current_image 100175a3 f   LIBCMT:utility.obj
 0001:0001662d       ___scrt_release_startup_lock 1001762d f   LIBCMT:utility.obj
 0001:0001664a       ___scrt_uninitialize_crt   1001764a f   LIBCMT:utility.obj
 0001:00016672       __onexit                   10017672 f   LIBCMT:utility.obj
 0001:000166ad       _at_quick_exit             100176ad f   LIBCMT:utility.obj
 0001:000166de       _atexit                    100176de f   LIBCMT:utility.obj
 0001:000166f3       ___scrt_get_dyn_tls_init_callback 100176f3 f   LIBCMT:dyn_tls_init.obj
 0001:000166f9       ___scrt_fastfail           100176f9 f   LIBCMT:utility_desktop.obj
 0001:00016815       ___scrt_get_show_window_mode 10017815 f   LIBCMT:utility_desktop.obj
 0001:00016848       ___scrt_initialize_winrt   10017848 f   LIBCMT:utility_desktop.obj
 0001:0001684b       ___scrt_is_managed_app     1001784b f   LIBCMT:utility_desktop.obj
 0001:0001688f       ___scrt_set_unhandled_exception_filter 1001788f f   LIBCMT:utility_desktop.obj
 0001:0001689b       ___scrt_unhandled_exception_filter@4 1001789b f   LIBCMT:utility_desktop.obj
 0001:000168dc       __crt_debugger_hook        100178dc f   LIBCMT:utility_desktop.obj
 0001:000168e4       __RTC_Initialize           100178e4 f   LIBCMT:_initsect_.obj
 0001:0001690f       __RTC_Terminate            1001790f f   LIBCMT:_initsect_.obj
 0001:0001693a       @_guard_check_icall@4      1001793a f i LIBCMT:checkcfg.obj
 0001:00016940       __SEH_prolog4              10017940 f   LIBCMT:_sehprolg4_.obj
 0001:00016986       __SEH_epilog4              10017986 f   LIBCMT:_sehprolg4_.obj
 0001:00016bac       ?_RTC_GetSrcLine@@YAHPAEPA_WKPAH1K@Z 10017bac f   LIBCMT:_pdblkup_.obj
 0001:00016ee6       __get_startup_argv_mode    10017ee6 f   LIBCMT:argv_mode.obj
 0001:00016eea       ___scrt_is_ucrt_dll_in_use 10017eea f   LIBCMT:ucrt_detection.obj
 0001:00016ef6       @_guard_check_icall_nop@4  10017ef6 f i LIBCMT:guard_support.obj
 0001:00016ef7       _ReadNoFence               10017ef7 f i LIBCMT:guard_support.obj
 0001:00016f01       _ReadPointerNoFence        10017f01 f i LIBCMT:guard_support.obj
 0001:00016f0b       __guard_icall_checks_enforced 10017f0b f i LIBCMT:guard_support.obj
 0001:00016f1d       _IsDebuggerPresent@0       10017f1d f   kernel32:KERNEL32.dll
 0001:00016f23       _RaiseException@16         10017f23 f   kernel32:KERNEL32.dll
 0001:00016f29       _MultiByteToWideChar@24    10017f29 f   kernel32:KERNEL32.dll
 0001:00016f2f       _WideCharToMultiByte@32    10017f2f f   kernel32:KERNEL32.dll
 0001:00016f35       _UnhandledExceptionFilter@4 10017f35 f   kernel32:KERNEL32.dll
 0001:00016f3b       _SetUnhandledExceptionFilter@4 10017f3b f   kernel32:KERNEL32.dll
 0001:00016f41       _GetCurrentProcess@0       10017f41 f   kernel32:KERNEL32.dll
 0001:00016f47       _TerminateProcess@8        10017f47 f   kernel32:KERNEL32.dll
 0001:00016f4d       _IsProcessorFeaturePresent@4 10017f4d f   kernel32:KERNEL32.dll
 0001:00016f53       _QueryPerformanceCounter@4 10017f53 f   kernel32:KERNEL32.dll
 0001:00016f59       _GetCurrentProcessId@0     10017f59 f   kernel32:KERNEL32.dll
 0001:00016f5f       _GetCurrentThreadId@0      10017f5f f   kernel32:KERNEL32.dll
 0001:00016f65       _GetSystemTimeAsFileTime@4 10017f65 f   kernel32:KERNEL32.dll
 0001:00016f6b       _InitializeSListHead@4     10017f6b f   kernel32:KERNEL32.dll
 0001:00016f71       _GetStartupInfoW@4         10017f71 f   kernel32:KERNEL32.dll
 0001:00016f77       _GetModuleHandleW@4        10017f77 f   kernel32:KERNEL32.dll
 0001:00016f7d       _GetLastError@0            10017f7d f   kernel32:KERNEL32.dll
 0001:00016f83       _HeapAlloc@12              10017f83 f   kernel32:KERNEL32.dll
 0001:00016f89       _HeapFree@12               10017f89 f   kernel32:KERNEL32.dll
 0001:00016f8f       _GetProcessHeap@0          10017f8f f   kernel32:KERNEL32.dll
 0001:00016f95       _VirtualQuery@12           10017f95 f   kernel32:KERNEL32.dll
 0001:00016f9b       _FreeLibrary@4             10017f9b f   kernel32:KERNEL32.dll
 0001:00016fa1       _GetProcAddress@8          10017fa1 f   kernel32:KERNEL32.dll
 0001:00016fb0       _memcpy                    10017fb0 f   libvcruntime:memcpy.obj
 0001:00017530       _memset                    10018530 f   libvcruntime:memset.obj
 0001:000176d0       __except_handler4          100186d0 f   libvcruntime:_chandler4_.obj
 0001:0001783b       ??$?RD@__crt_internal_free_policy@@QBEXQBD@Z 1001883b f i libvcruntime:std_type_info.obj
 0001:0001784b       ??$?RX@__crt_internal_free_policy@@QBEXQBX@Z 1001884b f i libvcruntime:std_type_info.obj
 0001:0001785b       ??$__crt_interlocked_compare_exchange_pointer@$$CBDPAD$$T@@YAPBDPDSBDQAD$$T@Z 1001885b f i libvcruntime:std_type_info.obj
 0001:0001786d       ??$__crt_interlocked_read_pointer@$$CBD@@YAPBDPDSBD@Z 1001886d f i libvcruntime:std_type_info.obj
 0001:00017877       ??0?$__crt_unique_heap_ptr@DU__crt_internal_free_policy@@@@QAE@QAD@Z 10018877 f i libvcruntime:std_type_info.obj
 0001:00017885       ??0?$__crt_unique_heap_ptr@XU__crt_internal_free_policy@@@@QAE@QAX@Z 10018885 f i libvcruntime:std_type_info.obj
 0001:00017893       ??1?$__crt_unique_heap_ptr@DU__crt_internal_free_policy@@@@QAE@XZ 10018893 f i libvcruntime:std_type_info.obj
 0001:000178a3       ??1?$__crt_unique_heap_ptr@XU__crt_internal_free_policy@@@@QAE@XZ 100188a3 f i libvcruntime:std_type_info.obj
 0001:000178bf       ??B?$__crt_unique_heap_ptr@DU__crt_internal_free_policy@@@@QBE_NXZ 100188bf f i libvcruntime:std_type_info.obj
 0001:000178c6       ??B?$__crt_unique_heap_ptr@XU__crt_internal_free_policy@@@@QBE_NXZ 100188c6 f i libvcruntime:std_type_info.obj
 0001:000178ed       ?__crt_interlocked_read_32@@YAHPDH@Z 100188ed f i libvcruntime:std_type_info.obj
 0001:000178f7       ?detach@?$__crt_unique_heap_ptr@XU__crt_internal_free_policy@@@@QAEPAXXZ 100188f7 f i libvcruntime:std_type_info.obj
 0001:000178fd       ?get@?$__crt_unique_heap_ptr@DU__crt_internal_free_policy@@@@QBEPADXZ 100188fd f i libvcruntime:std_type_info.obj
 0001:00017900       ?get@?$__crt_unique_heap_ptr@XU__crt_internal_free_policy@@@@QBEPAXXZ 10018900 f i libvcruntime:std_type_info.obj
 0001:00017903       ?is_valid@?$__crt_unique_heap_ptr@DU__crt_internal_free_policy@@@@QBE_NXZ 10018903 f i libvcruntime:std_type_info.obj
 0001:0001790a       ?is_valid@?$__crt_unique_heap_ptr@XU__crt_internal_free_policy@@@@QBE_NXZ 1001890a f i libvcruntime:std_type_info.obj
 0001:00017911       ?release@?$__crt_unique_heap_ptr@DU__crt_internal_free_policy@@@@QAEXXZ 10018911 f i libvcruntime:std_type_info.obj
 0001:00017921       ?release@?$__crt_unique_heap_ptr@XU__crt_internal_free_policy@@@@QAEXXZ 10018921 f i libvcruntime:std_type_info.obj
 0001:00017931       ___std_type_info_compare   10018931 f   libvcruntime:std_type_info.obj
 0001:0001796d       ___std_type_info_destroy_list 1001896d f   libvcruntime:std_type_info.obj
 0001:00017990       ___std_type_info_hash      10018990 f   libvcruntime:std_type_info.obj
 0001:000179b6       ___std_type_info_name      100189b6 f   libvcruntime:std_type_info.obj
 0001:00017a7b       ___vcrt_initialize         10018a7b f   libvcruntime:initialization.obj
 0001:00017aa4       ___vcrt_thread_attach      10018aa4 f   libvcruntime:initialization.obj
 0001:00017aaf       ___vcrt_thread_detach      10018aaf f   libvcruntime:initialization.obj
 0001:00017aba       ___vcrt_uninitialize       10018aba f   libvcruntime:initialization.obj
 0001:00017ad9       ___vcrt_uninitialize_critical 10018ad9 f   libvcruntime:initialization.obj
 0001:00017ae2       ___vcrt_GetModuleFileNameW 10018ae2 f   libvcruntime:winapi_thunks.obj
 0001:00017af6       ___vcrt_GetModuleHandleW   10018af6 f   libvcruntime:winapi_thunks.obj
 0001:00017b04       ___vcrt_LoadLibraryExW     10018b04 f   libvcruntime:winapi_thunks.obj
 0001:00017b20       __local_unwind4            10018b20 f   libvcruntime:_exsup4_.obj
 0001:00017bf8       __seh_longjmp_unwind4@4    10018bf8 f   libvcruntime:_exsup4_.obj
 0001:00017c20       @_EH4_CallFilterFunc@8     10018c20 f   libvcruntime:_exsup4_.obj
 0001:00017c38       @_EH4_TransferToHandler@8  10018c38 f   libvcruntime:_exsup4_.obj
 0001:00017c54       @_EH4_GlobalUnwind2@8      10018c54 f   libvcruntime:_exsup4_.obj
 0001:00017c70       @_EH4_LocalUnwind@16       10018c70 f   libvcruntime:_exsup4_.obj
 0001:00017c92       ___except_validate_context_record 10018c92 f   libvcruntime:jbcxrval.obj
 0001:00017cc2       ___except_validate_jump_buffer 10018cc2 f   libvcruntime:jbcxrval.obj
 0001:00017cef       ___except_validate_jump_buffer_common 10018cef f i libvcruntime:jbcxrval.obj
 0001:00017d27       ??0Block@_HeapManager@@QAE@XZ 10018d27 f i libvcruntime:undname.obj
 0001:00017d2d       ??0DName@@QAE@AAPBDD@Z     10018d2d f   libvcruntime:undname.obj
 0001:00017ddf       ??0DName@@QAE@ABV0@@Z      10018ddf f i libvcruntime:undname.obj
 0001:00017df5       ??0DName@@QAE@D@Z          10018df5 f   libvcruntime:undname.obj
 0001:00017e1a       ??0DName@@QAE@PAV0@@Z      10018e1a f   libvcruntime:undname.obj
 0001:00017e62       ??0DName@@QAE@PBD@Z        10018e62 f   libvcruntime:undname.obj
 0001:00017e95       ??0DName@@QAE@W4DNameStatus@@@Z 10018e95 f   libvcruntime:undname.obj
 0001:00017ec6       ??0DName@@QAE@XZ           10018ec6 f i libvcruntime:undname.obj
 0001:00017ed0       ??0DName@@QAE@_J@Z         10018ed0 f   libvcruntime:undname.obj
 0001:00017f5e       ??0DName@@QAE@_K@Z         10018f5e f   libvcruntime:undname.obj
 0001:00017fc6       ??0DNameNode@@IAE@XZ       10018fc6 f i libvcruntime:undname.obj
 0001:00017fcf       ??0Replicator@@QAE@XZ      10018fcf f i libvcruntime:undname.obj
 0001:00017fd7       ??0UnDecorator@@QAE@PADPBDHP6APADJ@ZK@Z 10018fd7 f i libvcruntime:undname.obj
 0001:00018032       ??0charNode@@QAE@D@Z       10019032 f i libvcruntime:undname.obj
 0001:00018047       ??0pDNameNode@@QAE@PAVDName@@@Z 10019047 f   libvcruntime:undname.obj
 0001:0001806f       ??0pairNode@@QAE@PBVDNameNode@@0@Z 1001906f f i libvcruntime:undname.obj
 0001:0001808e       ??0pcharNode@@QAE@PBDH@Z   1001908e f   libvcruntime:undname.obj
 0001:000180e7       ??2@YAPAXIAAV_HeapManager@@H@Z 100190e7 f i libvcruntime:undname.obj
 0001:000180fc       ??4DName@@QAEAAV0@ABV0@@Z  100190fc f   libvcruntime:undname.obj
 0001:00018112       ??4DName@@QAEAAV0@D@Z      10019112 f i libvcruntime:undname.obj
 0001:00018137       ??4DName@@QAEAAV0@PAV0@@Z  10019137 f   libvcruntime:undname.obj
 0001:00018179       ??4DName@@QAEAAV0@PBD@Z    10019179 f   libvcruntime:undname.obj
 0001:000181a4       ??4DName@@QAEAAV0@W4DNameStatus@@@Z 100191a4 f   libvcruntime:undname.obj
 0001:000181c5       ??AReplicator@@QBE?AVDName@@H@Z 100191c5 f   libvcruntime:undname.obj
 0001:00018201       ??BUnDecorator@@QAEPADXZ   10019201 f i libvcruntime:undname.obj
 0001:00018373       ??H@YA?AVDName@@DABV0@@Z   10019373 f i libvcruntime:undname.obj
 0001:00018397       ??H@YA?AVDName@@PBDABV0@@Z 10019397 f i libvcruntime:undname.obj
 0001:000183bb       ??H@YA?AVDName@@W4DNameStatus@@ABV0@@Z 100193bb f i libvcruntime:undname.obj
 0001:000183df       ??HDName@@QBE?AV0@ABV0@@Z  100193df f   libvcruntime:undname.obj
 0001:00018401       ??HDName@@QBE?AV0@D@Z      10019401 f   libvcruntime:undname.obj
 0001:00018423       ??HDName@@QBE?AV0@PAV0@@Z  10019423 f   libvcruntime:undname.obj
 0001:00018445       ??HDName@@QBE?AV0@PBD@Z    10019445 f   libvcruntime:undname.obj
 0001:00018467       ??HDName@@QBE?AV0@W4DNameStatus@@@Z 10019467 f   libvcruntime:undname.obj
 0001:00018489       ??YDName@@QAEAAV0@ABV0@@Z  10019489 f   libvcruntime:undname.obj
 0001:000184ca       ??YDName@@QAEAAV0@D@Z      100194ca f   libvcruntime:undname.obj
 0001:0001851a       ??YDName@@QAEAAV0@PAV0@@Z  1001951a f   libvcruntime:undname.obj
 0001:0001857f       ??YDName@@QAEAAV0@PBD@Z    1001957f f   libvcruntime:undname.obj
 0001:000185e0       ??YDName@@QAEAAV0@W4DNameStatus@@@Z 100195e0 f   libvcruntime:undname.obj
 0001:0001862b       ??YReplicator@@QAEAAV0@ABVDName@@@Z 1001962b f   libvcruntime:undname.obj
 0001:00018675       ??_5DName@@QAEAAV0@ABV0@@Z 10019675 f   libvcruntime:undname.obj
 0001:00018691       ?Constructor@_HeapManager@@QAEXP6APAXI@ZP6AXPAX@Z@Z 10019691 f i libvcruntime:undname.obj
 0001:000186ae       ?Destructor@_HeapManager@@QAEXXZ 100196ae f i libvcruntime:undname.obj
 0001:000186e5       ?UScore@UnDecorator@@SAPBDW4Tokens@@@Z 100196e5 f   libvcruntime:undname.obj
 0001:00018702       ?append@DName@@AAEXPBVDNameNode@@@Z 10019702 f   libvcruntime:undname.obj
 0001:00018748       ?composeDeclaration@UnDecorator@@CA?AVDName@@ABV2@@Z 10019748 f i libvcruntime:undname.obj
 0001:000194a5       ?doAccessSpecifiers@UnDecorator@@SAHXZ 1001a4a5 f i libvcruntime:undname.obj
 0001:000194b3       ?doAllocationLanguage@UnDecorator@@SAHXZ 1001a4b3 f i libvcruntime:undname.obj
 0001:000194c1       ?doAllocationModel@UnDecorator@@SAHXZ 1001a4c1 f i libvcruntime:undname.obj
 0001:000194cf       ?doEcsu@UnDecorator@@SAHXZ 1001a4cf f i libvcruntime:undname.obj
 0001:000194dd       ?doEllipsis@UnDecorator@@SAHXZ 1001a4dd f i libvcruntime:undname.obj
 0001:000194eb       ?doFunctionReturns@UnDecorator@@SAHXZ 1001a4eb f i libvcruntime:undname.obj
 0001:000194f9       ?doMSKeywords@UnDecorator@@SAHXZ 1001a4f9 f i libvcruntime:undname.obj
 0001:00019506       ?doMemberTypes@UnDecorator@@SAHXZ 1001a506 f i libvcruntime:undname.obj
 0001:00019514       ?doNameOnly@UnDecorator@@SAHXZ 1001a514 f i libvcruntime:undname.obj
 0001:0001951f       ?doNoIdentCharCheck@UnDecorator@@SAHXZ 1001a51f f i libvcruntime:undname.obj
 0001:0001952a       ?doPchar@DName@@AAEXPBDH@Z 1001a52a f   libvcruntime:undname.obj
 0001:000195b0       ?doPtr64@UnDecorator@@SAHXZ 1001a5b0 f i libvcruntime:undname.obj
 0001:000195be       ?doRestrictionSpec@UnDecorator@@SAHXZ 1001a5be f i libvcruntime:undname.obj
 0001:000195cc       ?doThisTypes@UnDecorator@@SAHXZ 1001a5cc f i libvcruntime:undname.obj
 0001:000195de       ?doThrowTypes@UnDecorator@@SAHXZ 1001a5de f i libvcruntime:undname.obj
 0001:000195ec       ?doTypeOnly@UnDecorator@@SAHXZ 1001a5ec f i libvcruntime:undname.obj
 0001:000195f7       ?doUnderScore@UnDecorator@@SAHXZ 1001a5f7 f i libvcruntime:undname.obj
 0001:00019602       ?getArgumentList@UnDecorator@@CA?AVDName@@XZ 1001a602 f   libvcruntime:undname.obj
 0001:000196fa       ?getArgumentTypes@UnDecorator@@CA?AVDName@@XZ 1001a6fa f   libvcruntime:undname.obj
 0001:000197da       ?getArrayType@UnDecorator@@CA?AVDName@@ABV2@@Z 1001a7da f i libvcruntime:undname.obj
 0001:000199cf       ?getBasedType@UnDecorator@@CA?AVDName@@XZ 1001a9cf f   libvcruntime:undname.obj
 0001:00019a73       ?getBasicDataType@UnDecorator@@CA?AVDName@@ABV2@@Z 1001aa73 f   libvcruntime:undname.obj
 0001:00019e3e       ?getCallIndex@UnDecorator@@CA?AVDName@@XZ 1001ae3e f i libvcruntime:undname.obj
 0001:00019e52       ?getCallingConvention@UnDecorator@@CA?AVDName@@XZ 1001ae52 f   libvcruntime:undname.obj
 0001:00019f31       ?getDataIndirectType@UnDecorator@@CA?AVDName@@ABV2@PBD0H@Z 1001af31 f   libvcruntime:undname.obj
 0001:0001a578       ?getDataIndirectType@UnDecorator@@CA?AVDName@@XZ 1001b578 f i libvcruntime:undname.obj
 0001:0001a5ac       ?getDataType@UnDecorator@@CA?AVDName@@PAV2@@Z 1001b5ac f   libvcruntime:undname.obj
 0001:0001a67a       ?getDecoratedName@UnDecorator@@CA?AVDName@@XZ 1001b67a f   libvcruntime:undname.obj
 0001:0001a8c2       ?getDimension@UnDecorator@@CA?AVDName@@_N@Z 1001b8c2 f   libvcruntime:undname.obj
 0001:0001a9fc       ?getDispatchTarget@UnDecorator@@CA?AVDName@@XZ 1001b9fc f   libvcruntime:undname.obj
 0001:0001aa4f       ?getDisplacement@UnDecorator@@CA?AVDName@@XZ 1001ba4f f i libvcruntime:undname.obj
 0001:0001aa63       ?getECSUDataType@UnDecorator@@CA?AVDName@@XZ 1001ba63 f   libvcruntime:undname.obj
 0001:0001ab78       ?getECSUName@UnDecorator@@CA?AVDName@@XZ 1001bb78 f i libvcruntime:undname.obj
 0001:0001ab89       ?getEnumType@UnDecorator@@CA?AVDName@@XZ 1001bb89 f i libvcruntime:undname.obj
 0001:0001ac71       ?getExtendedDataIndirectType@UnDecorator@@CA?AVDName@@AAPBDAA_NH@Z 1001bc71 f   libvcruntime:undname.obj
 0001:0001ae28       ?getExternalDataType@UnDecorator@@CA?AVDName@@ABV2@@Z 1001be28 f i libvcruntime:undname.obj
 0001:0001ae9a       ?getFunctionIndirectType@UnDecorator@@CA?AVDName@@ABV2@@Z 1001be9a f   libvcruntime:undname.obj
 0001:0001b2b2       ?getGuardNumber@UnDecorator@@CA?AVDName@@XZ 1001c2b2 f i libvcruntime:undname.obj
 0001:0001b2c6       ?getLastChar@DName@@QBEDXZ 1001c2c6 f i libvcruntime:undname.obj
 0001:0001b2e5       ?getLastChar@DNameStatusNode@@UBEDXZ 1001c2e5 f i libvcruntime:undname.obj
 0001:0001b2f1       ?getLastChar@charNode@@UBEDXZ 1001c2f1 f i libvcruntime:undname.obj
 0001:0001b2f5       ?getLastChar@pDNameNode@@UBEDXZ 1001c2f5 f i libvcruntime:undname.obj
 0001:0001b31b       ?getLastChar@pairNode@@UBEDXZ 1001c31b f i libvcruntime:undname.obj
 0001:0001b34e       ?getLastChar@pcharNode@@UBEDXZ 1001c34e f i libvcruntime:undname.obj
 0001:0001b360       ?getLexicalFrame@UnDecorator@@CA?AVDName@@XZ 1001c360 f i libvcruntime:undname.obj
 0001:0001b39d       ?getMemory@_HeapManager@@QAEPAXIH@Z 1001c39d f   libvcruntime:undname.obj
 0001:0001b423       ?getNoexcept@UnDecorator@@CA?AVDName@@XZ 1001c423 f   libvcruntime:undname.obj
 0001:0001b468       ?getNumberOfDimensions@UnDecorator@@CAHXZ 1001c468 f   libvcruntime:undname.obj
 0001:0001b4c9       ?getOperatorName@UnDecorator@@CA?AVDName@@_NPA_N@Z 1001c4c9 f i libvcruntime:undname.obj
 0001:0001bb09       ?getPointerType@UnDecorator@@CA?AVDName@@ABV2@0@Z 1001cb09 f i libvcruntime:undname.obj
 0001:0001bb27       ?getPointerTypeArray@UnDecorator@@CA?AVDName@@ABV2@0@Z 1001cb27 f i libvcruntime:undname.obj
 0001:0001bb45       ?getPrimaryDataType@UnDecorator@@CA?AVDName@@ABV2@@Z 1001cb45 f   libvcruntime:undname.obj
 0001:0001bd3e       ?getPtrRefDataType@UnDecorator@@CA?AVDName@@ABV2@H@Z 1001cd3e f   libvcruntime:undname.obj
 0001:0001be71       ?getPtrRefType@UnDecorator@@CA?AVDName@@ABV2@0PBD@Z 1001ce71 f   libvcruntime:undname.obj
 0001:0001bf6d       ?getReferenceType@UnDecorator@@CA?AVDName@@ABV2@0PBD@Z 1001cf6d f i libvcruntime:undname.obj
 0001:0001bf89       ?getRestrictionSpec@UnDecorator@@CA?AVDName@@XZ 1001cf89 f   libvcruntime:undname.obj
 0001:0001c094       ?getReturnType@UnDecorator@@CA?AVDName@@PAV2@@Z 1001d094 f   libvcruntime:undname.obj
 0001:0001c0c3       ?getScope@UnDecorator@@CA?AVDName@@XZ 1001d0c3 f   libvcruntime:undname.obj
 0001:0001c475       ?getScopedName@UnDecorator@@CA?AVDName@@XZ 1001d475 f   libvcruntime:undname.obj
 0001:0001c551       ?getSignedDimension@UnDecorator@@CA?AVDName@@XZ 1001d551 f   libvcruntime:undname.obj
 0001:0001c5a4       ?getStorageConvention@UnDecorator@@CA?AVDName@@XZ 1001d5a4 f i libvcruntime:undname.obj
 0001:0001c5b5       ?getString@DName@@QBEPADPAD0@Z 1001d5b5 f i libvcruntime:undname.obj
 0001:0001c5e1       ?getString@DName@@QBEPADPADH@Z 1001d5e1 f i libvcruntime:undname.obj
 0001:0001c643       ?getString@DNameStatusNode@@UBEPADPAD0@Z 1001d643 f i libvcruntime:undname.obj
 0001:0001c66a       ?getString@charNode@@UBEPADPAD0@Z 1001d66a f i libvcruntime:undname.obj
 0001:0001c67f       ?getString@pDNameNode@@UBEPADPAD0@Z 1001d67f f i libvcruntime:undname.obj
 0001:0001c696       ?getString@pairNode@@UBEPADPAD0@Z 1001d696 f i libvcruntime:undname.obj
 0001:0001c6da       ?getString@pcharNode@@UBEPADPAD0@Z 1001d6da f i libvcruntime:undname.obj
 0001:0001c6f5       ?getStringEncoding@UnDecorator@@CA?AVDName@@PBDH@Z 1001d6f5 f   libvcruntime:undname.obj
 0001:0001c79b       ?getStringHelper@@YAPADPADPBD1H@Z 1001d79b f i libvcruntime:undname.obj
 0001:0001c7d2       ?getSymbolName@UnDecorator@@CA?AVDName@@XZ 1001d7d2 f i libvcruntime:undname.obj
 0001:0001c81a       ?getTemplateArgumentList@UnDecorator@@CA?AVDName@@XZ 1001d81a f   libvcruntime:undname.obj
 0001:0001cad0       ?getTemplateConstant@UnDecorator@@CA?AVDName@@XZ 1001dad0 f   libvcruntime:undname.obj
 0001:0001ce0d       ?getTemplateName@UnDecorator@@CA?AVDName@@_N@Z 1001de0d f   libvcruntime:undname.obj
 0001:0001cf83       ?getThisType@UnDecorator@@CA?AVDName@@XZ 1001df83 f i libvcruntime:undname.obj
 0001:0001cfb8       ?getThrowTypes@UnDecorator@@CA?AVDName@@XZ 1001dfb8 f   libvcruntime:undname.obj
 0001:0001cfdb       ?getTypeEncoding@UnDecorator@@CAHXZ 1001dfdb f i libvcruntime:undname.obj
 0001:0001d2e3       ?getVCallThunkType@UnDecorator@@CA?AVDName@@XZ 1001e2e3 f i libvcruntime:undname.obj
 0001:0001d31e       ?getVbTableType@UnDecorator@@CA?AVDName@@ABV2@@Z 1001e31e f i libvcruntime:undname.obj
 0001:0001d333       ?getVdispMapType@UnDecorator@@CA?AVDName@@ABV2@@Z 1001e333 f i libvcruntime:undname.obj
 0001:0001d389       ?getVfTableType@UnDecorator@@CA?AVDName@@ABV2@@Z 1001e389 f i libvcruntime:undname.obj
 0001:0001d507       ?getZName@UnDecorator@@CA?AVDName@@_N0@Z 1001e507 f   libvcruntime:undname.obj
 0001:0001d713       ?haveTemplateParameters@UnDecorator@@SAHXZ 1001e713 f i libvcruntime:undname.obj
 0001:0001d71e       ?isArray@DName@@QBEHXZ     1001e71e f i libvcruntime:undname.obj
 0001:0001d728       ?isComArray@DName@@QBEHXZ  1001e728 f i libvcruntime:undname.obj
 0001:0001d732       ?isEmpty@DName@@QBEHXZ     1001e732 f i libvcruntime:undname.obj
 0001:0001d73a       ?isFull@Replicator@@QBEHXZ 1001e73a f i libvcruntime:undname.obj
 0001:0001d743       ?isNoTE@DName@@QBEHXZ      1001e743 f i libvcruntime:undname.obj
 0001:0001d74d       ?isPinPtr@DName@@QBEHXZ    1001e74d f i libvcruntime:undname.obj
 0001:0001d757       ?isPtrRef@DName@@QBEHXZ    1001e757 f i libvcruntime:undname.obj
 0001:0001d761       ?isUDC@DName@@QBEHXZ       1001e761 f i libvcruntime:undname.obj
 0001:0001d772       ?isUDTThunk@DName@@QBEHXZ  1001e772 f i libvcruntime:undname.obj
 0001:0001d783       ?isVCallThunk@DName@@QBEHXZ 1001e783 f i libvcruntime:undname.obj
 0001:0001d78d       ?isValid@DName@@QBEHXZ     1001e78d f i libvcruntime:undname.obj
 0001:0001d797       ?length@DName@@QBEHXZ      1001e797 f i libvcruntime:undname.obj
 0001:0001d7b5       ?length@DNameStatusNode@@UBEHXZ 1001e7b5 f i libvcruntime:undname.obj
 0001:0001d7b9       ?length@charNode@@UBEHXZ   1001e7b9 f i libvcruntime:undname.obj
 0001:0001d7bd       ?length@pDNameNode@@UBEHXZ 1001e7bd f i libvcruntime:undname.obj
 0001:0001d7e2       ?length@pairNode@@UBEHXZ   1001e7e2 f i libvcruntime:undname.obj
 0001:0001d828       ?length@pcharNode@@UBEHXZ  1001e828 f i libvcruntime:undname.obj
 0001:0001d82c       ?make@DNameStatusNode@@SAPBV1@W4DNameStatus@@@Z 1001e82c f i libvcruntime:undname.obj
 0001:0001d848       ?setIsArray@DName@@QAEXXZ  1001e848 f i libvcruntime:undname.obj
 0001:0001d850       ?setIsComArray@DName@@QAEXXZ 1001e850 f i libvcruntime:undname.obj
 0001:0001d858       ?setIsNoTE@DName@@QAEXXZ   1001e858 f i libvcruntime:undname.obj
 0001:0001d860       ?setIsPinPtr@DName@@QAEXXZ 1001e860 f i libvcruntime:undname.obj
 0001:0001d868       ?setIsUDC@DName@@QAEXXZ    1001e868 f i libvcruntime:undname.obj
 0001:0001d875       ?setIsVCallThunk@DName@@QAEXXZ 1001e875 f i libvcruntime:undname.obj
 0001:0001d87d       ?setPtrRef@DName@@QAEAAV1@XZ 1001e87d f i libvcruntime:undname.obj
 0001:0001d887       ?status@DName@@QBE?AW4DNameStatus@@XZ 1001e887 f i libvcruntime:undname.obj
 0001:0001d8f3       ___unDName                 1001e8f3 f   libvcruntime:undname.obj
 0001:0001d988       ___unDNameEx               1001e988 f   libvcruntime:undname.obj
 0001:0001da1d       ??$?RU__vcrt_ptd@@@__crt_internal_free_policy@@QBEXQBU__vcrt_ptd@@@Z 1001ea1d f i libvcruntime:per_thread_data.obj
 0001:0001da2d       ??0?$__crt_unique_heap_ptr@U__vcrt_ptd@@U__crt_internal_free_policy@@@@QAE@QAU__vcrt_ptd@@@Z 1001ea2d f i libvcruntime:per_thread_data.obj
 0001:0001da4a       ??1?$__crt_unique_heap_ptr@U__vcrt_ptd@@U__crt_internal_free_policy@@@@QAE@XZ 1001ea4a f i libvcruntime:per_thread_data.obj
 0001:0001da63       ??B?$__crt_unique_heap_ptr@U__vcrt_ptd@@U__crt_internal_free_policy@@@@QBE_NXZ 1001ea63 f i libvcruntime:per_thread_data.obj
 0001:0001da6a       ?detach@?$__crt_unique_heap_ptr@U__vcrt_ptd@@U__crt_internal_free_policy@@@@QAEPAU__vcrt_ptd@@XZ 1001ea6a f i libvcruntime:per_thread_data.obj
 0001:0001da70       ?get@?$__crt_unique_heap_ptr@U__vcrt_ptd@@U__crt_internal_free_policy@@@@QBEPAU__vcrt_ptd@@XZ 1001ea70 f i libvcruntime:per_thread_data.obj
 0001:0001da73       ?is_valid@?$__crt_unique_heap_ptr@U__vcrt_ptd@@U__crt_internal_free_policy@@@@QBE_NXZ 1001ea73 f i libvcruntime:per_thread_data.obj
 0001:0001da7a       ?release@?$__crt_unique_heap_ptr@U__vcrt_ptd@@U__crt_internal_free_policy@@@@QAEXXZ 1001ea7a f i libvcruntime:per_thread_data.obj
 0001:0001daa4       ___vcrt_freefls@4          1001eaa4 f   libvcruntime:per_thread_data.obj
 0001:0001dac0       ___vcrt_freeptd            1001eac0 f   libvcruntime:per_thread_data.obj
 0001:0001db03       ___vcrt_getptd             1001eb03 f   libvcruntime:per_thread_data.obj
 0001:0001db11       ___vcrt_getptd_noexit      1001eb11 f   libvcruntime:per_thread_data.obj
 0001:0001dba3       ___vcrt_getptd_noinit      1001eba3 f   libvcruntime:per_thread_data.obj
 0001:0001dbda       ___vcrt_initialize_ptd     1001ebda f   libvcruntime:per_thread_data.obj
 0001:0001dc20       ___vcrt_uninitialize_ptd   1001ec20 f   libvcruntime:per_thread_data.obj
 0001:0001dc3b       ___vcrt_initialize_locks   1001ec3b f   libvcruntime:locks.obj
 0001:0001dc77       ___vcrt_lock               1001ec77 f   libvcruntime:locks.obj
 0001:0001dc8c       ___vcrt_uninitialize_locks 1001ec8c f   libvcruntime:locks.obj
 0001:0001dcbb       ___vcrt_unlock             1001ecbb f   libvcruntime:locks.obj
 0001:0001dcd0       ??$?BX@__crt_fast_encoded_nullptr_t@@QBEPAXXZ 1001ecd0 f i libvcruntime:winapi_downlevel.obj
 0001:0001dce8       ??$__crt_fast_decode_pointer@PAX@@YAPAXQAX@Z 1001ece8 f i libvcruntime:winapi_downlevel.obj
 0001:0001dcfc       ??$__crt_fast_encode_pointer@PAX@@YAPAXQAX@Z 1001ecfc f i libvcruntime:winapi_downlevel.obj
 0001:0001dd19       ??$__crt_interlocked_exchange_pointer@UHINSTANCE__@@PAU1@@@YAPAUHINSTANCE__@@PDSAU0@QAU0@@Z 1001ed19 f i libvcruntime:winapi_downlevel.obj
 0001:0001dd26       ??$__crt_interlocked_exchange_pointer@UHINSTANCE__@@PAX@@YAPAUHINSTANCE__@@PDSAU0@QAX@Z 1001ed26 f i libvcruntime:winapi_downlevel.obj
 0001:0001dd33       ??$__crt_interlocked_exchange_pointer@XPAX@@YAPAXPDSAXQAX@Z 1001ed33 f i libvcruntime:winapi_downlevel.obj
 0001:0001dd40       ??$__crt_interlocked_read_pointer@UHINSTANCE__@@@@YAPAUHINSTANCE__@@PDSAU0@@Z 1001ed40 f i libvcruntime:winapi_downlevel.obj
 0001:0001dd4a       ??$__crt_interlocked_read_pointer@X@@YAPAXPDSAX@Z 1001ed4a f i libvcruntime:winapi_downlevel.obj
 0001:0001dd54       ?__crt_fast_encode_pointer@@YA?AU__crt_fast_encoded_nullptr_t@@$$T@Z 1001ed54 f i libvcruntime:winapi_downlevel.obj
 0001:0001e004       ___vcrt_FlsAlloc           1001f004 f   libvcruntime:winapi_downlevel.obj
 0001:0001e03e       ___vcrt_FlsFree            1001f03e f   libvcruntime:winapi_downlevel.obj
 0001:0001e078       ___vcrt_FlsGetValue        1001f078 f   libvcruntime:winapi_downlevel.obj
 0001:0001e0b2       ___vcrt_FlsSetValue        1001f0b2 f   libvcruntime:winapi_downlevel.obj
 0001:0001e0ef       ___vcrt_InitializeCriticalSectionEx 1001f0ef f   libvcruntime:winapi_downlevel.obj
 0001:0001e135       ___vcrt_initialize_winapi_thunks 1001f135 f   libvcruntime:winapi_downlevel.obj
 0001:0001e16f       ___vcrt_uninitialize_winapi_thunks 1001f16f f   libvcruntime:winapi_downlevel.obj
 0001:0001e1a1       ??$?B$$A6AXXZ@__crt_fast_encoded_nullptr_t@@QBEP6AXXZXZ 1001f1a1 f i libvcruntime:purevirt_data.obj
 0001:0001e1b9       ??$__crt_fast_encode_pointer@P6AXXZ@@YAP6AXXZQ6AXXZ@Z 1001f1b9 f i libvcruntime:purevirt_data.obj
 0001:0001e1d6       ___vcrt_initialize_pure_virtual_call_handler 1001f1d6 f   libvcruntime:purevirt_data.obj
 0001:0001e200       __global_unwind2           1001f200 f   libvcruntime:_exsup_.obj
 0001:0001e266       __local_unwind2            1001f266 f   libvcruntime:_exsup_.obj
 0001:0001e2ea       __abnormal_termination     1001f2ea f   libvcruntime:_exsup_.obj
 0001:0001e310       __NLG_Notify1              1001f310 f   libvcruntime:_exsup_.obj
 0001:0001e31c       __NLG_Notify               1001f31c f   libvcruntime:_exsup_.obj
 0001:0001e333       __NLG_Dispatch             1001f333     libvcruntime:_exsup_.obj
 0001:0001e333       __NLG_Dispatch2            1001f333     libvcruntime:_exsup_.obj
 0001:0001e33b       __NLG_Call                 1001f33b f   libvcruntime:_exsup_.obj
 0001:0001e33d       __NLG_Return2              1001f33d     libvcruntime:_exsup_.obj
 0001:0001e33e       ??$__crt_fast_decode_pointer@P6AXXZ@@YAP6AXXZQ6AXXZ@Z 1001f33e f i libvcruntime:purevirt.obj
 0001:0001e352       ??$__crt_interlocked_exchange_pointer@$$A6AXXZP6AXXZ@@YAP6AXXZPDS6AXXZQ6AXXZ@Z 1001f352 f i libvcruntime:purevirt.obj
 0001:0001e35f       ??$__crt_interlocked_read_pointer@$$A6AXXZ@@YAP6AXXZPDS6AXXZ@Z 1001f35f f i libvcruntime:purevirt.obj
 0001:0001e369       __get_purecall_handler     1001f369 f   libvcruntime:purevirt.obj
 0001:0001e37e       __purecall                 1001f37e f   libvcruntime:purevirt.obj
 0001:0001e3a6       __set_purecall_handler     1001f3a6 f   libvcruntime:purevirt.obj
 0001:0001e3e0       __libm_sse2_pow_precise    1001f3e0 f   libucrt:pow_sse2_precise.obj
 0001:0001ef30       _floor                     1001ff30 f   libucrt:floor_pentium4.obj
 0001:0001ef70       __floor_pentium4           1001ff70 f   libucrt:floor_pentium4.obj
 0001:0001f02d       __errcode                  1002002d f   libucrt:fpexcept.obj
 0001:0001f061       __except1                  10020061 f   libucrt:fpexcept.obj
 0001:0001f12f       __except2                  1002012f f   libucrt:fpexcept.obj
 0001:0001f237       __handle_exc               10020237 f   libucrt:fpexcept.obj
 0001:0001f424       __handle_qnan2             10020424 f   libucrt:fpexcept.obj
 0001:0001f431       __raise_exc                10020431 f   libucrt:fpexcept.obj
 0001:0001f454       __raise_exc_ex             10020454 f   libucrt:fpexcept.obj
 0001:0001f745       __raise_excf               10020745 f   libucrt:fpexcept.obj
 0001:0001f768       __set_errno_from_matherr   10020768 f   libucrt:fpexcept.obj
 0001:0001f797       __umatherr                 10020797 f   libucrt:fpexcept.obj
 0001:0001f839       __initterm                 10020839 f   libucrt:initterm.obj
 0001:0001f895       __initterm_e               10020895 f   libucrt:initterm.obj
 0001:0001f934       _strcpy_s                  10020934 f   libucrt:strcpy_s.obj
 0001:0001f9f7       _strcat_s                  100209f7 f   libucrt:strcat_s.obj
 0001:0001fa60       ??$?0ABV?$stream_output_adapter@D@__crt_stdio_output@@AB_KABQBDABQAU__crt_locale_pointers@@ABQAD@?$format_validation_base@DV?$stream_output_adapter@D@__crt_stdio_output@@@__crt_stdio_output@@IAE@ABV?$stream_output_adapter@D@1@AB_KABQBDABQAU__crt_locale_pointers@@ABQAD@Z 10020a60 f i libucrt:output.obj
 0001:0001fa83       ??$?0ABV?$stream_output_adapter@D@__crt_stdio_output@@AB_KABQBDABQAU__crt_locale_pointers@@ABQAD@?$positional_parameter_base@DV?$stream_output_adapter@D@__crt_stdio_output@@@__crt_stdio_output@@IAE@ABV?$stream_output_adapter@D@1@AB_KABQBDABQAU__crt_locale_pointers@@ABQAD@Z 10020a83 f i libucrt:output.obj
 0001:0001facb       ??$?0ABV?$stream_output_adapter@D@__crt_stdio_output@@AB_KABQBDABQAU__crt_locale_pointers@@ABQAD@?$standard_base@DV?$stream_output_adapter@D@__crt_stdio_output@@@__crt_stdio_output@@IAE@ABV?$stream_output_adapter@D@1@AB_KABQBDABQAU__crt_locale_pointers@@ABQAD@Z 10020acb f i libucrt:output.obj
 0001:0001fb00       ??$?0ABV?$stream_output_adapter@_W@__crt_stdio_output@@AB_KABQB_WABQAU__crt_locale_pointers@@ABQAD@?$format_validation_base@_WV?$stream_output_adapter@_W@__crt_stdio_output@@@__crt_stdio_output@@IAE@ABV?$stream_output_adapter@_W@1@AB_KABQB_WABQAU__crt_locale_pointers@@ABQAD@Z 10020b00 f i libucrt:output.obj
 0001:0001fb23       ??$?0ABV?$stream_output_adapter@_W@__crt_stdio_output@@AB_KABQB_WABQAU__crt_locale_pointers@@ABQAD@?$positional_parameter_base@_WV?$stream_output_adapter@_W@__crt_stdio_output@@@__crt_stdio_output@@IAE@ABV?$stream_output_adapter@_W@1@AB_KABQB_WABQAU__crt_locale_pointers@@ABQAD@Z 10020b23 f i libucrt:output.obj
 0001:0001fb6b       ??$?0ABV?$stream_output_adapter@_W@__crt_stdio_output@@AB_KABQB_WABQAU__crt_locale_pointers@@ABQAD@?$standard_base@_WV?$stream_output_adapter@_W@__crt_stdio_output@@@__crt_stdio_output@@IAE@ABV?$stream_output_adapter@_W@1@AB_KABQB_WABQAU__crt_locale_pointers@@ABQAD@Z 10020b6b f i libucrt:output.obj
 0001:0001fba0       ??$?0ABV?$string_output_adapter@D@__crt_stdio_output@@AB_KABQBDABQAU__crt_locale_pointers@@ABQAD@?$format_validation_base@DV?$string_output_adapter@D@__crt_stdio_output@@@__crt_stdio_output@@IAE@ABV?$string_output_adapter@D@1@AB_KABQBDABQAU__crt_locale_pointers@@ABQAD@Z 10020ba0 f i libucrt:output.obj
 0001:0001fbc3       ??$?0ABV?$string_output_adapter@D@__crt_stdio_output@@AB_KABQBDABQAU__crt_locale_pointers@@ABQAD@?$positional_parameter_base@DV?$string_output_adapter@D@__crt_stdio_output@@@__crt_stdio_output@@IAE@ABV?$string_output_adapter@D@1@AB_KABQBDABQAU__crt_locale_pointers@@ABQAD@Z 10020bc3 f i libucrt:output.obj
 0001:0001fc0b       ??$?0ABV?$string_output_adapter@D@__crt_stdio_output@@AB_KABQBDABQAU__crt_locale_pointers@@ABQAD@?$standard_base@DV?$string_output_adapter@D@__crt_stdio_output@@@__crt_stdio_output@@IAE@ABV?$string_output_adapter@D@1@AB_KABQBDABQAU__crt_locale_pointers@@ABQAD@Z 10020c0b f i libucrt:output.obj
 0001:0001fc40       ??$?0ABV?$string_output_adapter@_W@__crt_stdio_output@@AB_KABQB_WABQAU__crt_locale_pointers@@ABQAD@?$format_validation_base@_WV?$string_output_adapter@_W@__crt_stdio_output@@@__crt_stdio_output@@IAE@ABV?$string_output_adapter@_W@1@AB_KABQB_WABQAU__crt_locale_pointers@@ABQAD@Z 10020c40 f i libucrt:output.obj
 0001:0001fc63       ??$?0ABV?$string_output_adapter@_W@__crt_stdio_output@@AB_KABQB_WABQAU__crt_locale_pointers@@ABQAD@?$positional_parameter_base@_WV?$string_output_adapter@_W@__crt_stdio_output@@@__crt_stdio_output@@IAE@ABV?$string_output_adapter@_W@1@AB_KABQB_WABQAU__crt_locale_pointers@@ABQAD@Z 10020c63 f i libucrt:output.obj
 0001:0001fcab       ??$?0ABV?$string_output_adapter@_W@__crt_stdio_output@@AB_KABQB_WABQAU__crt_locale_pointers@@ABQAD@?$standard_base@_WV?$string_output_adapter@_W@__crt_stdio_output@@@__crt_stdio_output@@IAE@ABV?$string_output_adapter@_W@1@AB_KABQB_WABQAU__crt_locale_pointers@@ABQAD@Z 10020cab f i libucrt:output.obj
 0001:0001ffb6       ??$__crt_interlocked_read@J@@YAJPDJ@Z 10020fb6 f i libucrt:output.obj
 0001:00020ea3       ??$count@D@formatting_buffer@__crt_stdio_output@@QBEIXZ 10021ea3 f i libucrt:output.obj
 0001:00020ebb       ??$count@_W@formatting_buffer@__crt_stdio_output@@QBEIXZ 10021ebb f i libucrt:output.obj
 0001:00020ed4       ??$data@D@formatting_buffer@__crt_stdio_output@@QAEPADXZ 10021ed4 f i libucrt:output.obj
 0001:00020ee1       ??$data@_W@formatting_buffer@__crt_stdio_output@@QAEPA_WXZ 10021ee1 f i libucrt:output.obj
 0001:00020eee       ??$ensure_buffer_is_big_enough@D@formatting_buffer@__crt_stdio_output@@QAE_NI@Z 10021eee f i libucrt:output.obj
 0001:00020f6d       ??$ensure_buffer_is_big_enough@_W@formatting_buffer@__crt_stdio_output@@QAE_NI@Z 10021f6d f i libucrt:output.obj
 0001:00020fed       ??$extract_argument_from_va_list@C_J@?$positional_parameter_base@DV?$stream_output_adapter@D@__crt_stdio_output@@@__crt_stdio_output@@IAE_NAA_J@Z 10021fed f i libucrt:output.obj
 0001:00021068       ??$extract_argument_from_va_list@C_J@?$positional_parameter_base@DV?$string_output_adapter@D@__crt_stdio_output@@@__crt_stdio_output@@IAE_NAA_J@Z 10022068 f i libucrt:output.obj
 0001:000210e3       ??$extract_argument_from_va_list@C_J@?$positional_parameter_base@_WV?$stream_output_adapter@_W@__crt_stdio_output@@@__crt_stdio_output@@IAE_NAA_J@Z 100220e3 f i libucrt:output.obj
 0001:0002115e       ??$extract_argument_from_va_list@C_J@?$positional_parameter_base@_WV?$string_output_adapter@_W@__crt_stdio_output@@@__crt_stdio_output@@IAE_NAA_J@Z 1002215e f i libucrt:output.obj
 0001:000211d9       ??$extract_argument_from_va_list@C_J@?$standard_base@DV?$stream_output_adapter@D@__crt_stdio_output@@@__crt_stdio_output@@IAE_NAA_J@Z 100221d9 f i libucrt:output.obj
 0001:000211f8       ??$extract_argument_from_va_list@C_J@?$standard_base@DV?$string_output_adapter@D@__crt_stdio_output@@@__crt_stdio_output@@IAE_NAA_J@Z 100221f8 f i libucrt:output.obj
 0001:00021217       ??$extract_argument_from_va_list@C_J@?$standard_base@_WV?$stream_output_adapter@_W@__crt_stdio_output@@@__crt_stdio_output@@IAE_NAA_J@Z 10022217 f i libucrt:output.obj
 0001:00021236       ??$extract_argument_from_va_list@C_J@?$standard_base@_WV?$string_output_adapter@_W@__crt_stdio_output@@@__crt_stdio_output@@IAE_NAA_J@Z 10022236 f i libucrt:output.obj
 0001:00021255       ??$extract_argument_from_va_list@E_J@?$positional_parameter_base@DV?$stream_output_adapter@D@__crt_stdio_output@@@__crt_stdio_output@@IAE_NAA_J@Z 10022255 f i libucrt:output.obj
 0001:000212d0       ??$extract_argument_from_va_list@E_J@?$positional_parameter_base@DV?$string_output_adapter@D@__crt_stdio_output@@@__crt_stdio_output@@IAE_NAA_J@Z 100222d0 f i libucrt:output.obj
 0001:0002134b       ??$extract_argument_from_va_list@E_J@?$positional_parameter_base@_WV?$stream_output_adapter@_W@__crt_stdio_output@@@__crt_stdio_output@@IAE_NAA_J@Z 1002234b f i libucrt:output.obj
 0001:000213c6       ??$extract_argument_from_va_list@E_J@?$positional_parameter_base@_WV?$string_output_adapter@_W@__crt_stdio_output@@@__crt_stdio_output@@IAE_NAA_J@Z 100223c6 f i libucrt:output.obj
 0001:00021441       ??$extract_argument_from_va_list@E_J@?$standard_base@DV?$stream_output_adapter@D@__crt_stdio_output@@@__crt_stdio_output@@IAE_NAA_J@Z 10022441 f i libucrt:output.obj
 0001:00021460       ??$extract_argument_from_va_list@E_J@?$standard_base@DV?$string_output_adapter@D@__crt_stdio_output@@@__crt_stdio_output@@IAE_NAA_J@Z 10022460 f i libucrt:output.obj
 0001:0002147f       ??$extract_argument_from_va_list@E_J@?$standard_base@_WV?$stream_output_adapter@_W@__crt_stdio_output@@@__crt_stdio_output@@IAE_NAA_J@Z 1002247f f i libucrt:output.obj
 0001:0002149e       ??$extract_argument_from_va_list@E_J@?$standard_base@_WV?$string_output_adapter@_W@__crt_stdio_output@@@__crt_stdio_output@@IAE_NAA_J@Z 1002249e f i libucrt:output.obj
 0001:000214bd       ??$extract_argument_from_va_list@F_J@?$positional_parameter_base@DV?$stream_output_adapter@D@__crt_stdio_output@@@__crt_stdio_output@@IAE_NAA_J@Z 100224bd f i libucrt:output.obj
 0001:00021538       ??$extract_argument_from_va_list@F_J@?$positional_parameter_base@DV?$string_output_adapter@D@__crt_stdio_output@@@__crt_stdio_output@@IAE_NAA_J@Z 10022538 f i libucrt:output.obj
 0001:000215b3       ??$extract_argument_from_va_list@F_J@?$positional_parameter_base@_WV?$stream_output_adapter@_W@__crt_stdio_output@@@__crt_stdio_output@@IAE_NAA_J@Z 100225b3 f i libucrt:output.obj
 0001:0002162e       ??$extract_argument_from_va_list@F_J@?$positional_parameter_base@_WV?$string_output_adapter@_W@__crt_stdio_output@@@__crt_stdio_output@@IAE_NAA_J@Z 1002262e f i libucrt:output.obj
 0001:000216a9       ??$extract_argument_from_va_list@F_J@?$standard_base@DV?$stream_output_adapter@D@__crt_stdio_output@@@__crt_stdio_output@@IAE_NAA_J@Z 100226a9 f i libucrt:output.obj
 0001:000216c8       ??$extract_argument_from_va_list@F_J@?$standard_base@DV?$string_output_adapter@D@__crt_stdio_output@@@__crt_stdio_output@@IAE_NAA_J@Z 100226c8 f i libucrt:output.obj
 0001:000216e7       ??$extract_argument_from_va_list@F_J@?$standard_base@_WV?$stream_output_adapter@_W@__crt_stdio_output@@@__crt_stdio_output@@IAE_NAA_J@Z 100226e7 f i libucrt:output.obj
 0001:00021706       ??$extract_argument_from_va_list@F_J@?$standard_base@_WV?$string_output_adapter@_W@__crt_stdio_output@@@__crt_stdio_output@@IAE_NAA_J@Z 10022706 f i libucrt:output.obj
 0001:00021725       ??$extract_argument_from_va_list@GD@?$positional_parameter_base@DV?$stream_output_adapter@D@__crt_stdio_output@@@__crt_stdio_output@@IAE_NAAD@Z 10022725 f i libucrt:output.obj
 0001:0002179f       ??$extract_argument_from_va_list@GD@?$positional_parameter_base@DV?$string_output_adapter@D@__crt_stdio_output@@@__crt_stdio_output@@IAE_NAAD@Z 1002279f f i libucrt:output.obj
 0001:00021819       ??$extract_argument_from_va_list@GD@?$standard_base@DV?$stream_output_adapter@D@__crt_stdio_output@@@__crt_stdio_output@@IAE_NAAD@Z 10022819 f i libucrt:output.obj
 0001:00021833       ??$extract_argument_from_va_list@GD@?$standard_base@DV?$string_output_adapter@D@__crt_stdio_output@@@__crt_stdio_output@@IAE_NAAD@Z 10022833 f i libucrt:output.obj
 0001:0002184d       ??$extract_argument_from_va_list@G_J@?$positional_parameter_base@DV?$stream_output_adapter@D@__crt_stdio_output@@@__crt_stdio_output@@IAE_NAA_J@Z 1002284d f i libucrt:output.obj
 0001:000218c8       ??$extract_argument_from_va_list@G_J@?$positional_parameter_base@DV?$string_output_adapter@D@__crt_stdio_output@@@__crt_stdio_output@@IAE_NAA_J@Z 100228c8 f i libucrt:output.obj
 0001:00021943       ??$extract_argument_from_va_list@G_J@?$positional_parameter_base@_WV?$stream_output_adapter@_W@__crt_stdio_output@@@__crt_stdio_output@@IAE_NAA_J@Z 10022943 f i libucrt:output.obj
 0001:000219be       ??$extract_argument_from_va_list@G_J@?$positional_parameter_base@_WV?$string_output_adapter@_W@__crt_stdio_output@@@__crt_stdio_output@@IAE_NAA_J@Z 100229be f i libucrt:output.obj
 0001:00021a39       ??$extract_argument_from_va_list@G_J@?$standard_base@DV?$stream_output_adapter@D@__crt_stdio_output@@@__crt_stdio_output@@IAE_NAA_J@Z 10022a39 f i libucrt:output.obj
 0001:00021a58       ??$extract_argument_from_va_list@G_J@?$standard_base@DV?$string_output_adapter@D@__crt_stdio_output@@@__crt_stdio_output@@IAE_NAA_J@Z 10022a58 f i libucrt:output.obj
 0001:00021a77       ??$extract_argument_from_va_list@G_J@?$standard_base@_WV?$stream_output_adapter@_W@__crt_stdio_output@@@__crt_stdio_output@@IAE_NAA_J@Z 10022a77 f i libucrt:output.obj
 0001:00021a96       ??$extract_argument_from_va_list@G_J@?$standard_base@_WV?$string_output_adapter@_W@__crt_stdio_output@@@__crt_stdio_output@@IAE_NAA_J@Z 10022a96 f i libucrt:output.obj
 0001:00021ab5       ??$extract_argument_from_va_list@H_J@?$positional_parameter_base@DV?$stream_output_adapter@D@__crt_stdio_output@@@__crt_stdio_output@@IAE_NAA_J@Z 10022ab5 f i libucrt:output.obj
 0001:00021b2e       ??$extract_argument_from_va_list@H_J@?$positional_parameter_base@DV?$string_output_adapter@D@__crt_stdio_output@@@__crt_stdio_output@@IAE_NAA_J@Z 10022b2e f i libucrt:output.obj
 0001:00021ba7       ??$extract_argument_from_va_list@H_J@?$positional_parameter_base@_WV?$stream_output_adapter@_W@__crt_stdio_output@@@__crt_stdio_output@@IAE_NAA_J@Z 10022ba7 f i libucrt:output.obj
 0001:00021c20       ??$extract_argument_from_va_list@H_J@?$positional_parameter_base@_WV?$string_output_adapter@_W@__crt_stdio_output@@@__crt_stdio_output@@IAE_NAA_J@Z 10022c20 f i libucrt:output.obj
 0001:00021c99       ??$extract_argument_from_va_list@H_J@?$standard_base@DV?$stream_output_adapter@D@__crt_stdio_output@@@__crt_stdio_output@@IAE_NAA_J@Z 10022c99 f i libucrt:output.obj
 0001:00021cb7       ??$extract_argument_from_va_list@H_J@?$standard_base@DV?$string_output_adapter@D@__crt_stdio_output@@@__crt_stdio_output@@IAE_NAA_J@Z 10022cb7 f i libucrt:output.obj
 0001:00021cd5       ??$extract_argument_from_va_list@H_J@?$standard_base@_WV?$stream_output_adapter@_W@__crt_stdio_output@@@__crt_stdio_output@@IAE_NAA_J@Z 10022cd5 f i libucrt:output.obj
 0001:00021cf3       ??$extract_argument_from_va_list@H_J@?$standard_base@_WV?$string_output_adapter@_W@__crt_stdio_output@@@__crt_stdio_output@@IAE_NAA_J@Z 10022cf3 f i libucrt:output.obj
 0001:00021d11       ??$extract_argument_from_va_list@I_J@?$positional_parameter_base@DV?$stream_output_adapter@D@__crt_stdio_output@@@__crt_stdio_output@@IAE_NAA_J@Z 10022d11 f i libucrt:output.obj
 0001:00021d93       ??$extract_argument_from_va_list@I_J@?$positional_parameter_base@DV?$string_output_adapter@D@__crt_stdio_output@@@__crt_stdio_output@@IAE_NAA_J@Z 10022d93 f i libucrt:output.obj
 0001:00021e15       ??$extract_argument_from_va_list@I_J@?$positional_parameter_base@_WV?$stream_output_adapter@_W@__crt_stdio_output@@@__crt_stdio_output@@IAE_NAA_J@Z 10022e15 f i libucrt:output.obj
 0001:00021e97       ??$extract_argument_from_va_list@I_J@?$positional_parameter_base@_WV?$string_output_adapter@_W@__crt_stdio_output@@@__crt_stdio_output@@IAE_NAA_J@Z 10022e97 f i libucrt:output.obj
 0001:00021f19       ??$extract_argument_from_va_list@I_J@?$standard_base@DV?$stream_output_adapter@D@__crt_stdio_output@@@__crt_stdio_output@@IAE_NAA_J@Z 10022f19 f i libucrt:output.obj
 0001:00021f37       ??$extract_argument_from_va_list@I_J@?$standard_base@DV?$string_output_adapter@D@__crt_stdio_output@@@__crt_stdio_output@@IAE_NAA_J@Z 10022f37 f i libucrt:output.obj
 0001:00021f55       ??$extract_argument_from_va_list@I_J@?$standard_base@_WV?$stream_output_adapter@_W@__crt_stdio_output@@@__crt_stdio_output@@IAE_NAA_J@Z 10022f55 f i libucrt:output.obj
 0001:00021f73       ??$extract_argument_from_va_list@I_J@?$standard_base@_WV?$string_output_adapter@_W@__crt_stdio_output@@@__crt_stdio_output@@IAE_NAA_J@Z 10022f73 f i libucrt:output.obj
 0001:00021f91       ??$extract_argument_from_va_list@PADPAD@?$positional_parameter_base@DV?$stream_output_adapter@D@__crt_stdio_output@@@__crt_stdio_output@@IAE_NAAPAD@Z 10022f91 f i libucrt:output.obj
 0001:0002200b       ??$extract_argument_from_va_list@PADPAD@?$positional_parameter_base@DV?$string_output_adapter@D@__crt_stdio_output@@@__crt_stdio_output@@IAE_NAAPAD@Z 1002300b f i libucrt:output.obj
 0001:00022085       ??$extract_argument_from_va_list@PADPAD@?$positional_parameter_base@_WV?$stream_output_adapter@_W@__crt_stdio_output@@@__crt_stdio_output@@IAE_NAAPAD@Z 10023085 f i libucrt:output.obj
 0001:000220ff       ??$extract_argument_from_va_list@PADPAD@?$positional_parameter_base@_WV?$string_output_adapter@_W@__crt_stdio_output@@@__crt_stdio_output@@IAE_NAAPAD@Z 100230ff f i libucrt:output.obj
 0001:00022179       ??$extract_argument_from_va_list@PADPAD@?$standard_base@DV?$stream_output_adapter@D@__crt_stdio_output@@@__crt_stdio_output@@IAE_NAAPAD@Z 10023179 f i libucrt:output.obj
 0001:00022193       ??$extract_argument_from_va_list@PADPAD@?$standard_base@DV?$string_output_adapter@D@__crt_stdio_output@@@__crt_stdio_output@@IAE_NAAPAD@Z 10023193 f i libucrt:output.obj
 0001:000221ad       ??$extract_argument_from_va_list@PADPAD@?$standard_base@_WV?$stream_output_adapter@_W@__crt_stdio_output@@@__crt_stdio_output@@IAE_NAAPAD@Z 100231ad f i libucrt:output.obj
 0001:000221c7       ??$extract_argument_from_va_list@PADPAD@?$standard_base@_WV?$string_output_adapter@_W@__crt_stdio_output@@@__crt_stdio_output@@IAE_NAAPAD@Z 100231c7 f i libucrt:output.obj
 0001:00022501       ??$extract_argument_from_va_list@PAXPAX@?$positional_parameter_base@DV?$stream_output_adapter@D@__crt_stdio_output@@@__crt_stdio_output@@IAE_NAAPAX@Z 10023501 f i libucrt:output.obj
 0001:0002257b       ??$extract_argument_from_va_list@PAXPAX@?$positional_parameter_base@DV?$string_output_adapter@D@__crt_stdio_output@@@__crt_stdio_output@@IAE_NAAPAX@Z 1002357b f i libucrt:output.obj
 0001:000225f5       ??$extract_argument_from_va_list@PAXPAX@?$positional_parameter_base@_WV?$stream_output_adapter@_W@__crt_stdio_output@@@__crt_stdio_output@@IAE_NAAPAX@Z 100235f5 f i libucrt:output.obj
 0001:0002266f       ??$extract_argument_from_va_list@PAXPAX@?$positional_parameter_base@_WV?$string_output_adapter@_W@__crt_stdio_output@@@__crt_stdio_output@@IAE_NAAPAX@Z 1002366f f i libucrt:output.obj
 0001:000226e9       ??$extract_argument_from_va_list@PAXPAX@?$standard_base@DV?$stream_output_adapter@D@__crt_stdio_output@@@__crt_stdio_output@@IAE_NAAPAX@Z 100236e9 f i libucrt:output.obj
 0001:00022703       ??$extract_argument_from_va_list@PAXPAX@?$standard_base@DV?$string_output_adapter@D@__crt_stdio_output@@@__crt_stdio_output@@IAE_NAAPAX@Z 10023703 f i libucrt:output.obj
 0001:0002271d       ??$extract_argument_from_va_list@PAXPAX@?$standard_base@_WV?$stream_output_adapter@_W@__crt_stdio_output@@@__crt_stdio_output@@IAE_NAAPAX@Z 1002371d f i libucrt:output.obj
 0001:00022737       ??$extract_argument_from_va_list@PAXPAX@?$standard_base@_WV?$string_output_adapter@_W@__crt_stdio_output@@@__crt_stdio_output@@IAE_NAAPAX@Z 10023737 f i libucrt:output.obj
 0001:00022751       ??$extract_argument_from_va_list@U_CRT_DOUBLE@@U1@@?$positional_parameter_base@DV?$stream_output_adapter@D@__crt_stdio_output@@@__crt_stdio_output@@IAE_NAAU_CRT_DOUBLE@@@Z 10023751 f i libucrt:output.obj
 0001:000227d9       ??$extract_argument_from_va_list@U_CRT_DOUBLE@@U1@@?$positional_parameter_base@DV?$string_output_adapter@D@__crt_stdio_output@@@__crt_stdio_output@@IAE_NAAU_CRT_DOUBLE@@@Z 100237d9 f i libucrt:output.obj
 0001:00022861       ??$extract_argument_from_va_list@U_CRT_DOUBLE@@U1@@?$positional_parameter_base@_WV?$stream_output_adapter@_W@__crt_stdio_output@@@__crt_stdio_output@@IAE_NAAU_CRT_DOUBLE@@@Z 10023861 f i libucrt:output.obj
 0001:000228e9       ??$extract_argument_from_va_list@U_CRT_DOUBLE@@U1@@?$positional_parameter_base@_WV?$string_output_adapter@_W@__crt_stdio_output@@@__crt_stdio_output@@IAE_NAAU_CRT_DOUBLE@@@Z 100238e9 f i libucrt:output.obj
 0001:00022971       ??$extract_argument_from_va_list@U_CRT_DOUBLE@@U1@@?$standard_base@DV?$stream_output_adapter@D@__crt_stdio_output@@@__crt_stdio_output@@IAE_NAAU_CRT_DOUBLE@@@Z 10023971 f i libucrt:output.obj
 0001:00022991       ??$extract_argument_from_va_list@U_CRT_DOUBLE@@U1@@?$standard_base@DV?$string_output_adapter@D@__crt_stdio_output@@@__crt_stdio_output@@IAE_NAAU_CRT_DOUBLE@@@Z 10023991 f i libucrt:output.obj
 0001:000229b1       ??$extract_argument_from_va_list@U_CRT_DOUBLE@@U1@@?$standard_base@_WV?$stream_output_adapter@_W@__crt_stdio_output@@@__crt_stdio_output@@IAE_NAAU_CRT_DOUBLE@@@Z 100239b1 f i libucrt:output.obj
 0001:000229d1       ??$extract_argument_from_va_list@U_CRT_DOUBLE@@U1@@?$standard_base@_WV?$string_output_adapter@_W@__crt_stdio_output@@@__crt_stdio_output@@IAE_NAAU_CRT_DOUBLE@@@Z 100239d1 f i libucrt:output.obj
 0001:000229f1       ??$extract_argument_from_va_list@_J_J@?$positional_parameter_base@DV?$stream_output_adapter@D@__crt_stdio_output@@@__crt_stdio_output@@IAE_NAA_J@Z 100239f1 f i libucrt:output.obj
 0001:00022a79       ??$extract_argument_from_va_list@_J_J@?$positional_parameter_base@DV?$string_output_adapter@D@__crt_stdio_output@@@__crt_stdio_output@@IAE_NAA_J@Z 10023a79 f i libucrt:output.obj
 0001:00022b01       ??$extract_argument_from_va_list@_J_J@?$positional_parameter_base@_WV?$stream_output_adapter@_W@__crt_stdio_output@@@__crt_stdio_output@@IAE_NAA_J@Z 10023b01 f i libucrt:output.obj
 0001:00022b89       ??$extract_argument_from_va_list@_J_J@?$positional_parameter_base@_WV?$string_output_adapter@_W@__crt_stdio_output@@@__crt_stdio_output@@IAE_NAA_J@Z 10023b89 f i libucrt:output.obj
 0001:00022c11       ??$extract_argument_from_va_list@_J_J@?$standard_base@DV?$stream_output_adapter@D@__crt_stdio_output@@@__crt_stdio_output@@IAE_NAA_J@Z 10023c11 f i libucrt:output.obj
 0001:00022c31       ??$extract_argument_from_va_list@_J_J@?$standard_base@DV?$string_output_adapter@D@__crt_stdio_output@@@__crt_stdio_output@@IAE_NAA_J@Z 10023c31 f i libucrt:output.obj
 0001:00022c51       ??$extract_argument_from_va_list@_J_J@?$standard_base@_WV?$stream_output_adapter@_W@__crt_stdio_output@@@__crt_stdio_output@@IAE_NAA_J@Z 10023c51 f i libucrt:output.obj
 0001:00022c71       ??$extract_argument_from_va_list@_J_J@?$standard_base@_WV?$string_output_adapter@_W@__crt_stdio_output@@@__crt_stdio_output@@IAE_NAA_J@Z 10023c71 f i libucrt:output.obj
 0001:00022c91       ??$extract_argument_from_va_list@_K_J@?$positional_parameter_base@DV?$stream_output_adapter@D@__crt_stdio_output@@@__crt_stdio_output@@IAE_NAA_J@Z 10023c91 f i libucrt:output.obj
 0001:00022d19       ??$extract_argument_from_va_list@_K_J@?$positional_parameter_base@DV?$string_output_adapter@D@__crt_stdio_output@@@__crt_stdio_output@@IAE_NAA_J@Z 10023d19 f i libucrt:output.obj
 0001:00022da1       ??$extract_argument_from_va_list@_K_J@?$positional_parameter_base@_WV?$stream_output_adapter@_W@__crt_stdio_output@@@__crt_stdio_output@@IAE_NAA_J@Z 10023da1 f i libucrt:output.obj
 0001:00022e29       ??$extract_argument_from_va_list@_K_J@?$positional_parameter_base@_WV?$string_output_adapter@_W@__crt_stdio_output@@@__crt_stdio_output@@IAE_NAA_J@Z 10023e29 f i libucrt:output.obj
 0001:00022eb1       ??$extract_argument_from_va_list@_K_J@?$standard_base@DV?$stream_output_adapter@D@__crt_stdio_output@@@__crt_stdio_output@@IAE_NAA_J@Z 10023eb1 f i libucrt:output.obj
 0001:00022ed1       ??$extract_argument_from_va_list@_K_J@?$standard_base@DV?$string_output_adapter@D@__crt_stdio_output@@@__crt_stdio_output@@IAE_NAA_J@Z 10023ed1 f i libucrt:output.obj
 0001:00022ef1       ??$extract_argument_from_va_list@_K_J@?$standard_base@_WV?$stream_output_adapter@_W@__crt_stdio_output@@@__crt_stdio_output@@IAE_NAA_J@Z 10023ef1 f i libucrt:output.obj
 0001:00022f11       ??$extract_argument_from_va_list@_K_J@?$standard_base@_WV?$string_output_adapter@_W@__crt_stdio_output@@@__crt_stdio_output@@IAE_NAA_J@Z 10023f11 f i libucrt:output.obj
 0001:00022f31       ??$extract_argument_from_va_list@_W_W@?$positional_parameter_base@DV?$stream_output_adapter@D@__crt_stdio_output@@@__crt_stdio_output@@IAE_NAA_W@Z 10023f31 f i libucrt:output.obj
 0001:00022faf       ??$extract_argument_from_va_list@_W_W@?$positional_parameter_base@DV?$string_output_adapter@D@__crt_stdio_output@@@__crt_stdio_output@@IAE_NAA_W@Z 10023faf f i libucrt:output.obj
 0001:0002302d       ??$extract_argument_from_va_list@_W_W@?$positional_parameter_base@_WV?$stream_output_adapter@_W@__crt_stdio_output@@@__crt_stdio_output@@IAE_NAA_W@Z 1002402d f i libucrt:output.obj
 0001:000230ab       ??$extract_argument_from_va_list@_W_W@?$positional_parameter_base@_WV?$string_output_adapter@_W@__crt_stdio_output@@@__crt_stdio_output@@IAE_NAA_W@Z 100240ab f i libucrt:output.obj
 0001:00023129       ??$extract_argument_from_va_list@_W_W@?$standard_base@DV?$stream_output_adapter@D@__crt_stdio_output@@@__crt_stdio_output@@IAE_NAA_W@Z 10024129 f i libucrt:output.obj
 0001:00023145       ??$extract_argument_from_va_list@_W_W@?$standard_base@DV?$string_output_adapter@D@__crt_stdio_output@@@__crt_stdio_output@@IAE_NAA_W@Z 10024145 f i libucrt:output.obj
 0001:00023161       ??$extract_argument_from_va_list@_W_W@?$standard_base@_WV?$stream_output_adapter@_W@__crt_stdio_output@@@__crt_stdio_output@@IAE_NAA_W@Z 10024161 f i libucrt:output.obj
 0001:0002317d       ??$extract_argument_from_va_list@_W_W@?$standard_base@_WV?$string_output_adapter@_W@__crt_stdio_output@@@__crt_stdio_output@@IAE_NAA_W@Z 1002417d f i libucrt:output.obj
 0001:00023199       ??$get_parameter_type@D@?$positional_parameter_base@DV?$stream_output_adapter@D@__crt_stdio_output@@@__crt_stdio_output@@CA?AW4parameter_type@01@PAD@Z 10024199 f i libucrt:output.obj
 0001:0002319d       ??$get_parameter_type@D@?$positional_parameter_base@DV?$string_output_adapter@D@__crt_stdio_output@@@__crt_stdio_output@@CA?AW4parameter_type@01@PAD@Z 1002419d f i libucrt:output.obj
 0001:000231a1       ??$get_parameter_type@D@?$positional_parameter_base@_WV?$stream_output_adapter@_W@__crt_stdio_output@@@__crt_stdio_output@@CA?AW4parameter_type@01@PAD@Z 100241a1 f i libucrt:output.obj
 0001:000231a5       ??$get_parameter_type@D@?$positional_parameter_base@_WV?$string_output_adapter@_W@__crt_stdio_output@@@__crt_stdio_output@@CA?AW4parameter_type@01@PAD@Z 100241a5 f i libucrt:output.obj
 0001:000231b9       ??$get_parameter_type@X@?$positional_parameter_base@DV?$stream_output_adapter@D@__crt_stdio_output@@@__crt_stdio_output@@CA?AW4parameter_type@01@PAX@Z 100241b9 f i libucrt:output.obj
 0001:000231bd       ??$get_parameter_type@X@?$positional_parameter_base@DV?$string_output_adapter@D@__crt_stdio_output@@@__crt_stdio_output@@CA?AW4parameter_type@01@PAX@Z 100241bd f i libucrt:output.obj
 0001:000231c1       ??$get_parameter_type@X@?$positional_parameter_base@_WV?$stream_output_adapter@_W@__crt_stdio_output@@@__crt_stdio_output@@CA?AW4parameter_type@01@PAX@Z 100241c1 f i libucrt:output.obj
 0001:000231c5       ??$get_parameter_type@X@?$positional_parameter_base@_WV?$string_output_adapter@_W@__crt_stdio_output@@@__crt_stdio_output@@CA?AW4parameter_type@01@PAX@Z 100241c5 f i libucrt:output.obj
 0001:000231c9       ??$is_character_specifier@D@?$positional_parameter_base@DV?$stream_output_adapter@D@__crt_stdio_output@@@__crt_stdio_output@@CA_ND@Z 100241c9 f i libucrt:output.obj
 0001:000231e1       ??$is_character_specifier@D@?$positional_parameter_base@DV?$string_output_adapter@D@__crt_stdio_output@@@__crt_stdio_output@@CA_ND@Z 100241e1 f i libucrt:output.obj
 0001:000231f9       ??$is_character_specifier@_W@?$positional_parameter_base@_WV?$stream_output_adapter@_W@__crt_stdio_output@@@__crt_stdio_output@@CA_N_W@Z 100241f9 f i libucrt:output.obj
 0001:00023214       ??$is_character_specifier@_W@?$positional_parameter_base@_WV?$string_output_adapter@_W@__crt_stdio_output@@@__crt_stdio_output@@CA_N_W@Z 10024214 f i libucrt:output.obj
 0001:0002322f       ??$is_integral_specifier@D@?$positional_parameter_base@DV?$stream_output_adapter@D@__crt_stdio_output@@@__crt_stdio_output@@CA_ND@Z 1002422f f i libucrt:output.obj
 0001:0002325b       ??$is_integral_specifier@D@?$positional_parameter_base@DV?$string_output_adapter@D@__crt_stdio_output@@@__crt_stdio_output@@CA_ND@Z 1002425b f i libucrt:output.obj
 0001:00023287       ??$is_integral_specifier@_W@?$positional_parameter_base@_WV?$stream_output_adapter@_W@__crt_stdio_output@@@__crt_stdio_output@@CA_N_W@Z 10024287 f i libucrt:output.obj
 0001:000232c2       ??$is_integral_specifier@_W@?$positional_parameter_base@_WV?$string_output_adapter@_W@__crt_stdio_output@@@__crt_stdio_output@@CA_N_W@Z 100242c2 f i libucrt:output.obj
 0001:000232fd       ??$is_pointer_specifier@D@?$positional_parameter_base@DV?$stream_output_adapter@D@__crt_stdio_output@@@__crt_stdio_output@@CA_ND@Z 100242fd f i libucrt:output.obj
 0001:0002330b       ??$is_pointer_specifier@D@?$positional_parameter_base@DV?$string_output_adapter@D@__crt_stdio_output@@@__crt_stdio_output@@CA_ND@Z 1002430b f i libucrt:output.obj
 0001:00023319       ??$is_pointer_specifier@_W@?$positional_parameter_base@_WV?$stream_output_adapter@_W@__crt_stdio_output@@@__crt_stdio_output@@CA_N_W@Z 10024319 f i libucrt:output.obj
 0001:00023328       ??$is_pointer_specifier@_W@?$positional_parameter_base@_WV?$string_output_adapter@_W@__crt_stdio_output@@@__crt_stdio_output@@CA_N_W@Z 10024328 f i libucrt:output.obj
 0001:00023337       ??$is_string_specifier@D@?$positional_parameter_base@DV?$stream_output_adapter@D@__crt_stdio_output@@@__crt_stdio_output@@CA_ND@Z 10024337 f i libucrt:output.obj
 0001:0002334f       ??$is_string_specifier@D@?$positional_parameter_base@DV?$string_output_adapter@D@__crt_stdio_output@@@__crt_stdio_output@@CA_ND@Z 1002434f f i libucrt:output.obj
 0001:00023367       ??$is_string_specifier@_W@?$positional_parameter_base@_WV?$stream_output_adapter@_W@__crt_stdio_output@@@__crt_stdio_output@@CA_N_W@Z 10024367 f i libucrt:output.obj
 0001:00023382       ??$is_string_specifier@_W@?$positional_parameter_base@_WV?$string_output_adapter@_W@__crt_stdio_output@@@__crt_stdio_output@@CA_N_W@Z 10024382 f i libucrt:output.obj
 0001:0002339d       ??$is_wide_character_specifier@D@__crt_stdio_output@@YA_N_KDW4length_modifier@0@@Z 1002439d f i libucrt:output.obj
 0001:000233ce       ??$is_wide_character_specifier@_W@__crt_stdio_output@@YA_N_K_WW4length_modifier@0@@Z 100243ce f i libucrt:output.obj
 0001:0002341c       ??$peek_va_arg@C@__crt_stdio_output@@YACPAD@Z 1002441c f i libucrt:output.obj
 0001:00023428       ??$peek_va_arg@E@__crt_stdio_output@@YAEPAD@Z 10024428 f i libucrt:output.obj
 0001:00023434       ??$peek_va_arg@F@__crt_stdio_output@@YAFPAD@Z 10024434 f i libucrt:output.obj
 0001:00023441       ??$peek_va_arg@G@__crt_stdio_output@@YAGPAD@Z 10024441 f i libucrt:output.obj
 0001:0002344e       ??$peek_va_arg@H@__crt_stdio_output@@YAHPAD@Z 1002444e f i libucrt:output.obj
 0001:0002345a       ??$peek_va_arg@I@__crt_stdio_output@@YAIPAD@Z 1002445a f i libucrt:output.obj
 0001:00023466       ??$peek_va_arg@PAD@__crt_stdio_output@@YAPADPAD@Z 10024466 f i libucrt:output.obj
 0001:000234a2       ??$peek_va_arg@PAX@__crt_stdio_output@@YAPAXPAD@Z 100244a2 f i libucrt:output.obj
 0001:000234ae       ??$peek_va_arg@U_CRT_DOUBLE@@@__crt_stdio_output@@YA?AU_CRT_DOUBLE@@PAD@Z 100244ae f i libucrt:output.obj
 0001:000234bd       ??$peek_va_arg@_J@__crt_stdio_output@@YA_JPAD@Z 100244bd f i libucrt:output.obj
 0001:000234cc       ??$peek_va_arg@_K@__crt_stdio_output@@YA_KPAD@Z 100244cc f i libucrt:output.obj
 0001:000234db       ??$peek_va_arg@_W@__crt_stdio_output@@YA_WPAD@Z 100244db f i libucrt:output.obj
 0001:000234e8       ??$puttc_nolock@ABDPAU_iobuf@@@?$__crt_char_traits@D@@SAHABD$$QAPAU_iobuf@@@Z 100244e8 f i libucrt:output.obj
 0001:00023502       ??$puttc_nolock@AB_WPAU_iobuf@@@?$__crt_char_traits@_W@@SAGAB_W$$QAPAU_iobuf@@@Z 10024502 f i libucrt:output.obj
 0001:0002351c       ??$read_va_arg@C@__crt_stdio_output@@YACAAPAD@Z 1002451c f i libucrt:output.obj
 0001:0002352e       ??$read_va_arg@E@__crt_stdio_output@@YAEAAPAD@Z 1002452e f i libucrt:output.obj
 0001:00023540       ??$read_va_arg@F@__crt_stdio_output@@YAFAAPAD@Z 10024540 f i libucrt:output.obj
 0001:00023553       ??$read_va_arg@G@__crt_stdio_output@@YAGAAPAD@Z 10024553 f i libucrt:output.obj
 0001:00023566       ??$read_va_arg@H@__crt_stdio_output@@YAHAAPAD@Z 10024566 f i libucrt:output.obj
 0001:00023578       ??$read_va_arg@I@__crt_stdio_output@@YAIAAPAD@Z 10024578 f i libucrt:output.obj
 0001:0002358a       ??$read_va_arg@PAD@__crt_stdio_output@@YAPADAAPAD@Z 1002458a f i libucrt:output.obj
 0001:00023674       ??$read_va_arg@PAX@__crt_stdio_output@@YAPAXAAPAD@Z 10024674 f i libucrt:output.obj
 0001:00023686       ??$read_va_arg@U_CRT_DOUBLE@@@__crt_stdio_output@@YA?AU_CRT_DOUBLE@@AAPAD@Z 10024686 f i libucrt:output.obj
 0001:0002369c       ??$read_va_arg@_J@__crt_stdio_output@@YA_JAAPAD@Z 1002469c f i libucrt:output.obj
 0001:000236b1       ??$read_va_arg@_K@__crt_stdio_output@@YA_KAAPAD@Z 100246b1 f i libucrt:output.obj
 0001:000236c6       ??$read_va_arg@_W@__crt_stdio_output@@YA_WAAPAD@Z 100246c6 f i libucrt:output.obj
 0001:000236d9       ??$scratch_count@D@formatting_buffer@__crt_stdio_output@@QBEIXZ 100246d9 f i libucrt:output.obj
 0001:000236de       ??$scratch_data@D@formatting_buffer@__crt_stdio_output@@QAEPADXZ 100246de f i libucrt:output.obj
 0001:000236fc       ??$tcstol@AAPBDPAPADH@?$__crt_char_traits@D@@SAJAAPBD$$QAPAPAD$$QAH@Z 100246fc f i libucrt:output.obj
 0001:0002371a       ??$tcstol@AAPB_WPAPA_WH@?$__crt_char_traits@_W@@SAJAAPB_W$$QAPAPA_W$$QAH@Z 1002471a f i libucrt:output.obj
 0001:00023738       ??$tcstol@PBDPAPADH@?$__crt_char_traits@D@@SAJ$$QAPBD$$QAPAPAD$$QAH@Z 10024738 f i libucrt:output.obj
 0001:00023756       ??$tcstol@PB_WPAPA_WH@?$__crt_char_traits@_W@@SAJ$$QAPB_W$$QAPAPA_W$$QAH@Z 10024756 f i libucrt:output.obj
 0001:00023774       ??$type_case_integer_parse_into_buffer@I@?$output_processor@DV?$stream_output_adapter@D@__crt_stdio_output@@V?$format_validation_base@DV?$stream_output_adapter@D@__crt_stdio_output@@@2@@__crt_stdio_output@@AAEXII_N@Z 10024774 f i libucrt:output.obj
 0001:000237e1       ??$type_case_integer_parse_into_buffer@I@?$output_processor@DV?$stream_output_adapter@D@__crt_stdio_output@@V?$positional_parameter_base@DV?$stream_output_adapter@D@__crt_stdio_output@@@2@@__crt_stdio_output@@AAEXII_N@Z 100247e1 f i libucrt:output.obj
 0001:0002384e       ??$type_case_integer_parse_into_buffer@I@?$output_processor@DV?$stream_output_adapter@D@__crt_stdio_output@@V?$standard_base@DV?$stream_output_adapter@D@__crt_stdio_output@@@2@@__crt_stdio_output@@AAEXII_N@Z 1002484e f i libucrt:output.obj
 0001:000238bb       ??$type_case_integer_parse_into_buffer@I@?$output_processor@DV?$string_output_adapter@D@__crt_stdio_output@@V?$format_validation_base@DV?$string_output_adapter@D@__crt_stdio_output@@@2@@__crt_stdio_output@@AAEXII_N@Z 100248bb f i libucrt:output.obj
 0001:00023928       ??$type_case_integer_parse_into_buffer@I@?$output_processor@DV?$string_output_adapter@D@__crt_stdio_output@@V?$positional_parameter_base@DV?$string_output_adapter@D@__crt_stdio_output@@@2@@__crt_stdio_output@@AAEXII_N@Z 10024928 f i libucrt:output.obj
 0001:00023995       ??$type_case_integer_parse_into_buffer@I@?$output_processor@DV?$string_output_adapter@D@__crt_stdio_output@@V?$standard_base@DV?$string_output_adapter@D@__crt_stdio_output@@@2@@__crt_stdio_output@@AAEXII_N@Z 10024995 f i libucrt:output.obj
 0001:00023a02       ??$type_case_integer_parse_into_buffer@I@?$output_processor@_WV?$stream_output_adapter@_W@__crt_stdio_output@@V?$format_validation_base@_WV?$stream_output_adapter@_W@__crt_stdio_output@@@2@@__crt_stdio_output@@AAEXII_N@Z 10024a02 f i libucrt:output.obj
[...]
 0002:0000c248       __sehtable$___scrt_is_nonwritable_in_current_image 10061248     LIBCMT:utility.obj
 0002:0000c268       __sehtable$___unDName      10061268     libvcruntime:undname.obj
 0002:0000c288       __sehtable$___unDNameEx    10061288     libvcruntime:undname.obj
 0002:0000c2a8       __sehtable$??$?RV<lambda_80d7abc6eae2375db70be92ccaaf9b57>@@AAV<lambda_df52180bf14694d51fdefd82613e8f07>@@V<lambda_4fa1155033dff2042363dba4e2dc3802>@@@?$__crt_seh_guarded_call@H@@QAEH$$QAV<lambda_80d7abc6eae2375db70be92ccaaf9b57>@@AAV<lambda_df52180bf14694d51fdefd82613e8f07>@@$$QAV<lambda_4fa1155033dff2042363dba4e2dc3802>@@@Z 100612a8     libucrt:output.obj
 0002:0000c2c8       __sehtable$??$?RV<lambda_75d23329f2fb3d02b2e1cf5509bb1caf>@@AAV<lambda_c4f131f91cb4ec00a5b0a26aa161b8b4>@@V<lambda_114dc79c86b00c313cb0b6b3b001aaf8>@@@?$__crt_seh_guarded_call@H@@QAEH$$QAV<lambda_75d23329f2fb3d02b2e1cf5509bb1caf>@@AAV<lambda_c4f131f91cb4ec00a5b0a26aa161b8b4>@@$$QAV<lambda_114dc79c86b00c313cb0b6b3b001aaf8>@@@Z 100612c8     libucrt:output.obj
 0002:0000c2e8       __sehtable$??$?RV<lambda_cc35d49d909def412005bd38ddc96b77>@@AAV<lambda_d6a382b8dd98a6801a8abd6c28bdff2d>@@V<lambda_148068cfb9786d9714740654406e93d5>@@@?$__crt_seh_guarded_call@H@@QAEH$$QAV<lambda_cc35d49d909def412005bd38ddc96b77>@@AAV<lambda_d6a382b8dd98a6801a8abd6c28bdff2d>@@$$QAV<lambda_148068cfb9786d9714740654406e93d5>@@@Z 100612e8     libucrt:output.obj
 0002:0000c308       __sehtable$??$?RV<lambda_b7f50223258ab9fcc98080d45d02b1a4>@@AAV<lambda_42506531d319a600ce771deb5a236a10>@@V<lambda_31f843250ba6188c6e1f35d2bec6db0e>@@@?$__crt_seh_guarded_call@H@@QAEH$$QAV<lambda_b7f50223258ab9fcc98080d45d02b1a4>@@AAV<lambda_42506531d319a600ce771deb5a236a10>@@$$QAV<lambda_31f843250ba6188c6e1f35d2bec6db0e>@@@Z 10061308     libucrt:output.obj
 0002:0000c328       __sehtable$??$?RV<lambda_3a2a6cca1b0f7007a3db339dcecd1562>@@AAV<lambda_e38011a3ba6e07c7dbcef4d549f26102>@@V<lambda_b2332a2b562101f3c3c34baab19e0511>@@@?$__crt_seh_guarded_call@H@@QAEH$$QAV<lambda_3a2a6cca1b0f7007a3db339dcecd1562>@@AAV<lambda_e38011a3ba6e07c7dbcef4d549f26102>@@$$QAV<lambda_b2332a2b562101f3c3c34baab19e0511>@@@Z 10061328     libucrt:output.obj
 0002:0000c348       __sehtable$??$?RV<lambda_b4329732a1a72698597872ef534ad66d>@@AAV<lambda_96392db5b14a27f72535a2156da24b09>@@V<lambda_0f47277b42e3e84c3311fed419af0b3c>@@@?$__crt_seh_guarded_call@H@@QAEH$$QAV<lambda_b4329732a1a72698597872ef534ad66d>@@AAV<lambda_96392db5b14a27f72535a2156da24b09>@@$$QAV<lambda_0f47277b42e3e84c3311fed419af0b3c>@@@Z 10061348     libucrt:output.obj
 0002:0000c368       __sehtable$??R<lambda_6e4b09c48022b2350581041d5f6b0c4c>@@QBE@XZ 10061368     libucrt:exit.obj
 0002:0000c388       __sehtable$??$?RV<lambda_03b1d95aef87969028cfba75ccab2455>@@AAV<lambda_6e4b09c48022b2350581041d5f6b0c4c>@@V<lambda_22bdf7517842c4b3e53723af5aa32b9e>@@@?$__crt_seh_guarded_call@X@@QAEX$$QAV<lambda_03b1d95aef87969028cfba75ccab2455>@@AAV<lambda_6e4b09c48022b2350581041d5f6b0c4c>@@$$QAV<lambda_22bdf7517842c4b3e53723af5aa32b9e>@@@Z 10061388     libucrt:exit.obj
 0002:0000c3a8       __sehtable$??$?RV<lambda_7ac4055421038abea736e08bd20712a4>@@AAV<lambda_a10e4b102d4a2c3aac6f4f48bbdf488f>@@V<lambda_1da61822885009acd1bf848af4f9644b>@@@?$__crt_seh_guarded_call@H@@QAEH$$QAV<lambda_7ac4055421038abea736e08bd20712a4>@@AAV<lambda_a10e4b102d4a2c3aac6f4f48bbdf488f>@@$$QAV<lambda_1da61822885009acd1bf848af4f9644b>@@@Z 100613a8     libucrt:onexit.obj
 0002:0000c3c8       __sehtable$??$?RV<lambda_69a2805e680e0e292e8ba93315fe43a8>@@AAV<lambda_f03950bc5685219e0bcd2087efbe011e>@@V<lambda_03fcd07e894ec930e3f35da366ca99d6>@@@?$__crt_seh_guarded_call@H@@QAEH$$QAV<lambda_69a2805e680e0e292e8ba93315fe43a8>@@AAV<lambda_f03950bc5685219e0bcd2087efbe011e>@@$$QAV<lambda_03fcd07e894ec930e3f35da366ca99d6>@@@Z 100613c8     libucrt:onexit.obj
 0002:0000c3e8       __sehtable$_terminate      100613e8     libucrt:terminate.obj
 0002:0000c408       __sehtable$___set_fpsr_sse2 10061408     libucrt:fpctrl.obj
 0002:0000c428       __sehtable$??$?RV<lambda_15ade71b0218206bbe3333a0c9b79046>@@AAV<lambda_da44e0f8b0f19ba52fefafb335991732>@@V<lambda_207f2d024fc103971653565357d6cd41>@@@?$__crt_seh_guarded_call@X@@QAEX$$QAV<lambda_15ade71b0218206bbe3333a0c9b79046>@@AAV<lambda_da44e0f8b0f19ba52fefafb335991732>@@$$QAV<lambda_207f2d024fc103971653565357d6cd41>@@@Z 10061428     libucrt:per_thread_data.obj
 0002:0000c448       __sehtable$??$?RV<lambda_a7e850c220f1c8d1e6efeecdedd162c6>@@AAV<lambda_46720907175c18b6c9d2717bc0d2d362>@@V<lambda_9048902d66e8d99359bc9897bbb930a8>@@@?$__crt_seh_guarded_call@X@@QAEX$$QAV<lambda_a7e850c220f1c8d1e6efeecdedd162c6>@@AAV<lambda_46720907175c18b6c9d2717bc0d2d362>@@$$QAV<lambda_9048902d66e8d99359bc9897bbb930a8>@@@Z 10061448     libucrt:per_thread_data.obj
 0002:0000c468       __sehtable$??$?RV<lambda_38edbb1296d33220d7e4dd0ed76b244a>@@AAV<lambda_5ce1d447e08cb34b2473517608e21441>@@V<lambda_fb385d3da700c9147fc39e65dd577a8c>@@@?$__crt_seh_guarded_call@X@@QAEX$$QAV<lambda_38edbb1296d33220d7e4dd0ed76b244a>@@AAV<lambda_5ce1d447e08cb34b2473517608e21441>@@$$QAV<lambda_fb385d3da700c9147fc39e65dd577a8c>@@@Z 10061468     libucrt:per_thread_data.obj
 0002:0000c488       __sehtable$??$?RV<lambda_6affb1475c98b40b75cdec977db92e3c>@@AAV<lambda_b8d4b9c228a6ecc3f80208dbb4b4a104>@@V<lambda_608742c3c92a14382c1684fc64f96c88>@@@?$__crt_seh_guarded_call@X@@QAEX$$QAV<lambda_6affb1475c98b40b75cdec977db92e3c>@@AAV<lambda_b8d4b9c228a6ecc3f80208dbb4b4a104>@@$$QAV<lambda_608742c3c92a14382c1684fc64f96c88>@@@Z 10061488     libucrt:per_thread_data.obj
 0002:0000c4a8       __sehtable$_fputwc         100614a8     libucrt:fputwc.obj
 0002:0000c4c8       __sehtable$_fputc          100614c8     libucrt:fputc.obj
 0002:0000c4e8       __sehtable$__free_locale   100614e8     libucrt:wsetlocale.obj
 0002:0000c510       __sehtable$??$?RV<lambda_e5124f882df8998aaf41531e079ba474>@@AAV<lambda_3e16ef9562a7dcce91392c22ab16ea36>@@V<lambda_e25ca0880e6ef98be67edffd8c599615>@@@?$__crt_seh_guarded_call@X@@QAEX$$QAV<lambda_e5124f882df8998aaf41531e079ba474>@@AAV<lambda_3e16ef9562a7dcce91392c22ab16ea36>@@$$QAV<lambda_e25ca0880e6ef98be67edffd8c599615>@@@Z 10061510     libucrt:wsetlocale.obj
 0002:0000c530       __sehtable$??$?RV<lambda_82aef432098b982f9ede325b418aa67a>@@AAV<lambda_862e9a3f04921db6ca1ce3faa2bf3edf>@@V<lambda_ffabc152e504b53d7492b9889b10c020>@@@?$__crt_seh_guarded_call@X@@QAEX$$QAV<lambda_82aef432098b982f9ede325b418aa67a>@@AAV<lambda_862e9a3f04921db6ca1ce3faa2bf3edf>@@$$QAV<lambda_ffabc152e504b53d7492b9889b10c020>@@@Z 10061530     libucrt:wsetlocale.obj
 0002:0000c550       __sehtable$??$?RV<lambda_6673f7c4c09a5d469d0c27ae364621ce>@@AAV<lambda_ebab98244f73a74f49db879bf13fa982>@@V<lambda_be20789b7a146653eab82509ec35b419>@@@?$__crt_seh_guarded_call@X@@QAEX$$QAV<lambda_6673f7c4c09a5d469d0c27ae364621ce>@@AAV<lambda_ebab98244f73a74f49db879bf13fa982>@@$$QAV<lambda_be20789b7a146653eab82509ec35b419>@@@Z 10061550     libucrt:wsetlocale.obj
 0002:0000c570       __sehtable$??$?RV<lambda_303d0ad9bde654cb3f803a73716ce7a4>@@AAV<lambda_92fe181106aff629c9a2e25713a64969>@@V<lambda_184325e10b6cff6f771390cbceab281b>@@@?$__crt_seh_guarded_call@X@@QAEX$$QAV<lambda_303d0ad9bde654cb3f803a73716ce7a4>@@AAV<lambda_92fe181106aff629c9a2e25713a64969>@@$$QAV<lambda_184325e10b6cff6f771390cbceab281b>@@@Z 10061570     libucrt:wsetlocale.obj
 0002:0000c590       __sehtable$??$?RV<lambda_38c1253c7a74f5d2d430989951395d98>@@AAV<lambda_b163b37eafe0a13f2c371fafeb0365c9>@@AAV<lambda_8dff2cf36a5417162780cd64fa2883ef>@@@?$__crt_seh_guarded_call@X@@QAEX$$QAV<lambda_38c1253c7a74f5d2d430989951395d98>@@AAV<lambda_b163b37eafe0a13f2c371fafeb0365c9>@@AAV<lambda_8dff2cf36a5417162780cd64fa2883ef>@@@Z 10061590     libucrt:wsetlocale.obj
 0002:0000c5b0       __sehtable$___acrt_initialize_lowio 100615b0     libucrt:ioinit.obj
 0002:0000c5d0       __sehtable$?update_thread_multibyte_data_internal@@YAPAU__crt_multibyte_data@@QAU__acrt_ptd@@QAPAU1@@Z 100615d0     libucrt:mbctype.obj
 0002:0000c5f0       __sehtable$??$?RV<lambda_ceb1ee4838e85a9d631eb091e2fbe199>@@AAV<lambda_ae742caa10f662c28703da3d2ea5e57e>@@V<lambda_cd08b5d6af4937fe54fc07d0c9bf6b37>@@@?$__crt_seh_guarded_call@X@@QAEX$$QAV<lambda_ceb1ee4838e85a9d631eb091e2fbe199>@@AAV<lambda_ae742caa10f662c28703da3d2ea5e57e>@@$$QAV<lambda_cd08b5d6af4937fe54fc07d0c9bf6b37>@@@Z 100615f0     libucrt:mbctype.obj
 0002:0000c610       __sehtable$??$?RV<lambda_93797fb4802c957ba6a7f08e1250235b>@@AAV<lambda_1f3ce6bd48e0aa2e72a71c02eee379d3>@@V<lambda_56cae30c9364c9b6c15aeaac05d0418e>@@@?$__crt_seh_guarded_call@H@@QAEH$$QAV<lambda_93797fb4802c957ba6a7f08e1250235b>@@AAV<lambda_1f3ce6bd48e0aa2e72a71c02eee379d3>@@$$QAV<lambda_56cae30c9364c9b6c15aeaac05d0418e>@@@Z 10061610     libucrt:winapi_thunks.obj
 0002:0000c630       __sehtable$__query_new_handler 10061630     libucrt:new_handler.obj
 0002:0000c650       __sehtable$__set_new_handler 10061650     libucrt:new_handler.obj
 0002:0000c670       __sehtable$_signal         10061670     libucrt:signal.obj
 0002:0000c690       __sehtable$_raise          10061690     libucrt:signal.obj
 0002:0000c6b0       __sehtable$?ctrlevent_capture@@YGHK@Z 100616b0     libucrt:signal.obj
 0002:0000c6d0       __sehtable$??$?RV<lambda_cbab9ec6f41b0180b23cc171c22676b0>@@AAV<lambda_44731a7d0e6d81c3e6aa82d741081786>@@V<lambda_4b292cb8dd18144e164572427af410ab>@@@?$__crt_seh_guarded_call@P6AXH@Z@@QAEP6AXH@Z$$QAV<lambda_cbab9ec6f41b0180b23cc171c22676b0>@@AAV<lambda_44731a7d0e6d81c3e6aa82d741081786>@@$$QAV<lambda_4b292cb8dd18144e164572427af410ab>@@@Z 100616d0     libucrt:signal.obj
 0002:0000c6f0       __sehtable$??$?RV<lambda_2866be3712abc81a800a822484c830d8>@@AAV<lambda_39ca0ed439415581b5b15c265174cece>@@V<lambda_2b24c74d71094a6cd0cb82e44167d71b>@@@?$__crt_seh_guarded_call@X@@QAEX$$QAV<lambda_2866be3712abc81a800a822484c830d8>@@AAV<lambda_39ca0ed439415581b5b15c265174cece>@@$$QAV<lambda_2b24c74d71094a6cd0cb82e44167d71b>@@@Z 100616f0     libucrt:fflush.obj
 0002:0000c710       __sehtable$??$?RV<lambda_2cc53f568c5a2bb6f192f930a45d44ea>@@AAV<lambda_ab61a845afdef5b7c387490eaf3616ee>@@V<lambda_c2ffc0b7726aa6be21d5f0026187e748>@@@?$__crt_seh_guarded_call@X@@QAEX$$QAV<lambda_2cc53f568c5a2bb6f192f930a45d44ea>@@AAV<lambda_ab61a845afdef5b7c387490eaf3616ee>@@$$QAV<lambda_c2ffc0b7726aa6be21d5f0026187e748>@@@Z 10061710     libucrt:fflush.obj
 0002:0000c730       __sehtable$??$?RV<lambda_6d20deecaf4856105ebacbad442d1079>@@AAV<lambda_9a32fed5bf61b6b509b2d3f6003082a1>@@V<lambda_63ea2239ed67c638ddbae41947fdf875>@@@?$__crt_seh_guarded_call@H@@QAEH$$QAV<lambda_6d20deecaf4856105ebacbad442d1079>@@AAV<lambda_9a32fed5bf61b6b509b2d3f6003082a1>@@$$QAV<lambda_63ea2239ed67c638ddbae41947fdf875>@@@Z 10061730     libucrt:fflush.obj
 0002:0000c750       __sehtable$___acrt_update_thread_locale_data 10061750     libucrt:locale_refcounting.obj
 0002:0000c770       __sehtable$__fcloseall     10061770     libucrt:closeall.obj
 0002:0000c790       __sehtable$__open_osfhandle 10061790     libucrt:osfinfo.obj
 0002:0000c7b0       __sehtable$__alloc_osfhnd  100617b0     libucrt:osfinfo.obj
 0002:0000c7d0       __sehtable$___acrt_lowio_ensure_fh_exists 100617d0     libucrt:osfinfo.obj
 0002:0000c7f0       __sehtable$??$?RV<lambda_9e9de3de5fa147e2223d7db92bc10aa6>@@AAV<lambda_38ce7e780aa69e748d6df282ebc68efe>@@V<lambda_8ca6da459f0f6780f1cff60fdc3d00e5>@@@?$__crt_seh_guarded_call@H@@QAEH$$QAV<lambda_9e9de3de5fa147e2223d7db92bc10aa6>@@AAV<lambda_38ce7e780aa69e748d6df282ebc68efe>@@$$QAV<lambda_8ca6da459f0f6780f1cff60fdc3d00e5>@@@Z 100617f0     libucrt:commit.obj
 0002:0000c810       __sehtable$__write         10061810     libucrt:write.obj
 0002:0000c830       __sehtable$??$common_lseek@J@@YAJHJH@Z 10061830     libucrt:lseek.obj
 0002:0000c850       __sehtable$??$common_lseek@_J@@YA_JH_JH@Z 10061850     libucrt:lseek.obj
 0002:0000c870       __sehtable$_fclose         10061870     libucrt:fclose.obj
 0002:0000c890       __sehtable$??$?RV<lambda_f828341fbe69b7c0d4c527b01f22877f>@@AAV<lambda_9e0b6ab72a5b3ae37ad997d08b519f50>@@V<lambda_f01deac0a8d65d6e0411edf7e0af5775>@@@?$__crt_seh_guarded_call@G@@QAEG$$QAV<lambda_f828341fbe69b7c0d4c527b01f22877f>@@AAV<lambda_9e0b6ab72a5b3ae37ad997d08b519f50>@@$$QAV<lambda_f01deac0a8d65d6e0411edf7e0af5775>@@@Z 10061890     libucrt:putwch.obj
 0002:0000c8b0       __sehtable$??$?RV<lambda_218ce3db14220d0be481dae8ef3383b6>@@AAV<lambda_628dfdc04ba53c8bfc02c9951375f3f5>@@V<lambda_57dc472bd5c9d5f3b2cbca59b8a843ae>@@@?$__crt_seh_guarded_call@H@@QAEH$$QAV<lambda_218ce3db14220d0be481dae8ef3383b6>@@AAV<lambda_628dfdc04ba53c8bfc02c9951375f3f5>@@$$QAV<lambda_57dc472bd5c9d5f3b2cbca59b8a843ae>@@@Z 100618b0     libucrt:close.obj
 0002:0000c8d0       __sehtable$?__acrt_stdio_allocate_stream@@YA?AV__crt_stdio_stream@@XZ 100618d0     libucrt:stream.obj
 0002:0000c8f0       __sehtable$__IsNonwritableInCurrentImage 100618f0     LIBCMT:pesect.obj
 0002:0000c910       .edata                     10061910     PokemonDemo.exp
 0002:0000c938       rgpv                       10061938     PokemonDemo.exp
 0002:0000c940       rgszName                   10061940     PokemonDemo.exp
 0002:0000c948       rgwOrd                     10061948     PokemonDemo.exp
 0002:0000c94c       szName                     1006194c     PokemonDemo.exp
 0002:0000c95c       $N00001                    1006195c     PokemonDemo.exp
 0002:0000c970       $N00002                    10061970     PokemonDemo.exp
 0002:0000ccd2       .idata$6                   10061cd2     kernel32:KERNEL32.dll
 0003:00000030       ?__vcrt_flsindex@@3KA      10063030     libvcruntime:per_thread_data.obj
 0003:00000060       ?errno_no_memory@@3HA      10063060     libucrt:errno.obj
 0003:00000064       ?doserrno_no_memory@@3KA   10063064     libucrt:errno.obj
 0003:00000068       ?__DAZ_ENABLED@?1??__set_fpsr_sse2@@9@9 10063068     libucrt:fpctrl.obj
 0003:0000006c       ?__acrt_flsindex@@3KA      1006306c     libucrt:per_thread_data.obj
 0003:00000118       __ctype_loc_style          10063118     libucrt:wsetlocale.obj
 0003:00000218       __mbctypes                 10063218     libucrt:mbctype.obj
 0003:00000320       __mbcasemaps               10063320     libucrt:mbctype.obj
 0003:00000420       ?__rgctypeflag@@3PADA      10063420     libucrt:mbctype.obj
 0003:00000428       ?__rgcode_page_info@@3PAUcode_page_info@@A 10063428     libucrt:mbctype.obj
 0003:000007b0       ?__dcrt_lowio_console_output_handle@@3PAXA 100637b0     libucrt:initcon.obj
 0003:00000878       ?init@?1??_RTC_InitBase@@9@4_NA 10063878     LIBCMT:_init_.obj
 0003:0000087c       ?__proc_attached@@3HA      1006387c     LIBCMT:dll_dllmain.obj
 0003:00000888       _GS_ExceptionRecord        10063888     LIBCMT:gs_report.obj
 0003:000008d8       _GS_ContextRecord          100638d8     LIBCMT:gs_report.obj
 0003:00000ba4       ?_RTC_ErrorReportFunc@@3P6AHHPBDH00ZZA 10063ba4     LIBCMT:_userapi_.obj
 0003:00000ba8       ?_RTC_ErrorReportFuncW@@3P6AHHPB_WH00ZZA 10063ba8     LIBCMT:_userapi_.obj
 0003:00000bd0       ?module_local_atexit_table@@3U_onexit_table_t@@A 10063bd0     LIBCMT:utility.obj
 0003:00000bdc       ?module_local_at_quick_exit_table@@3U_onexit_table_t@@A 10063bdc     LIBCMT:utility.obj
 0003:00000be8       ?module_local_atexit_table_initialized@@3_NA 10063be8     LIBCMT:utility.obj
 0003:00000be9       ?is_initialized_as_dll@@3_NA 10063be9     LIBCMT:utility.obj
 0003:00000bf0       ?mspdb@@3PAUHINSTANCE__@@A 10063bf0     LIBCMT:_pdblkup_.obj
 0003:00000bf4       ?alreadyTried@?1??GetPdbDll@@YAPAUHINSTANCE__@@XZ@4_NA 10063bf4     LIBCMT:_pdblkup_.obj
 0003:00000bf5       ?PDBOK@?1??_RTC_GetSrcLine@@YAHPAEPA_WKPAH1K@Z@4_NA 10063bf5     LIBCMT:_pdblkup_.obj
 0003:00000c20       ?heap@@3V_HeapManager@@A   10063c20     libvcruntime:undname.obj
 0003:00000c34       ?__vcrt_startup_thread_ptd@@3U__vcrt_ptd@@A 10063c34     libvcruntime:per_thread_data.obj
 0003:00000c5c       ___vcrt_lock_table         10063c5c     libvcruntime:locks.obj
 0003:00000c74       ___vcrt_locks_initialized  10063c74     libvcruntime:locks.obj
 0003:00000c78       ?module_handles@@3PAPAUHINSTANCE__@@A 10063c78     libvcruntime:winapi_downlevel.obj
 0003:00000c84       ?encoded_function_pointers@@3PAPAXA 10063c84     libvcruntime:winapi_downlevel.obj
 0003:00000c9c       ?c_termination_complete@@3JA 10063c9c     libucrt:exit.obj
 0003:00000ca0       ?thread_local_exit_callback_func@@3P6GXPAXK0@ZA 10063ca0     libucrt:exit.obj
 0003:00000ca8       ?program_name@?1???$common_configure_argv@D@@YAHW4_crt_argv_mode@@@Z@4PADA 10063ca8     libucrt:argv_parsing.obj
 0003:00000db0       ?program_name@?1???$common_configure_argv@_W@@YAHW4_crt_argv_mode@@@Z@4PA_WA 10063db0     libucrt:argv_parsing.obj
 0003:00000fe4       __pmatherr_set             10063fe4     libucrt:libm_error.obj
 0003:00000fe8       ?user_matherr@@3V?$dual_state_global@P6AHPAU_exception@@@Z@__crt_state_management@@A 10063fe8     libucrt:matherr.obj
 0003:00000fec       ?__acrt_invalid_parameter_handler@@3V?$dual_state_global@P6AXPB_W00II@Z@__crt_state_management@@A 10063fec     libucrt:invalid_parameter.obj
 0003:00000ffc       ?enable_percent_n@@3IA     10063ffc     libucrt:printf_count_output.obj
 0003:00001218       ?__acrt_lock_table@@3PAU_RTL_CRITICAL_SECTION@@A 10064218     libucrt:locks.obj
 0003:00001368       ?__acrt_locks_initialized@@3IA 10064368     libucrt:locks.obj
 0003:0000136c       ?state_cache@?1???$get_cached_win_policy@Ubegin_thread_init_policy_properties@?1??__acrt_get_begin_thread_init_policy@@YA?AW4begin_thread_init_policy@@XZ@@@YA?AW4begin_thread_init_policy@@W4AppPolicyThreadInitializationType@@@Z@4JA 1006436c     libucrt:win_policies.obj
 0003:00001370       ?state_cache@?1???$get_cached_win_policy@Udeveloper_information_policy_properties@?1??__acrt_get_developer_information_policy@@YA?AW4developer_information_policy@@XZ@@@YA?AW4developer_information_policy@@W4AppPolicyShowDeveloperDiagnostic@@@Z@4JA 10064370     libucrt:win_policies.obj
 0003:00001374       ?state_cache@?1???$get_cached_win_policy@Uwindowing_model_policy_properties@?1??__acrt_get_windowing_model_policy@@YA?AW4windowing_model_policy@@XZ@@@YA?AW4windowing_model_policy@@W4AppPolicyWindowingModel@@@Z@4JA 10064374     libucrt:win_policies.obj
 0003:00001384       ?fSystemSet@@3HA           10064384     libucrt:mbctype.obj
 0003:00001388       ?initialized@?1??__acrt_initialize_multibyte@@9@4_NA 10064388     libucrt:mbctype.obj
 0003:000013a8       ?module_handles@@3PAPAUHINSTANCE__@@A 100643a8     libucrt:winapi_thunks.obj
 0003:000013f8       ?encoded_function_pointers@@3PAPAXA 100643f8     libucrt:winapi_thunks.obj
 0003:00001480       ?static_enum_proc@?1??enum_system_locales_ex_nolock@@YAHQ6GHPA_WKJ@Z@Z@4P6GH0KJ@ZA 10064480     libucrt:winapi_thunks.obj
 0003:00001488       ?__acrt_new_handler@@3V?$dual_state_global@P6AHI@Z@__crt_state_management@@A 10064488     libucrt:new_handler.obj
 0003:0000148c       ?console_ctrl_handler_installed@@3_NA 1006448c     libucrt:signal.obj
 0003:00001490       ?ctrlc_action@@3V?$dual_state_global@P6AXH@Z@__crt_state_management@@A 10064490     libucrt:signal.obj
 0003:00001494       ?ctrlbreak_action@@3V?$dual_state_global@P6AXH@Z@__crt_state_management@@A 10064494     libucrt:signal.obj
 0003:00001498       ?abort_action@@3V?$dual_state_global@P6AXH@Z@__crt_state_management@@A 10064498     libucrt:signal.obj
 0003:0000149c       ?term_action@@3V?$dual_state_global@P6AXH@Z@__crt_state_management@@A 1006449c     libucrt:signal.obj
 0003:000014a0       ?__acrt_global_new_mode@@3V?$dual_state_global@J@__crt_state_management@@A 100644a0     libucrt:new_mode.obj
 0003:000014b0       ?__acrt_app_type@@3W4_crt_app_type@@A 100644b0     libucrt:report_runtime_error.obj
 0003:000014b8       ?outmsg@?9??__acrt_report_runtime_error@@9@4PA_WA 100644b8     libucrt:report_runtime_error.obj
 0003:00001ae0       ___acrt_error_mode         10064ae0     libucrt:set_error_mode.obj
