 win32_PokemonDemo

 Timestamp is 5e09968b (Mon Dec 30 01:17:47 2019)

 Preferred load address is 00400000

 Start         Length     Name                   Class
 0001:00000000 0000fbe7H .text$mn                CODE
 0001:0000fbe7 00000000H .text$x                 CODE
 0002:00000000 000001c4H .idata$5                DATA
 0002:000001c4 00000004H .00cfg                  DATA
 0002:000001c8 00000004H .CRT$XCA                DATA
 0002:000001cc 00000004H .CRT$XCAA               DATA
 0002:000001d0 00000004H .CRT$XCZ                DATA
 0002:000001d4 00000004H .CRT$XIA                DATA
 0002:000001d8 00000004H .CRT$XIAA               DATA
 0002:000001dc 00000004H .CRT$XIAC               DATA
 0002:000001e0 0000000cH .CRT$XIC                DATA
 0002:000001ec 00000004H .CRT$XIZ                DATA
 0002:000001f0 00000004H .CRT$XPA                DATA
 0002:000001f4 00000008H .CRT$XPX                DATA
 0002:000001fc 00000004H .CRT$XPXA               DATA
 0002:00000200 00000004H .CRT$XPZ                DATA
 0002:00000204 00000004H .CRT$XTA                DATA
 0002:00000208 00000008H .CRT$XTZ                DATA
 0002:0000020c 00000000H .gfids$y                DATA
 0002:00000210 00005760H .rdata                  DATA
 0002:00005968 00000000H .rdata$r                DATA
 0002:00005970 00000010H .rdata$sxdata           DATA
 0002:00005980 00000000H .rdata$zETW0            DATA
 0002:00005980 00000000H .rdata$zETW9            DATA
 0002:00005980 000002c4H .rdata$zzzdbg           DATA
 0002:00005c44 00000004H .rtc$IAA                DATA
 0002:00005c48 00000000H .rtc$IMZ                DATA
 0002:00005c48 00000004H .rtc$IZZ                DATA
 0002:00005c4c 00000004H .rtc$TAA                DATA
 0002:00005c50 00000000H .rtc$TMZ                DATA
 0002:00005c50 00000008H .rtc$TZZ                DATA
 0002:00005c58 000003dcH .xdata$x                DATA
 0002:00006034 00000000H .edata                  DATA
 0002:00006034 00000064H .idata$2                DATA
 0002:00006098 00000014H .idata$3                DATA
 0002:000060ac 000001c4H .idata$4                DATA
 0002:00006270 000007b2H .idata$6                DATA
 0003:00000000 00001300H .data                   DATA
 0003:00001300 00000000H .data$r                 DATA
 0003:00001300 00000a9cH .bss                    DATA

  Address         Publics by Value              Rva+Base       Lib:Object

 0000:00000000       __except_list              00000000     <absolute>
 0000:00000000       ___dynamic_value_reloc_table 00000000     <absolute>
 0000:00000000       ___guard_iat_count         00000000     <absolute>
 0000:00000000       ___guard_fids_count        00000000     <absolute>
 0000:00000000       ___guard_longjmp_table     00000000     <absolute>
 0000:00000000       ___hybrid_code_map_count   00000000     <absolute>
 0000:00000000       ___hybrid_auxiliary_iat    00000000     <absolute>
 0000:00000000       ___guard_longjmp_count     00000000     <absolute>
 0000:00000000       ___guard_fids_table        00000000     <absolute>
 0000:00000000       ___volatile_metadata       00000000     <absolute>
 0000:00000000       ___guard_iat_table         00000000     <absolute>
 0000:00000000       ___enclave_config          00000000     <absolute>
 0000:00000000       ___hybrid_code_map         00000000     <absolute>
 0000:00000003       ___safe_se_handler_count   00000003     <absolute>
 0000:00000100       ___guard_flags             00000100     <absolute>
 0000:00000000       ___ImageBase               00400000     <linker-defined>
 0001:00000020       _WinMain@16                00401020 f   win32_PokemonDemo.obj
 0001:00001900       ?Lerp2f@@YA?AUvector2f@@U1@0M@Z 00402900 f   win32_PokemonDemo.obj
 0001:00001cf0       ?DEBUGPlatformFreeFileMemory@@YAXPAX@Z 00402cf0 f   win32_PokemonDemo.obj
 0001:00001d20       ?DEBUGPlatformReadEntireFile@@YA?AUdebug_read_file_result@@PAD@Z 00402d20 f   win32_PokemonDemo.obj
 0001:00001eb0       ?DEBUGPlatformWriteEntireFile@@YAHPADHPAX@Z 00402eb0 f   win32_PokemonDemo.obj
 0001:00002000       ?XInputGetStateStub@@YGKKPAU_XINPUT_STATE@@@Z 00403000 f   win32_PokemonDemo.obj
 0001:00002030       ?XInputSetStateStub@@YGKKPAU_XINPUT_VIBRATION@@@Z 00403030 f   win32_PokemonDemo.obj
 0001:00002040       ?ToggleFullscreen@@YAXPAUHWND__@@@Z 00403040 f   win32_PokemonDemo.obj
 0001:000021f0       ?ToggleFullscreenCallback@@YAXXZ 004031f0 f   win32_PokemonDemo.obj
 0001:00002590       ?EnumJoysticksCallback@@YGHPBUDIDEVICEINSTANCEA@@PAX@Z 00403590 f   win32_PokemonDemo.obj
 0001:000025e0       ?EnumObjectsCallback@@YGHPBUDIDEVICEOBJECTINSTANCEA@@PAX@Z 004035e0 f   win32_PokemonDemo.obj
 0001:00003930       ?Win32WindowProc@@YGJPAUHWND__@@IIJ@Z 00404930 f   win32_PokemonDemo.obj
 0001:00003af0       ?EqualsPokemonDemo@@YAHPAD@Z 00404af0 f i win32_PokemonDemo.obj
 0001:00003b70       ?Win32GetLastWriteTime@@YA?AU_FILETIME@@PAD@Z 00404b70 f i win32_PokemonDemo.obj
 0001:00003c60       ?Win32GetSecondsElapsed@@YAMT_LARGE_INTEGER@@0_J@Z 00404c60 f i win32_PokemonDemo.obj
 0001:00003cd0       ?Win32GetWallClock@@YA?AT_LARGE_INTEGER@@XZ 00404cd0 f i win32_PokemonDemo.obj
 0001:00003d3f       _DirectInput8Create@20     00404d3f f   dinput8:DINPUT8.dll
 0001:00003d45       @_RTC_CheckStackVars@8     00404d45 f   LIBCMT:stack.obj
 0001:00003d99       __RTC_CheckEsp             00404d99 f   LIBCMT:stack.obj
 0001:00003dc8       @__security_check_cookie@4 00404dc8 f   LIBCMT:secchk.obj
 0001:00003de0       __allshr                   00404de0 f   LIBCMT:llshr.obj
 0001:00003e10       __chkstk                   00404e10 f   LIBCMT:chkstk.obj
 0001:00003e10       __alloca_probe             00404e10 f   LIBCMT:chkstk.obj
 0001:00003e40       __ftoui3                   00404e40 f   LIBCMT:ftol3.obj
 0001:00003e4f       __ftoul3                   00404e4f f   LIBCMT:ftol3.obj
 0001:00003e5e       __ftol3                    00404e5e f   LIBCMT:ftol3.obj
 0001:00003e6b       __ftol3_NaN                00404e6b f   LIBCMT:ftol3.obj
 0001:00003e83       __ftol3_work               00404e83 f   LIBCMT:ftol3.obj
 0001:00003f09       __ftol3_common             00404f09 f   LIBCMT:ftol3.obj
 0001:00003fcb       __ftol3_arg_error          00404fcb f   LIBCMT:ftol3.obj
 0001:00003fdd       __ftol3_except             00404fdd f   LIBCMT:ftol3.obj
 0001:00004021       __dtoui3                   00405021 f   LIBCMT:ftol3.obj
 0001:00004030       __dtoul3                   00405030 f   LIBCMT:ftol3.obj
 0001:0000403f       __dtol3                    0040503f f   LIBCMT:ftol3.obj
 0001:0000404c       __dtol3_NaN                0040504c f   LIBCMT:ftol3.obj
 0001:00004069       __dtol3_work               00405069 f   LIBCMT:ftol3.obj
 0001:00004150       __ultod3                   00405150 f   LIBCMT:ftol3.obj
 0001:00004190       __ltod3                    00405190 f   LIBCMT:ftol3.obj
 0001:000043f8       _WinMainCRTStartup         004053f8 f   LIBCMT:exe_winmain.obj
 0001:00004402       ?_RTC_Failure@@YAXPAXH@Z   00405402 f   LIBCMT:error.obj
 0001:0000443e       ?_RTC_StackFailure@@YAXPAXPBD@Z 0040543e f   LIBCMT:error.obj
 0001:0000479c       ___local_stdio_printf_options 0040579c f i LIBCMT:error.obj
 0001:000047a2       ___raise_securityfailure   004057a2 f   LIBCMT:gs_report.obj
 0001:000047ca       ___report_gsfailure        004057ca f   LIBCMT:gs_report.obj
 0001:000048c3       ?_RTC_GetErrorFunc@@YAP6AHHPBDH00ZZPBX@Z 004058c3 f   LIBCMT:userapi.obj
 0001:000048c9       ?_RTC_GetErrorFuncW@@YAP6AHHPB_WH00ZZPBX@Z 004058c9 f   LIBCMT:userapi.obj
 0001:000048cf       ??$__crt_fast_encode_pointer@PAP6AXXZ@@YAPAP6AXXZQAP6AXXZ@Z 004058cf f i LIBCMT:utility.obj
 0001:000048cf       ??$__crt_fast_encode_pointer@PAX@@YAPAXQAX@Z 004058cf f i libvcruntime:winapi_downlevel.obj
 0001:00004930       ___scrt_acquire_startup_lock 00405930 f   LIBCMT:utility.obj
 0001:00004962       ___scrt_initialize_crt     00405962 f   LIBCMT:utility.obj
 0001:0000499b       ___scrt_initialize_onexit_tables 0040599b f   LIBCMT:utility.obj
 0001:00004a40       ___scrt_is_nonwritable_in_current_image 00405a40 f   LIBCMT:utility.obj
 0001:00004ad4       ___scrt_release_startup_lock 00405ad4 f   LIBCMT:utility.obj
 0001:00004af1       ___scrt_uninitialize_crt   00405af1 f   LIBCMT:utility.obj
 0001:00004b19       __onexit                   00405b19 f   LIBCMT:utility.obj
 0001:00004b54       _atexit                    00405b54 f   LIBCMT:utility.obj
 0001:00004bb6       ___security_init_cookie    00405bb6 f   LIBCMT:gs_support.obj
 0001:00004c01       ___scrt_stub_for_initialize_mta 00405c01 f   LIBCMT:utility_desktop.obj
 0001:00004c01       ___scrt_initialize_winrt   00405c01 f   LIBCMT:utility_desktop.obj
 0001:00004c01       ___scrt_exe_initialize_mta 00405c01 f   LIBCMT:utility_desktop.obj
 0001:00004c01       __get_startup_commit_mode  00405c01 f   LIBCMT:commit_mode.obj
 0001:00004c01       __get_startup_thread_locale_mode 00405c01 f   LIBCMT:thread_locale.obj
 0001:00004c01       __matherr                  00405c01 f   LIBCMT:matherr.obj
 0001:00004c01       __get_startup_new_mode     00405c01 f   LIBCMT:new_mode.obj
 0001:00004c04       __get_startup_argv_mode    00405c04 f   LIBCMT:argv_mode.obj
 0001:00004c08       __get_startup_file_mode    00405c08 f   LIBCMT:file_mode.obj
 0001:00004c0e       ?__scrt_initialize_type_info@@YAXXZ 00405c0e f   LIBCMT:tncleanup.obj
 0001:00004c1a       __should_initialize_environment 00405c1a f   LIBCMT:env_mode.obj
 0001:00004c1a       ___acrt_uninitialize_command_line 00405c1a f   libucrt:argv_data.obj
 0001:00004c1d       __initialize_default_precision 00405c1d f   LIBCMT:default_precision.obj
 0001:00004c3e       __initialize_denormal_control 00405c3e f   LIBCMT:denormal_control.obj
 0001:00004c3e       __initialize_invalid_parameter_handler 00405c3e f   LIBCMT:invalid_parameter_handler.obj
 0001:00004c3e       @_guard_check_icall_nop@4  00405c3e f   LIBCMT:guard_support.obj
 0001:00004c3f       ___local_stdio_scanf_options 00405c3f f i LIBCMT:default_local_stdio_options.obj
 0001:00004c45       ___scrt_initialize_default_local_stdio_options 00405c45 f   LIBCMT:default_local_stdio_options.obj
 0001:00004c62       ___scrt_is_user_matherr_present 00405c62 f   LIBCMT:matherr_detection.obj
 0001:00004c6e       ___scrt_get_dyn_tls_init_callback 00405c6e f   LIBCMT:dyn_tls_init.obj
 0001:00004c74       ___scrt_get_dyn_tls_dtor_callback 00405c74 f   LIBCMT:dyn_tls_dtor.obj
 0001:00004c7a       ___scrt_fastfail           00405c7a f   LIBCMT:utility_desktop.obj
 0001:00004d94       ___scrt_get_show_window_mode 00405d94 f   LIBCMT:utility_desktop.obj
 0001:00004dc5       ___scrt_initialize_mta     00405dc5 f   LIBCMT:utility_desktop.obj
 0001:00004dca       ___scrt_is_managed_app     00405dca f   LIBCMT:utility_desktop.obj
 0001:00004e0d       ___scrt_set_unhandled_exception_filter 00405e0d f   LIBCMT:utility_desktop.obj
 0001:00004e19       ___scrt_unhandled_exception_filter@4 00405e19 f   LIBCMT:utility_desktop.obj
 0001:00004e5a       __crt_debugger_hook        00405e5a f   LIBCMT:utility_desktop.obj
 0001:00004e62       __RTC_Initialize           00405e62 f   LIBCMT:initsect.obj
 0001:00004e8e       __RTC_Terminate            00405e8e f   LIBCMT:initsect.obj
 0001:00004ec0       __SEH_prolog4              00405ec0 f   LIBCMT:sehprolg4.obj
 0001:00004f06       __SEH_epilog4              00405f06 f   LIBCMT:sehprolg4.obj
 0001:00005107       ?_RTC_GetSrcLine@@YAHPAEPA_WKPAH1K@Z 00406107 f   LIBCMT:pdblkup.obj
 0001:0000544c       ___isa_available_init      0040644c f   LIBCMT:cpu_disp.obj
 0001:000055e3       ___scrt_is_ucrt_dll_in_use 004065e3 f   LIBCMT:ucrt_detection.obj
 0001:000055ef       _IsProcessorFeaturePresent@4 004065ef f   kernel32:KERNEL32.dll
 0001:00005600       _memcpy                    00406600 f   libvcruntime:memcpy.obj
 0001:00005b80       _memset                    00406b80 f   libvcruntime:memset.obj
 0001:00005d20       __except_handler4          00406d20 f   libvcruntime:chandler4.obj
 0001:00005e77       ___vcrt_initialize         00406e77 f   libvcruntime:initialization.obj
 0001:00005ea0       ___vcrt_uninitialize       00406ea0 f   libvcruntime:initialization.obj
 0001:00005ebf       ___vcrt_GetModuleFileNameW 00406ebf f   libvcruntime:winapi_thunks.obj
 0001:00005ed3       ___vcrt_LoadLibraryExW     00406ed3 f   libvcruntime:winapi_thunks.obj
 0001:00005ef0       __local_unwind4            00406ef0 f   libvcruntime:exsup4.obj
 0001:00005fc8       __seh_longjmp_unwind4@4    00406fc8 f   libvcruntime:exsup4.obj
 0001:00005ff0       @_EH4_CallFilterFunc@8     00406ff0 f   libvcruntime:exsup4.obj
 0001:00006008       @_EH4_TransferToHandler@8  00407008 f   libvcruntime:exsup4.obj
 0001:00006024       @_EH4_GlobalUnwind2@8      00407024 f   libvcruntime:exsup4.obj
 0001:00006040       @_EH4_LocalUnwind@16       00407040 f   libvcruntime:exsup4.obj
 0001:00006057       ___except_validate_context_record 00407057 f   libvcruntime:jbcxrval.obj
 0001:00006087       ___except_validate_jump_buffer 00407087 f   libvcruntime:jbcxrval.obj
 0001:000060b4       ___vcrt_freefls@4          004070b4 f   libvcruntime:per_thread_data.obj
 0001:000060d0       ___vcrt_initialize_ptd     004070d0 f   libvcruntime:per_thread_data.obj
 0001:00006103       ___vcrt_uninitialize_ptd   00407103 f   libvcruntime:per_thread_data.obj
 0001:0000611e       ___vcrt_initialize_locks   0040711e f   libvcruntime:locks.obj
 0001:0000615a       ___vcrt_uninitialize_locks 0040715a f   libvcruntime:locks.obj
 0001:000062bc       ___vcrt_FlsAlloc           004072bc f   libvcruntime:winapi_downlevel.obj
 0001:000062f7       ___vcrt_FlsFree            004072f7 f   libvcruntime:winapi_downlevel.obj
 0001:00006332       ___vcrt_FlsSetValue        00407332 f   libvcruntime:winapi_downlevel.obj
 0001:00006370       ___vcrt_InitializeCriticalSectionEx 00407370 f   libvcruntime:winapi_downlevel.obj
 0001:000063b7       ___vcrt_initialize_winapi_thunks 004073b7 f   libvcruntime:winapi_downlevel.obj
 0001:000063e0       ___vcrt_uninitialize_winapi_thunks 004073e0 f   libvcruntime:winapi_downlevel.obj
 0001:00006412       ___vcrt_initialize_pure_virtual_call_handler 00407412 f   libvcruntime:purevirt_data.obj
 0001:00006420       __global_unwind2           00407420 f   libvcruntime:exsup.obj
 0001:00006486       __local_unwind2            00407486 f   libvcruntime:exsup.obj
 0001:0000650a       __abnormal_termination     0040750a f   libvcruntime:exsup.obj
 0001:00006530       __NLG_Notify1              00407530 f   libvcruntime:exsup.obj
 0001:0000653c       __NLG_Notify               0040753c f   libvcruntime:exsup.obj
 0001:00006553       __NLG_Dispatch2            00407553     libvcruntime:exsup.obj
 0001:00006553       __NLG_Dispatch             00407553     libvcruntime:exsup.obj
 0001:0000655b       __NLG_Call                 0040755b f   libvcruntime:exsup.obj
 0001:0000655d       __NLG_Return2              0040755d     libvcruntime:exsup.obj
 0001:00006560       __CallSettingFrame@12      00407560 f   libvcruntime:lowhelpr.obj
 0001:00006587       __NLG_Return               00407587     libvcruntime:lowhelpr.obj
 0001:000065ac       ___DestructExceptionObject 004075ac f   libvcruntime:ehhelpers.obj
 0001:0000664c       ?_CallMemberFunction0@@YGXQAX0@Z 0040764c f i libvcruntime:ehhelpers.obj
 0001:00006660       _memmove                   00407660 f   libvcruntime:memmove.obj
 0001:00006bd4       __errcode                  00407bd4 f   libucrt:fpexcept.obj
 0001:00006c08       __except1                  00407c08 f   libucrt:fpexcept.obj
 0001:00006cd6       __handle_exc               00407cd6 f   libucrt:fpexcept.obj
 0001:00006ec3       __raise_exc                00407ec3 f   libucrt:fpexcept.obj
 0001:00006ee6       __raise_exc_ex             00407ee6 f   libucrt:fpexcept.obj
 0001:000071dc       __set_errno_from_matherr   004081dc f   libucrt:fpexcept.obj
 0001:0000720b       __umatherr                 0040820b f   libucrt:fpexcept.obj
 0001:000072ad       __seh_filter_exe           004082ad f   libucrt:exception_filter.obj
 0001:00007407       __query_app_type           00408407 f   libucrt:report_runtime_error.obj
 0001:0000740d       __set_app_type             0040840d f   libucrt:report_runtime_error.obj
 0001:0000741c       ??$__crt_fast_encode_pointer@P6AHXZ@@YAP6AHXZQ6AHXZ@Z 0040841c f i libucrt:onexit.obj
 0001:0000741c       ??$__crt_fast_encode_pointer@P6AHPAU_exception@@@Z@@YAP6AHPAU_exception@@@ZQ6AH0@Z@Z 0040841c f i libucrt:matherr.obj
 0001:0000741c       ??$__crt_fast_encode_pointer@P6GXPAXK0@Z@@YAP6GXPAXK0@ZQ6GX0K0@Z@Z 0040841c f i libucrt:exit.obj
 0001:0000743b       ___acrt_has_user_matherr   0040843b f   libucrt:matherr.obj
 0001:00007453       ___acrt_initialize_user_matherr 00408453 f   libucrt:matherr.obj
 0001:00007462       ___acrt_invoke_user_matherr 00408462 f   libucrt:matherr.obj
 0001:00007494       ___setusermatherr          00408494 f   libucrt:matherr.obj
 0001:0000775a       ___acrt_allocate_buffer_for_argv 0040875a f   libucrt:argv_parsing.obj
 0001:000077a9       __configure_narrow_argv    004087a9 f   libucrt:argv_parsing.obj
 0001:00007908       ??$uninitialize@A6AXAAPAPA_W@Z@?$dual_state_global@PAPA_W@__crt_state_management@@QAEXA6AXAAPAPA_W@Z@Z 00408908 f i libucrt:environment_initialization.obj
 0001:00007908       ??$uninitialize@A6AXAAPAPAD@Z@?$dual_state_global@PAPAD@__crt_state_management@@QAEXA6AXAAPAPAD@Z@Z 00408908 f i libucrt:environment_initialization.obj
 0001:00007967       ___dcrt_uninitialize_environments_nolock 00408967 f   libucrt:environment_initialization.obj
 0001:0000799e       __initialize_narrow_environment 0040899e f   libucrt:environment_initialization.obj
 0001:000079a3       __get_narrow_winmain_command_line 004089a3 f   libucrt:argv_winmain.obj
 0001:000079f6       __initterm                 004089f6 f   libucrt:initterm.obj
 0001:00007a3d       __initterm_e               00408a3d f   libucrt:initterm.obj
 0001:00007c8e       ___acrt_initialize_thread_local_exit_callback 00408c8e f   libucrt:exit.obj
 0001:00007c9d       __c_exit                   00408c9d f   libucrt:exit.obj
 0001:00007cac       __cexit                    00408cac f   libucrt:exit.obj
 0001:00007cbb       __exit                     00408cbb f   libucrt:exit.obj
 0001:00007cd1       __register_thread_local_exe_atexit_callback 00408cd1 f   libucrt:exit.obj
 0001:00007cf7       _exit                      00408cf7 f   libucrt:exit.obj
 0001:00007d0d       __set_fmode                00408d0d f   libucrt:setmode.obj
 0001:00007dae       ___acrt_set_locale_changed 00408dae f   libucrt:wsetlocale.obj
 0001:00007db9       ___acrt_uninitialize_locale 00408db9 f   libucrt:wsetlocale.obj
 0001:00007de2       __configthreadlocale       00408de2 f   libucrt:wsetlocale.obj
 0001:00007e44       __query_new_mode           00408e44 f   libucrt:new_mode.obj
 0001:00007e4b       __set_new_mode             00408e4b f   libucrt:new_mode.obj
 0001:00007e7a       ___p__commode              00408e7a f   libucrt:ncommode.obj
 0001:00007e80       _strcpy_s                  00408e80 f   libucrt:strcpy_s.obj
 0001:00007eda       _strcat_s                  00408eda f   libucrt:strcat_s.obj
 0001:00007f43       ??0_LocaleUpdate@@QAE@QAU__crt_locale_pointers@@@Z 00408f43 f i libucrt:output.obj
 0001:00007fc6       ___acrt_locale_get_ctype_array_value 00408fc6 f i libucrt:output.obj
 0001:00008291       __crt_atexit               00409291 f   libucrt:onexit.obj
 0001:000082a7       __execute_onexit_table     004092a7 f   libucrt:onexit.obj
 0001:000082d6       __initialize_onexit_table  004092d6 f   libucrt:onexit.obj
 0001:000082ff       __register_onexit_function 004092ff f   libucrt:onexit.obj
 0001:00008431       ___acrt_initialize         00409431 f   libucrt:initialization.obj
 0001:00008443       ___acrt_uninitialize       00409443 f   libucrt:initialization.obj
 0001:00008473       __controlfp_s              00409473 f   libucrt:contrlfp.obj
 0001:000084d2       _terminate                 004094d2 f   libucrt:terminate.obj
 0001:0000850e       _free                      0040950e f   libucrt:free.obj
 0001:0000852b       _abort                     0040952b f   libucrt:abort.obj
 0001:0000856f       _wcsncmp                   0040956f f   libucrt:wcsncmp.obj
 0001:000085b0       _strncmp                   004095b0 f   libucrt:strncmp.obj
 0001:00008628       ___acrt_errno_from_os_error 00409628 f   libucrt:errno.obj
 0001:0000866b       ___acrt_errno_map_os_error 0040966b f   libucrt:errno.obj
 0001:0000868e       ___doserrno                0040968e f   libucrt:errno.obj
 0001:000086a1       __errno                    004096a1 f   libucrt:errno.obj
 0001:000086b4       __decomp                   004096b4 f   libucrt:util.obj
 0001:00008792       __set_exp                  00409792 f   libucrt:util.obj
 0001:000087c1       __sptype                   004097c1 f   libucrt:util.obj
 0001:0000881f       ___set_fpsr_sse2           0040981f f   libucrt:fpctrl.obj
 0001:00008895       __clrfp                    00409895 f   libucrt:fpctrl.obj
 0001:000088a8       __ctrlfp                   004098a8 f   libucrt:fpctrl.obj
 0001:000088d4       __set_statfp               004098d4 f   libucrt:fpctrl.obj
 0001:0000892f       __statfp                   0040992f f   libucrt:fpctrl.obj
 0001:00008c5b       ___acrt_getptd             00409c5b f   libucrt:per_thread_data.obj
 0001:00008d18       ___acrt_getptd_head        00409d18 f   libucrt:per_thread_data.obj
 0001:00008db2       ___acrt_getptd_noexit      00409db2 f   libucrt:per_thread_data.obj
 0001:00008e67       ___acrt_initialize_ptd     00409e67 f   libucrt:per_thread_data.obj
 0001:00008e93       ___acrt_uninitialize_ptd   00409e93 f   libucrt:per_thread_data.obj
 0001:00008ead       ___acrt_call_reportfault   00409ead f   libucrt:invalid_parameter.obj
 0001:00008fe8       ___acrt_initialize_invalid_parameter_handler 00409fe8 f   libucrt:invalid_parameter.obj
 0001:00008ff7       __invalid_parameter        00409ff7 f   libucrt:invalid_parameter.obj
 0001:0000905b       __invalid_parameter_noinfo 0040a05b f   libucrt:invalid_parameter.obj
 0001:0000906b       __invoke_watson            0040a06b f   libucrt:invalid_parameter.obj
 0001:0000909f       __calloc_base              0040a09f f   libucrt:calloc_base.obj
 0001:000090fc       __free_base                0040a0fc f   libucrt:free_base.obj
 0001:000092cf       ??$__acrt_mbs_to_wcs_cp@U__crt_win32_buffer_internal_dynamic_resizing@@@@YAHQBDAAV?$__crt_win32_buffer@_WU__crt_win32_buffer_internal_dynamic_resizing@@@@I@Z 0040a2cf f i libucrt:argv_wildcards.obj
 0001:000097eb       ?__acrt_get_utf8_acp_compatibility_codepage@@YAIXZ 0040a7eb f i libucrt:argv_wildcards.obj
 0001:0000982c       ?_deallocate@?$__crt_win32_buffer@_WU__crt_win32_buffer_internal_dynamic_resizing@@@@AAEXXZ 0040a82c f i libucrt:argv_wildcards.obj
 0001:0000982c       ?_deallocate@?$__crt_win32_buffer@DU__crt_win32_buffer_internal_dynamic_resizing@@@@AAEXXZ 0040a82c f i libucrt:argv_wildcards.obj
 0001:00009846       ?allocate@?$__crt_win32_buffer@DU__crt_win32_buffer_internal_dynamic_resizing@@@@QAEHI@Z 0040a846 f i libucrt:argv_wildcards.obj
 0001:00009882       ?allocate@?$__crt_win32_buffer@_WU__crt_win32_buffer_internal_dynamic_resizing@@@@QAEHI@Z 0040a882 f i libucrt:argv_wildcards.obj
 0001:000098c1       ?allocate@__crt_win32_buffer_internal_dynamic_resizing@@SAHQAPAXIABV__crt_win32_buffer_empty_debug_info@@@Z 0040a8c1 f i libucrt:argv_wildcards.obj
 0001:00009967       ___acrt_expand_narrow_argv_wildcards 0040a967 f   libucrt:argv_wildcards.obj
 0001:00009a39       ?allocate@?$__crt_win32_buffer@DU__crt_win32_buffer_no_resizing@@@@QAEHI@Z 0040aa39 f i libucrt:getmodulefilenamea.obj
 0001:00009a60       ?set_to_nullptr@?$__crt_win32_buffer@DU__crt_win32_buffer_no_resizing@@@@QAEXXZ 0040aa60 f i libucrt:getmodulefilenamea.obj
 0001:00009a74       ___acrt_GetModuleFileNameA 0040aa74 f   libucrt:getmodulefilenamea.obj
 0001:0000a027       ___acrt_initialize_multibyte 0040b027 f   libucrt:mbctype.obj
 0001:0000a06f       ___acrt_update_thread_multibyte_data 0040b06f f   libucrt:mbctype.obj
 0001:0000a082       __setmbcp_nolock           0040b082 f   libucrt:mbctype.obj
 0001:0000a351       __ismbblead                0040b351 f   libucrt:ismbbyte.obj
 0001:0000a369       ___acrt_initialize_command_line 0040b369 f   libucrt:argv_data.obj
 0001:0000a382       ___acrt_MultiByteToWideChar 0040b382 f   libucrt:multibytetowidechar.obj
 0001:0000a3fe       ___acrt_WideCharToMultiByte 0040b3fe f   libucrt:widechartomultibyte.obj
 0001:0000a4e2       ___dcrt_get_narrow_environment_from_os 0040b4e2 f   libucrt:get_environment_from_os.obj
 0001:0000a568       ___acrt_initialize_locks   0040b568 f   libucrt:locks.obj
 0001:0000a5a9       ___acrt_lock               0040b5a9 f   libucrt:locks.obj
 0001:0000a5c0       ___acrt_uninitialize_locks 0040b5c0 f   libucrt:locks.obj
 0001:0000a5f1       ___acrt_unlock             0040b5f1 f   libucrt:locks.obj
 0001:0000a608       ___acrt_get_process_end_policy 0040b608 f   libucrt:win_policies.obj
 0001:0000a63b       ___acrt_lowio_create_handle_array 0040b63b f   libucrt:osfinfo.obj
 0001:0000a6b8       ___acrt_lowio_destroy_handle_array 0040b6b8 f   libucrt:osfinfo.obj
 0001:0000a6ed       ___acrt_lowio_ensure_fh_exists 0040b6ed f   libucrt:osfinfo.obj
 0001:0000a781       ___acrt_lowio_lock_fh      0040b781 f   libucrt:osfinfo.obj
 0001:0000a7a4       ___acrt_lowio_unlock_fh    0040b7a4 f   libucrt:osfinfo.obj
 0001:0000a7c7       __free_osfhnd              0040b7c7 f   libucrt:osfinfo.obj
 0001:0000a858       __get_osfhandle            0040b858 f   libucrt:osfinfo.obj
 0001:0000aa2e       ___acrt_initialize_lowio   0040ba2e f   libucrt:ioinit.obj
 0001:0000aa84       ___acrt_uninitialize_lowio 0040ba84 f   libucrt:ioinit.obj
 0001:0000aab0       ___acrt_locale_free_monetary 0040bab0 f   libucrt:initmon.obj
 0001:0000abae       ___acrt_locale_free_numeric 0040bbae f   libucrt:initnum.obj
 0001:0000ac4f       ___acrt_locale_free_time   0040bc4f f   libucrt:inittime.obj
 0001:0000ad33       ___pctype_func             0040bd33 f   libucrt:ctype.obj
 0001:0000ad59       __malloc_base              0040bd59 f   libucrt:malloc_base.obj
 0001:0000ada7       ___acrt_GetStringTypeA     0040bda7 f   libucrt:getstringtypea.obj
 0001:0000aeac       __freea_crt                0040beac f i libucrt:getstringtypea.obj
 0001:0000aecc       ___acrt_add_locale_ref     0040becc f   libucrt:locale_refcounting.obj
 0001:0000af49       ___acrt_free_locale        0040bf49 f   libucrt:locale_refcounting.obj
 0001:0000b093       ___acrt_locale_add_lc_time_reference 0040c093 f   libucrt:locale_refcounting.obj
 0001:0000b0bc       ___acrt_locale_free_lc_time_if_unreferenced 0040c0bc f   libucrt:locale_refcounting.obj
 0001:0000b0ed       ___acrt_locale_release_lc_time_reference 0040c0ed f   libucrt:locale_refcounting.obj
 0001:0000b116       ___acrt_release_locale_ref 0040c116 f   libucrt:locale_refcounting.obj
 0001:0000b197       ___acrt_update_thread_locale_data 0040c197 f   libucrt:locale_refcounting.obj
 0001:0000b20e       __updatetlocinfoEx_nolock  0040c20e f   libucrt:locale_refcounting.obj
 0001:0000b3f8       ___acrt_AppPolicyGetProcessTerminationMethodInternal@4 0040c3f8 f   libucrt:winapi_thunks.obj
 0001:0000b438       ___acrt_AreFileApisANSI@0  0040c438 f   libucrt:winapi_thunks.obj
 0001:0000b457       ___acrt_FlsAlloc@4         0040c457 f   libucrt:winapi_thunks.obj
 0001:0000b496       ___acrt_FlsFree@4          0040c496 f   libucrt:winapi_thunks.obj
 0001:0000b4d5       ___acrt_FlsGetValue@4      0040c4d5 f   libucrt:winapi_thunks.obj
 0001:0000b514       ___acrt_FlsSetValue@8      0040c514 f   libucrt:winapi_thunks.obj
 0001:0000b556       ___acrt_InitializeCriticalSectionEx@12 0040c556 f   libucrt:winapi_thunks.obj
 0001:0000b5a1       ___acrt_LCMapStringEx@36   0040c5a1 f   libucrt:winapi_thunks.obj
 0001:0000b5fe       ___acrt_LocaleNameToLCID@8 0040c5fe f   libucrt:winapi_thunks.obj
 0001:0000b62f       ___acrt_initialize_winapi_thunks 0040c62f f   libucrt:winapi_thunks.obj
 0001:0000b65a       ___acrt_uninitialize_winapi_thunks 0040c65a f   libucrt:winapi_thunks.obj
 0001:0000b690       __mbtowc_l                 0040c690 f   libucrt:mbtowc.obj
 0001:0000b7d4       _mbtowc                    0040c7d4 f   libucrt:mbtowc.obj
 0001:0000b7ee       ___acrt_update_locale_info 0040c7ee f   libucrt:locale_update.obj
 0001:0000b81b       ___acrt_update_multibyte_info 0040c81b f   libucrt:locale_update.obj
 0001:0000b848       __fileno                   0040c848 f   libucrt:fileno.obj
 0001:0000b86f       ___acrt_initialize_stdio   0040c86f f   libucrt:_file.obj
 0001:0000b937       ___acrt_uninitialize_stdio 0040c937 f   libucrt:_file.obj
 0001:0000b983       __lock_file                0040c983 f   libucrt:_file.obj
 0001:0000b997       __unlock_file              0040c997 f   libucrt:_file.obj
 0001:0000b9ab       __recalloc_base            0040c9ab f   libucrt:recalloc.obj
 0001:0000ba18       ___acrt_initialize_heap    0040ca18 f   libucrt:heap_handle.obj
 0001:0000ba29       ___acrt_uninitialize_heap  0040ca29 f   libucrt:heap_handle.obj
 0001:0000ba33       ___acrt_execute_initializers 0040ca33 f   libucrt:shared_initialization.obj
 0001:0000ba9b       ___acrt_execute_uninitializers 0040ca9b f   libucrt:shared_initialization.obj
 0001:0000bacc       ___acrt_initialize_new_handler 0040cacc f   libucrt:new_handler.obj
 0001:0000badb       __callnewh                 0040cadb f   libucrt:new_handler.obj
 0001:0000bb08       __query_new_handler        0040cb08 f   libucrt:new_handler.obj
 0001:0000bc1e       ___acrt_get_sigabrt_handler 0040cc1e f   libucrt:signal.obj
 0001:0000bc47       ___acrt_initialize_signal_handlers 0040cc47 f   libucrt:signal.obj
 0001:0000bc65       ___fpecode                 0040cc65 f   libucrt:signal.obj
 0001:0000bc6e       _raise                     0040cc6e f   libucrt:signal.obj
 0001:0000c020       ___acrt_stdio_flush_nolock 0040d020 f   libucrt:fflush.obj
 0001:0000c085       __fflush_nolock            0040d085 f   libucrt:fflush.obj
 0001:0000c0cd       __flushall                 0040d0cd f   libucrt:fflush.obj
 0001:0000c17d       __control87                0040d17d f   libucrt:ieee87.obj
 0001:0000c560       _qsort                     0040d560 f   libucrt:qsort.obj
 0001:0000ca57       _strncpy_s                 0040da57 f   libucrt:strncpy_s.obj
 0001:0000ca70       _strpbrk                   0040da70 f   libucrt:strpbrk.obj
 0001:0000cab0       __mbsdec                   0040dab0 f   libucrt:mbsdec.obj
 0001:0000cac7       __mbsdec_l                 0040dac7 f   libucrt:mbsdec.obj
 0001:0000cd42       ___acrt_LCMapStringA       0040dd42 f   libucrt:lcmapstringa.obj
 0001:0000ce50       ___acrt_DownlevelLocaleNameToLCID 0040de50 f   libucrt:lcidtoname_downlevel.obj
 0001:0000ce7c       __isleadbyte_l             0040de7c f i libucrt:_wctype.obj
 0001:0000cee4       ?__mbrtowc_utf8@__crt_mbstring@@YAIPA_WPBDIPAU_Mbstatet@@@Z 0040dee4 f   libucrt:mbrtowc.obj
 0001:0000cf26       ?__mbsrtowcs_utf8@__crt_mbstring@@YAIPA_WPAPBDIPAU_Mbstatet@@@Z 0040df26 f   libucrt:mbrtowc.obj
 0001:0000d023       ?return_illegal_sequence@__crt_mbstring@@YAIPAU_Mbstatet@@@Z 0040e023 f i libucrt:c32rtomb.obj
 0001:0000d042       __fcloseall                0040e042 f   libucrt:closeall.obj
 0001:0000d0e3       ___acrt_stdio_free_buffer_nolock 0040e0e3 f   libucrt:_freebuf.obj
 0001:0000d123       __isatty                   0040e123 f   libucrt:isatty.obj
 0001:0000d179       __msize_base               0040e179 f   libucrt:msize.obj
 0001:0000d1ac       __realloc_base             0040e1ac f   libucrt:realloc_base.obj
 0001:0000d2ad       __commit                   0040e2ad f   libucrt:commit.obj
 0001:0000dab1       __write                    0040eab1 f   libucrt:write.obj
 0001:0000db99       __write_nolock             0040eb99 f   libucrt:write.obj
 0001:0000dd7d       ___strncnt                 0040ed7d f   libucrt:strncnt.obj
 0001:0000dd99       ?__mbrtoc32_utf8@__crt_mbstring@@YAIPA_UPBDIPAU_Mbstatet@@@Z 0040ed99 f   libucrt:mbrtoc32.obj
 0001:0000df50       __CIlog10                  0040ef50 f   libucrt:log10_impl.obj
 0001:0000df8b       __CIlog10_default          0040ef8b f   libucrt:log10_impl.obj
 0001:0000df9f       __log10_default            0040ef9f     libucrt:log10_impl.obj
 0001:0000e060       _ceil                      0040f060 f   libucrt:ceil_pentium4.obj
 0001:0000e0a0       __ceil_pentium4            0040f0a0 f   libucrt:ceil_pentium4.obj
 0001:0000e1fb       __lseeki64_nolock          0040f1fb f   libucrt:lseek.obj
 0001:0000e216       __fclose_nolock            0040f216 f   libucrt:fclose.obj
 0001:0000e28d       _fclose                    0040f28d f   libucrt:fclose.obj
 0001:0000e307       __putwch_nolock            0040f307 f   libucrt:putwch.obj
 0001:0000e340       ___ascii_strnicmp          0040f340 f   libucrt:_strnicm.obj
 0001:0000e3a1       ___acrt_initialize_sse2    0040f3a1 f   libucrt:mathfcns.obj
 0001:0000e3c0       __CIlog10_pentium4         0040f3c0 f   libucrt:log10_pentium4.obj
 0001:0000e3d8       __log10_pentium4           0040f3d8     libucrt:log10_pentium4.obj
 0001:0000e670       __fFEXP                    0040f670 f   libucrt:87tran.obj
 0001:0000e6c7       __rtinfpopse               0040f6c7     libucrt:87tran.obj
 0001:0000e6c9       __rtinfnpopse              0040f6c9     libucrt:87tran.obj
 0001:0000e6d9       __fFLN                     0040f6d9     libucrt:87tran.obj
 0001:0000e78e       __rtinfpop                 0040f78e     libucrt:87tran.obj
 0001:0000e790       __rtinfnpop                0040f790     libucrt:87tran.obj
 0001:0000e7a0       __rtforexpinf              0040f7a0 f   libucrt:87tran.obj
 0001:0000e7ad       __ffexpm1                  0040f7ad     libucrt:87tran.obj
 0001:0000e860       __trandisp1                0040f860 f   libucrt:87disp.obj
 0001:0000e8d5       __trandisp2                0040f8d5 f   libucrt:87disp.obj
 0001:0000e96f       __rttospopde               0040f96f     libucrt:87disp.obj
 0001:0000e974       __rttospop                 0040f974     libucrt:87disp.obj
 0001:0000e980       __rtnospop                 0040f980 f   libucrt:87disp.obj
 0001:0000e990       __rttosnpop                0040f990 f   libucrt:87disp.obj
 0001:0000e991       __rtnospopde               0040f991     libucrt:87disp.obj
 0001:0000e998       __rtzeropop                0040f998     libucrt:87disp.obj
 0001:0000e99a       __rtzeronpop               0040f99a     libucrt:87disp.obj
 0001:0000e9a0       __rtzerospop               0040f9a0 f   libucrt:87disp.obj
 0001:0000e9ad       __rtonepop                 0040f9ad     libucrt:87disp.obj
 0001:0000e9b0       __rtonenpop                0040f9b0 f   libucrt:87disp.obj
 0001:0000e9c0       __tosnan1                  0040f9c0 f   libucrt:87disp.obj
 0001:0000e9f0       __nosnan2                  0040f9f0 f   libucrt:87disp.obj
 0001:0000ea00       __tosnan2                  0040fa00 f   libucrt:87disp.obj
 0001:0000ea30       __nan2                     0040fa30 f   libucrt:87disp.obj
 0001:0000ea70       __rtindfpop                0040fa70 f   libucrt:87disp.obj
 0001:0000ea72       __rtindfnpop               0040fa72     libucrt:87disp.obj
 0001:0000ea83       __rttosnpopde              0040fa83     libucrt:87disp.obj
 0001:0000ea90       __rtatan2inf               0040fa90 f   libucrt:87disp.obj
 0001:0000eaad       __rtchsifneg               0040faad     libucrt:87disp.obj
 0001:0000eac0       __twoToTOS                 0040fac0 f   libucrt:common.obj
 0001:0000ead5       __load_CW                  0040fad5 f   libucrt:common.obj
 0001:0000eaec       __convertTOStoQNaN         0040faec f   libucrt:common.obj
 0001:0000eb05       __fload_withFB             0040fb05 f   libucrt:common.obj
 0001:0000eb48       __checkTOS_withFB          0040fb48 f   libucrt:common.obj
 0001:0000eb5e       __fast_exit                0040fb5e f   libucrt:common.obj
 0001:0000eb6b       __math_exit                0040fb6b f   libucrt:common.obj
 0001:0000eb95       __check_overflow_exit      0040fb95 f   libucrt:common.obj
 0001:0000eba9       __check_range_exit         0040fba9 f   libucrt:common.obj
 0001:0000ec50       __startTwoArgErrorHandling 0040fc50 f   libucrt:genexcep.obj
 0001:0000ec67       __startOneArgErrorHandling 0040fc67 f   libucrt:genexcep.obj
 0001:0000eca3       ___libm_error_support      0040fca3 f   libucrt:libm_error.obj
 0001:0000ee99       __ceil_default             0040fe99 f   libucrt:ceil.obj
 0001:0000efd4       __close                    0040ffd4 f   libucrt:close.obj
 0001:0000f063       __close_nolock             00410063 f   libucrt:close.obj
 0001:0000f0ff       ?__acrt_stdio_free_stream@@YAXV__crt_stdio_stream@@@Z 004100ff f   libucrt:stream.obj
 0001:0000f159       ___dcrt_lowio_ensure_console_output_initialized 00410159 f   libucrt:initcon.obj
 0001:0000f178       ___dcrt_terminate_console_output 00410178 f   libucrt:initcon.obj
 0001:0000f18f       ___dcrt_write_console      0041018f f   libucrt:initcon.obj
 0001:0000f1e4       __d_inttype                004101e4 f   libucrt:powhlp.obj
 0001:0000f24e       __powhlp                   0041024e f   libucrt:powhlp.obj
 0001:0000f379       __87except                 00410379 f   libucrt:87except.obj
 0001:0000f483       __frnd                     00410483 f   libucrt:frnd.obj
 0001:0000f499       __fpclass                  00410499 f   libucrt:ieeemisc.obj
 0001:0000f540       __FindPESection            00410540 f   LIBCMT:pesect.obj
 0001:0000f590       __IsNonwritableInCurrentImage 00410590 f   LIBCMT:pesect.obj
 0001:0000f650       __ValidateImageBase        00410650 f   LIBCMT:pesect.obj
 0001:0000f690       __aulldvrm                 00410690 f   LIBCMT:ulldvrm.obj
 0001:0000f730       __allmul                   00410730 f   LIBCMT:llmul.obj
 0001:0000f770       __alloca_probe_16          00410770 f   LIBCMT:alloca16.obj
 0001:0000f786       __alloca_probe_8           00410786     LIBCMT:alloca16.obj
 0001:0000f7a0       __alldvrm                  004107a0 f   LIBCMT:lldvrm.obj
 0001:0000f880       __aullshr                  00410880 f   LIBCMT:ullshr.obj
 0001:0000f8a0       __allshl                   004108a0 f   LIBCMT:llshl.obj
 0001:0000f8c0       __ftol2_sse                004108c0 f   LIBCMT:ftol2.obj
 0001:0000f8c9       __ftol2_pentium4           004108c9 f   LIBCMT:ftol2.obj
 0001:0000f8dc       __ftol2_sse_excpt          004108dc f   LIBCMT:ftol2.obj
 0001:0000f900       __ftol2                    00410900 f   LIBCMT:ftol2.obj
 0001:0000f980       _strchr                    00410980 f   libvcruntime:strchr.obj
 0001:0000f9ee       ___from_strstr_to_strchr   004109ee     libvcruntime:strchr.obj
 0001:0000fab0       _strrchr                   00410ab0 f   libvcruntime:strrchr.obj
 0002:00000000       __imp__DirectInput8Create@20 00411000     dinput8:DINPUT8.dll
 0002:00000004       \177DINPUT8_NULL_THUNK_DATA 00411004     dinput8:DINPUT8.dll
 0002:00000008       __imp__PatBlt@24           00411008     gdi32:GDI32.dll
 0002:0000000c       __imp__GetDeviceCaps@8     0041100c     gdi32:GDI32.dll
 0002:00000010       __imp__StretchDIBits@52    00411010     gdi32:GDI32.dll
 0002:00000014       \177GDI32_NULL_THUNK_DATA  00411014     gdi32:GDI32.dll
 0002:00000018       __imp__FlushFileBuffers@4  00411018     kernel32:KERNEL32.dll
 0002:0000001c       __imp__HeapReAlloc@16      0041101c     kernel32:KERNEL32.dll
 0002:00000020       __imp__HeapSize@12         00411020     kernel32:KERNEL32.dll
 0002:00000024       __imp__SetFilePointerEx@20 00411024     kernel32:KERNEL32.dll
 0002:00000028       __imp__LCMapStringW@24     00411028     kernel32:KERNEL32.dll
 0002:0000002c       __imp__GetConsoleCP@0      0041102c     kernel32:KERNEL32.dll
 0002:00000030       __imp__CreateFileW@28      00411030     kernel32:KERNEL32.dll
 0002:00000034       __imp__GetStringTypeW@16   00411034     kernel32:KERNEL32.dll
 0002:00000038       __imp__GetFileType@4       00411038     kernel32:KERNEL32.dll
 0002:0000003c       __imp__SetStdHandle@8      0041103c     kernel32:KERNEL32.dll
 0002:00000040       __imp__FreeEnvironmentStringsW@4 00411040     kernel32:KERNEL32.dll
 0002:00000044       __imp__GetConsoleMode@8    00411044     kernel32:KERNEL32.dll
 0002:00000048       __imp__DecodePointer@4     00411048     kernel32:KERNEL32.dll
 0002:0000004c       __imp__GetEnvironmentStringsW@0 0041104c     kernel32:KERNEL32.dll
 0002:00000050       __imp__GetCommandLineW@0   00411050     kernel32:KERNEL32.dll
 0002:00000054       __imp__GetCurrentThreadId@0 00411054     kernel32:KERNEL32.dll
 0002:00000058       __imp__CompareFileTime@8   00411058     kernel32:KERNEL32.dll
 0002:0000005c       __imp__CreateFileA@28      0041105c     kernel32:KERNEL32.dll
 0002:00000060       __imp__FindClose@4         00411060     kernel32:KERNEL32.dll
 0002:00000064       __imp__FindFirstFileA@8    00411064     kernel32:KERNEL32.dll
 0002:00000068       __imp__GetFileSizeEx@8     00411068     kernel32:KERNEL32.dll
 0002:0000006c       __imp__ReadFile@20         0041106c     kernel32:KERNEL32.dll
 0002:00000070       __imp__WriteFile@20        00411070     kernel32:KERNEL32.dll
 0002:00000074       __imp__OutputDebugStringA@4 00411074     kernel32:KERNEL32.dll
 0002:00000078       __imp__CloseHandle@4       00411078     kernel32:KERNEL32.dll
 0002:0000007c       __imp__QueryPerformanceCounter@4 0041107c     kernel32:KERNEL32.dll
 0002:00000080       __imp__QueryPerformanceFrequency@4 00411080     kernel32:KERNEL32.dll
 0002:00000084       __imp__Sleep@4             00411084     kernel32:KERNEL32.dll
 0002:00000088       __imp__VirtualAlloc@16     00411088     kernel32:KERNEL32.dll
 0002:0000008c       __imp__VirtualFree@12      0041108c     kernel32:KERNEL32.dll
 0002:00000090       __imp__MapViewOfFile@20    00411090     kernel32:KERNEL32.dll
 0002:00000094       __imp__FreeLibrary@4       00411094     kernel32:KERNEL32.dll
 0002:00000098       __imp__GetModuleFileNameA@12 00411098     kernel32:KERNEL32.dll
 0002:0000009c       __imp__GetModuleHandleA@4  0041109c     kernel32:KERNEL32.dll
 0002:000000a0       __imp__GetProcAddress@8    004110a0     kernel32:KERNEL32.dll
 0002:000000a4       __imp__LoadLibraryA@4      004110a4     kernel32:KERNEL32.dll
 0002:000000a8       __imp__CreateFileMappingA@24 004110a8     kernel32:KERNEL32.dll
 0002:000000ac       __imp__CopyFileA@12        004110ac     kernel32:KERNEL32.dll
 0002:000000b0       __imp__IsDebuggerPresent@0 004110b0     kernel32:KERNEL32.dll
 0002:000000b4       __imp__RaiseException@16   004110b4     kernel32:KERNEL32.dll
 0002:000000b8       __imp__MultiByteToWideChar@24 004110b8     kernel32:KERNEL32.dll
 0002:000000bc       __imp__WideCharToMultiByte@32 004110bc     kernel32:KERNEL32.dll
 0002:000000c0       __imp__UnhandledExceptionFilter@4 004110c0     kernel32:KERNEL32.dll
 0002:000000c4       __imp__SetUnhandledExceptionFilter@4 004110c4     kernel32:KERNEL32.dll
 0002:000000c8       __imp__GetCurrentProcess@0 004110c8     kernel32:KERNEL32.dll
 0002:000000cc       __imp__TerminateProcess@8  004110cc     kernel32:KERNEL32.dll
 0002:000000d0       __imp__IsProcessorFeaturePresent@4 004110d0     kernel32:KERNEL32.dll
 0002:000000d4       __imp__GetCurrentProcessId@0 004110d4     kernel32:KERNEL32.dll
 0002:000000d8       __imp__WriteConsoleW@20    004110d8     kernel32:KERNEL32.dll
 0002:000000dc       __imp__GetSystemTimeAsFileTime@4 004110dc     kernel32:KERNEL32.dll
 0002:000000e0       __imp__InitializeSListHead@4 004110e0     kernel32:KERNEL32.dll
 0002:000000e4       __imp__GetStartupInfoW@4   004110e4     kernel32:KERNEL32.dll
 0002:000000e8       __imp__GetModuleHandleW@4  004110e8     kernel32:KERNEL32.dll
 0002:000000ec       __imp__GetLastError@0      004110ec     kernel32:KERNEL32.dll
 0002:000000f0       __imp__HeapAlloc@12        004110f0     kernel32:KERNEL32.dll
 0002:000000f4       __imp__HeapFree@12         004110f4     kernel32:KERNEL32.dll
 0002:000000f8       __imp__GetProcessHeap@0    004110f8     kernel32:KERNEL32.dll
 0002:000000fc       __imp__VirtualQuery@12     004110fc     kernel32:KERNEL32.dll
 0002:00000100       __imp__GetCommandLineA@0   00411100     kernel32:KERNEL32.dll
 0002:00000104       __imp__GetModuleFileNameW@12 00411104     kernel32:KERNEL32.dll
 0002:00000108       __imp__LoadLibraryExW@12   00411108     kernel32:KERNEL32.dll
 0002:0000010c       __imp__RtlUnwind@16        0041110c     kernel32:KERNEL32.dll
 0002:00000110       __imp__SetLastError@4      00411110     kernel32:KERNEL32.dll
 0002:00000114       __imp__EnterCriticalSection@4 00411114     kernel32:KERNEL32.dll
 0002:00000118       __imp__LeaveCriticalSection@4 00411118     kernel32:KERNEL32.dll
 0002:0000011c       __imp__DeleteCriticalSection@4 0041111c     kernel32:KERNEL32.dll
 0002:00000120       __imp__InitializeCriticalSectionAndSpinCount@8 00411120     kernel32:KERNEL32.dll
 0002:00000124       __imp__TlsAlloc@0          00411124     kernel32:KERNEL32.dll
 0002:00000128       __imp__TlsGetValue@4       00411128     kernel32:KERNEL32.dll
 0002:0000012c       __imp__TlsSetValue@8       0041112c     kernel32:KERNEL32.dll
 0002:00000130       __imp__TlsFree@4           00411130     kernel32:KERNEL32.dll
 0002:00000134       __imp__GetStdHandle@4      00411134     kernel32:KERNEL32.dll
 0002:00000138       __imp__ExitProcess@4       00411138     kernel32:KERNEL32.dll
 0002:0000013c       __imp__GetModuleHandleExW@12 0041113c     kernel32:KERNEL32.dll
 0002:00000140       __imp__FindFirstFileExW@24 00411140     kernel32:KERNEL32.dll
 0002:00000144       __imp__FindNextFileW@8     00411144     kernel32:KERNEL32.dll
 0002:00000148       __imp__IsValidCodePage@4   00411148     kernel32:KERNEL32.dll
 0002:0000014c       __imp__GetACP@0            0041114c     kernel32:KERNEL32.dll
 0002:00000150       __imp__GetOEMCP@0          00411150     kernel32:KERNEL32.dll
 0002:00000154       __imp__GetCPInfo@8         00411154     kernel32:KERNEL32.dll
 0002:00000158       \177KERNEL32_NULL_THUNK_DATA 00411158     kernel32:KERNEL32.dll
 0002:0000015c       __imp__TranslateMessage@4  0041115c     user32:USER32.dll
 0002:00000160       __imp__DispatchMessageA@4  00411160     user32:USER32.dll
 0002:00000164       __imp__PeekMessageA@20     00411164     user32:USER32.dll
 0002:00000168       __imp__GetMonitorInfoA@8   00411168     user32:USER32.dll
 0002:0000016c       __imp__MonitorFromWindow@8 0041116c     user32:USER32.dll
 0002:00000170       __imp__LoadCursorA@8       00411170     user32:USER32.dll
 0002:00000174       __imp__SetWindowLongA@12   00411174     user32:USER32.dll
 0002:00000178       __imp__GetWindowLongA@8    00411178     user32:USER32.dll
 0002:0000017c       __imp__ScreenToClient@8    0041117c     user32:USER32.dll
 0002:00000180       __imp__GetCursorPos@4      00411180     user32:USER32.dll
 0002:00000184       __imp__GetClientRect@8     00411184     user32:USER32.dll
 0002:00000188       __imp__EndPaint@8          00411188     user32:USER32.dll
 0002:0000018c       __imp__BeginPaint@8        0041118c     user32:USER32.dll
 0002:00000190       __imp__ReleaseDC@8         00411190     user32:USER32.dll
 0002:00000194       __imp__GetDC@4             00411194     user32:USER32.dll
 0002:00000198       __imp__GetKeyState@4       00411198     user32:USER32.dll
 0002:0000019c       __imp__SetWindowPlacement@8 0041119c     user32:USER32.dll
 0002:000001a0       __imp__GetWindowPlacement@8 004111a0     user32:USER32.dll
 0002:000001a4       __imp__SetWindowPos@28     004111a4     user32:USER32.dll
 0002:000001a8       __imp__CreateWindowExA@48  004111a8     user32:USER32.dll
 0002:000001ac       __imp__RegisterClassA@4    004111ac     user32:USER32.dll
 0002:000001b0       __imp__DefWindowProcA@16   004111b0     user32:USER32.dll
 0002:000001b4       __imp__wsprintfA           004111b4     user32:USER32.dll
 0002:000001b8       \177USER32_NULL_THUNK_DATA 004111b8     user32:USER32.dll
 0002:000001bc       __imp__timeBeginPeriod@4   004111bc     winmm:WINMM.dll
 0002:000001c0       \177WINMM_NULL_THUNK_DATA  004111c0     winmm:WINMM.dll
 0002:000001c4       ___guard_check_icall_fptr  004111c4     LIBCMT:guard_support.obj
 0002:000001c8       ___xc_a                    004111c8     LIBCMT:initializers.obj
 0002:000001d0       ___xc_z                    004111d0     LIBCMT:initializers.obj
 0002:000001d4       ___xi_a                    004111d4     LIBCMT:initializers.obj
 0002:000001e0       ___acrt_multibyte_initializer 004111e0     libucrt:multibyte_initializer.obj
 0002:000001e4       ___acrt_stdio_initializer  004111e4     libucrt:stdio_initializer.obj
 0002:000001e8       ___acrt_tran_sse2_initializer 004111e8     libucrt:sse2_initializer.obj
 0002:000001ec       ___xi_z                    004111ec     LIBCMT:initializers.obj
 0002:000001f0       ___xp_a                    004111f0     LIBCMT:initializers.obj
 0002:000001f4       ___acrt_locale_terminator  004111f4     libucrt:locale_initializer.obj
 0002:000001f8       ___dcrt_console_output_terminator 004111f8     libucrt:console_output_initializer.obj
 0002:000001fc       ___acrt_stdio_terminator   004111fc     libucrt:stdio_initializer.obj
 0002:00000200       ___xp_z                    00411200     LIBCMT:initializers.obj
 0002:00000204       ___xt_a                    00411204     LIBCMT:initializers.obj
 0002:00000208       ___xt_z                    00411208     LIBCMT:initializers.obj
 0002:0000073c       ??_C@_0M@EDIBALOB@PokemonDemo@ 0041173c     win32_PokemonDemo.obj
 0002:00000748       __real@3f800000            00411748     win32_PokemonDemo.obj
 0002:0000074c       __real@40400000            0041174c     win32_PokemonDemo.obj
 0002:00000750       __real@447a0000            00411750     win32_PokemonDemo.obj
 0002:00000754       _c_dfDIJoystick2           00411754     dinput8:dilib4.obj
 0002:0000076c       _IID_IDirectInput8A        0041176c     dxguid:dxguid.obj
 0002:0000077c       _GUID_XAxis                0041177c     dxguid:dxguid.obj
 0002:0000078c       _GUID_YAxis                0041178c     dxguid:dxguid.obj
 0002:0000079c       _GUID_ZAxis                0041179c     dxguid:dxguid.obj
 0002:000007ac       _GUID_RxAxis               004117ac     dxguid:dxguid.obj
 0002:000007bc       _GUID_RyAxis               004117bc     dxguid:dxguid.obj
 0002:000007cc       _GUID_RzAxis               004117cc     dxguid:dxguid.obj
 0002:000007dc       _GUID_Slider               004117dc     dxguid:dxguid.obj
 0002:000007ec       _GUID_POV                  004117ec     dxguid:dxguid.obj
 0002:00000920       ??_C@_0NN@NGPKDKPD@The?5value?5of?5ESP?5was?5not?5proper@ 00411920     LIBCMT:error.obj
 0002:00000a00       ??_C@_0BBN@GPMLNJCF@A?5cast?5to?5a?5smaller?5data?5type?5h@ 00411a00     LIBCMT:error.obj
 0002:00000b20       ??_C@_0BN@FFOINMNJ@Stack?5memory?5was?5corrupted?6?$AN@ 00411b20     LIBCMT:error.obj
 0002:00000b40       ??_C@_0DG@HKJMLLLP@A?5local?5variable?5was?5used?5befor@ 00411b40     LIBCMT:error.obj
 0002:00000b78       ??_C@_0CM@NGINOKPC@Stack?5memory?5around?5_alloca?5was@ 00411b78     LIBCMT:error.obj
 0002:00000ba4       ??_C@_0BO@GNIAFIKK@Unknown?5Runtime?5Check?5Error?6?$AN@ 00411ba4     LIBCMT:error.obj
 0002:00000bc8       ??_C@_1GM@OLMCBDMB@?$AAR?$AAu?$AAn?$AAt?$AAi?$AAm?$AAe?$AA?5?$AAC?$AAh?$AAe?$AAc?$AAk?$AA?5?$AAE@ 00411bc8     LIBCMT:error.obj
 0002:00000c38       ??_C@_1EA@NFKNIFJP@?$AAR?$AAu?$AAn?$AA?9?$AAT?$AAi?$AAm?$AAe?$AA?5?$AAC?$AAh?$AAe?$AAc?$AAk?$AA?5@ 00411c38     LIBCMT:error.obj
 0002:00000c78       ??_C@_0BB@PFFGGCJP@Unknown?5Filename@ 00411c78     LIBCMT:error.obj
 0002:00000c8c       ??_C@_0BE@GNBOBNCK@Unknown?5Module?5Name@ 00411c8c     LIBCMT:error.obj
 0002:00000ca0       ??_C@_0CA@IODNCDPG@Run?9Time?5Check?5Failure?5?$CD?$CFd?5?9?5?$CFs@ 00411ca0     LIBCMT:error.obj
 0002:00000cc0       ??_C@_0CG@IAFNJNEE@Stack?5corrupted?5near?5unknown?5va@ 00411cc0     LIBCMT:error.obj
 0002:00000d04       ??_C@_0BJ@HEGAHDFO@Stack?5pointer?5corruption@ 00411d04     LIBCMT:userapi.obj
 0002:00000d20       ??_C@_0CK@FEGOIOPB@Cast?5to?5smaller?5type?5causing?5lo@ 00411d20     LIBCMT:userapi.obj
 0002:00000d4c       ??_C@_0BI@CIGMDCBH@Stack?5memory?5corruption@ 00411d4c     LIBCMT:userapi.obj
 0002:00000d64       ??_C@_0CK@CNLNOEPB@Local?5variable?5used?5before?5init@ 00411d64     LIBCMT:userapi.obj
 0002:00000d90       ??_C@_0BP@OGBCLIBO@Stack?5around?5_alloca?5corrupted@ 00411d90     LIBCMT:userapi.obj
 0002:00000dd8       ??_C@_1EI@MLPKHBGE@?$AAa?$AAp?$AAi?$AA?9?$AAm?$AAs?$AA?9?$AAw?$AAi?$AAn?$AA?9?$AAc?$AAo?$AAr?$AAe@ 00411dd8     LIBCMT:pdblkup.obj
 0002:00000e20       ??_C@_1BK@JHLNAEJL@?$AAa?$AAd?$AAv?$AAa?$AAp?$AAi?$AA3?$AA2?$AA?4?$AAd?$AAl?$AAl@ 00411e20     LIBCMT:pdblkup.obj
 0002:00000e3c       ??_C@_0O@COHOBMLB@RegOpenKeyExW@ 00411e3c     LIBCMT:pdblkup.obj
 0002:00000e4c       ??_C@_0BB@GLNAEDBD@RegQueryValueExW@ 00411e4c     LIBCMT:pdblkup.obj
 0002:00000e60       ??_C@_0M@HLOHPNFA@RegCloseKey@ 00411e60     LIBCMT:pdblkup.obj
 0002:00000e70       ??_C@_1HE@EBEAGLFB@?$AAS?$AAO?$AAF?$AAT?$AAW?$AAA?$AAR?$AAE?$AA?2?$AAW?$AAo?$AAw?$AA6?$AA4?$AA3@ 00411e70     LIBCMT:pdblkup.obj
 0002:00000ee4       ??_C@_1BG@EABPBLLF@?$AAP?$AAr?$AAo?$AAd?$AAu?$AAc?$AAt?$AAD?$AAi?$AAr@ 00411ee4     LIBCMT:pdblkup.obj
 0002:00000efc       ??_C@_0BB@KCIACLNC@PDBOpenValidate5@ 00411efc     LIBCMT:pdblkup.obj
 0002:00000f10       ??_C@_01KDCPPGHE@r@        00411f10     LIBCMT:pdblkup.obj
 0002:00000f20       ??_C@_1DM@KHCHBNEB@?$AAa?$AAp?$AAi?$AA?9?$AAm?$AAs?$AA?9?$AAw?$AAi?$AAn?$AA?9?$AAc?$AAo?$AAr?$AAe@ 00411f20     libvcruntime:winapi_downlevel.obj
 0002:00000f5c       ??_C@_1DK@LPPGFMPP@?$AAa?$AAp?$AAi?$AA?9?$AAm?$AAs?$AA?9?$AAw?$AAi?$AAn?$AA?9?$AAc?$AAo?$AAr?$AAe@ 00411f5c     libvcruntime:winapi_downlevel.obj
 0002:00000f98       ??_C@_1BC@GDMECMAK@?$AAk?$AAe?$AAr?$AAn?$AAe?$AAl?$AA3?$AA2@ 00411f98     libvcruntime:winapi_downlevel.obj
 0002:00000fac       ??_C@_1BA@PFFKHIOG@?$AAa?$AAp?$AAi?$AA?9?$AAm?$AAs?$AA?9@ 00411fac     libvcruntime:winapi_downlevel.obj
 0002:00000fbc       ??_C@_1BA@IAIFMGEF@?$AAe?$AAx?$AAt?$AA?9?$AAm?$AAs?$AA?9@ 00411fbc     libvcruntime:winapi_downlevel.obj
 0002:00000fd4       ??_C@_08KNHFBNJ@FlsAlloc@  00411fd4     libvcruntime:winapi_downlevel.obj
 0002:00000fe8       ??_C@_07PEJMOBNF@FlsFree@  00411fe8     libvcruntime:winapi_downlevel.obj
 0002:00000ff8       ??_C@_0M@JCPCPOEF@FlsSetValue@ 00411ff8     libvcruntime:winapi_downlevel.obj
 0002:0000100c       ??_C@_0BM@HCFOFFN@InitializeCriticalSectionEx@ 0041200c     libvcruntime:winapi_downlevel.obj
 0002:000011c4       ??_C@_08EHJDFFNH@__based?$CI@ 004121c4     libvcruntime:undname.obj
 0002:000011d0       ??_C@_07KOLFKCDI@__cdecl@  004121d0     libvcruntime:undname.obj
 0002:000011d8       ??_C@_08GHMPAG@__pascal@   004121d8     libvcruntime:undname.obj
 0002:000011e4       ??_C@_09IFJBGAPI@__stdcall@ 004121e4     libvcruntime:undname.obj
 0002:000011f0       ??_C@_0L@NPHFGOKO@__thiscall@ 004121f0     libvcruntime:undname.obj
 0002:000011fc       ??_C@_0L@JMKHOMEK@__fastcall@ 004121fc     libvcruntime:undname.obj
 0002:00001208       ??_C@_0N@BCKKPABJ@__vectorcall@ 00412208     libvcruntime:undname.obj
 0002:00001218       ??_C@_09HIJEGCPM@__clrcall@ 00412218     libvcruntime:undname.obj
 0002:00001224       ??_C@_06GHPCKEAG@__eabi@   00412224     libvcruntime:undname.obj
 0002:0000122c       ??_C@_09IOPIDJLG@__swift_1@ 0041222c     libvcruntime:undname.obj
 0002:00001238       ??_C@_09KFNFGKHF@__swift_2@ 00412238     libvcruntime:undname.obj
 0002:00001244       ??_C@_07JOMMBBKO@__ptr64@  00412244     libvcruntime:undname.obj
 0002:0000124c       ??_C@_0L@PILCLIHE@__restrict@ 0041224c     libvcruntime:undname.obj
 0002:00001258       ??_C@_0M@GFIIJFMG@__unaligned@ 00412258     libvcruntime:undname.obj
 0002:00001264       ??_C@_09DHDLOLLB@restrict?$CI@ 00412264     libvcruntime:undname.obj
 0002:0000126e       ??_C@_00CNPNBAHC@@         0041226e     libvcruntime:undname.obj
 0002:00001270       ??_C@_04NIHEBCM@?5new@     00412270     libvcruntime:undname.obj
 0002:00001278       ??_C@_07FPCDHGMM@?5delete@ 00412278     libvcruntime:undname.obj
 0002:00001280       ??_C@_01NEMOKFLO@?$DN@     00412280     libvcruntime:undname.obj
 0002:00001284       ??_C@_02GPIOPFAK@?$DO?$DO@ 00412284     libvcruntime:undname.obj
 0002:00001288       ??_C@_02FODMEDOG@?$DM?$DM@ 00412288     libvcruntime:undname.obj
 0002:0000128c       ??_C@_01DCLJPIOD@?$CB@     0041228c     libvcruntime:undname.obj
 0002:00001290       ??_C@_02EGOFBIJA@?$DN?$DN@ 00412290     libvcruntime:undname.obj
 0002:00001294       ??_C@_02FDNJECIE@?$CB?$DN@ 00412294     libvcruntime:undname.obj
 0002:00001298       ??_C@_02GPECMEKF@?$FL?$FN@ 00412298     libvcruntime:undname.obj
 0002:0000129c       ??_C@_08LHJFAFGD@operator@ 0041229c     libvcruntime:undname.obj
 0002:000012a8       ??_C@_02HBOOOICD@?9?$DO@   004122a8     libvcruntime:undname.obj
 0002:000012ac       ??_C@_01NBENCBCI@?$CK@     004122ac     libvcruntime:undname.obj
 0002:000012b0       ??_C@_02ECNGHCIF@?$CL?$CL@ 004122b0     libvcruntime:undname.obj
 0002:000012b4       ??_C@_02BAABKJLB@?9?9@     004122b4     libvcruntime:undname.obj
 0002:000012b8       ??_C@_01JOAMLHOP@?9@       004122b8     libvcruntime:undname.obj
 0002:000012bc       ??_C@_01MIFGBAGJ@?$CL@     004122bc     libvcruntime:undname.obj
 0002:000012c0       ??_C@_01HNPIGOCE@?$CG@     004122c0     libvcruntime:undname.obj
 0002:000012c4       ??_C@_03MNHNFDLC@?9?$DO?$CK@ 004122c4     libvcruntime:undname.obj
 0002:000012c8       ??_C@_01KMDKNFGN@?1@       004122c8     libvcruntime:undname.obj
 0002:000012cc       ??_C@_01FGNFDNOH@?$CF@     004122cc     libvcruntime:undname.obj
 0002:000012d0       ??_C@_01MNNFJEPP@?$DM@     004122d0     libvcruntime:undname.obj
 0002:000012d4       ??_C@_02EHCHHCKH@?$DM?$DN@ 004122d4     libvcruntime:undname.obj
 0002:000012d8       ??_C@_01PPODPGHN@?$DO@     004122d8     libvcruntime:undname.obj
 0002:000012dc       ??_C@_02EEKDKGMJ@?$DO?$DN@ 004122dc     libvcruntime:undname.obj
 0002:000012e0       ??_C@_01IHBHIGKO@?0@       004122e0     libvcruntime:undname.obj
 0002:000012e4       ??_C@_02HCKGKOFO@?$CI?$CJ@ 004122e4     libvcruntime:undname.obj
 0002:000012e8       ??_C@_01PJKLJHI@?$HO@      004122e8     libvcruntime:undname.obj
 0002:000012ec       ??_C@_01JKBOJNNK@?$FO@     004122ec     libvcruntime:undname.obj
 0002:000012f0       ??_C@_01DNKMNLPK@?$HM@     004122f0     libvcruntime:undname.obj
 0002:000012f4       ??_C@_02PPKAJPJL@?$CG?$CG@ 004122f4     libvcruntime:undname.obj
 0002:000012f8       ??_C@_02NONPIBCD@?$HM?$HM@ 004122f8     libvcruntime:undname.obj
 0002:000012fc       ??_C@_02FPIMKNGF@?$CK?$DN@ 004122fc     libvcruntime:undname.obj
 0002:00001300       ??_C@_02FOEOMHFC@?$CL?$DN@ 00412300     libvcruntime:undname.obj
 0002:00001304       ??_C@_02FKMDLLOA@?9?$DN@   00412304     libvcruntime:undname.obj
 0002:00001308       ??_C@_02FJEHGPIO@?1?$DN@   00412308     libvcruntime:undname.obj
 0002:0000130c       ??_C@_02FENAOKFI@?$CF?$DN@ 0041230c     libvcruntime:undname.obj
 0002:00001310       ??_C@_03IKFCCPFF@?$DO?$DO?$DN@ 00412310     libvcruntime:undname.obj
 0002:00001314       ??_C@_03CDNPDDLA@?$DM?$DM?$DN@ 00412314     libvcruntime:undname.obj
 0002:00001318       ??_C@_02FGJGFEAB@?$CG?$DN@ 00412318     libvcruntime:undname.obj
 0002:0000131c       ??_C@_02DHLNPPGH@?$HM?$DN@ 0041231c     libvcruntime:undname.obj
 0002:00001320       ??_C@_02MHEGNOJ@?$FO?$DN@  00412320     libvcruntime:undname.obj
 0002:00001324       ??_C@_09IFPLHPGF@?$GAvftable?8@ 00412324     libvcruntime:undname.obj
 0002:00001330       ??_C@_09BLBHBJP@?$GAvbtable?8@ 00412330     libvcruntime:undname.obj
 0002:0000133c       ??_C@_07FEEIOKP@?$GAvcall?8@ 0041233c     libvcruntime:undname.obj
 0002:00001344       ??_C@_08LLFFHHDJ@?$GAtypeof?8@ 00412344     libvcruntime:undname.obj
 0002:00001350       ??_C@_0BF@KDPPACIK@?$GAlocal?5static?5guard?8@ 00412350     libvcruntime:undname.obj
 0002:00001368       ??_C@_08OBABFOLI@?$GAstring?8@ 00412368     libvcruntime:undname.obj
 0002:00001374       ??_C@_0BD@JDLKDPAB@?$GAvbase?5destructor?8@ 00412374     libvcruntime:undname.obj
 0002:00001388       ??_C@_0BN@DEGPLNFK@?$GAvector?5deleting?5destructor?8@ 00412388     libvcruntime:undname.obj
 0002:000013a8       ??_C@_0BO@OBMKPJIG@?$GAdefault?5constructor?5closure?8@ 004123a8     libvcruntime:undname.obj
 0002:000013c8       ??_C@_0BN@IMDCHIKM@?$GAscalar?5deleting?5destructor?8@ 004123c8     libvcruntime:undname.obj
 0002:000013e8       ??_C@_0BO@PFGOCPJJ@?$GAvector?5constructor?5iterator?8@ 004123e8     libvcruntime:undname.obj
 0002:00001408       ??_C@_0BN@LFPFMEDL@?$GAvector?5destructor?5iterator?8@ 00412408     libvcruntime:undname.obj
 0002:00001428       ??_C@_0CE@IKBNEHA@?$GAvector?5vbase?5constructor?5itera@ 00412428     libvcruntime:undname.obj
 0002:0000144c       ??_C@_0BL@NILFHHPC@?$GAvirtual?5displacement?5map?8@ 0041244c     libvcruntime:undname.obj
 0002:00001468       ??_C@_0CB@JONCMFFK@?$GAeh?5vector?5constructor?5iterator@ 00412468     libvcruntime:undname.obj
 0002:0000148c       ??_C@_0CA@GCEOPDGL@?$GAeh?5vector?5destructor?5iterator?8@ 0041248c     libvcruntime:undname.obj
 0002:000014ac       ??_C@_0CH@OOJPLCPH@?$GAeh?5vector?5vbase?5constructor?5it@ 004124ac     libvcruntime:undname.obj
 0002:000014d4       ??_C@_0BL@LLKPOHJI@?$GAcopy?5constructor?5closure?8@ 004124d4     libvcruntime:undname.obj
 0002:000014f0       ??_C@_0BA@KBCDOMBN@?$GAudt?5returning?8@ 004124f0     libvcruntime:undname.obj
 0002:00001500       ??_C@_03KLGMFNMG@?$GAEH@   00412500     libvcruntime:undname.obj
 0002:00001504       ??_C@_05KHLCHHI@?$GARTTI@  00412504     libvcruntime:undname.obj
 0002:0000150c       ??_C@_0BA@KKLDJDLB@?$GAlocal?5vftable?8@ 0041250c     libvcruntime:undname.obj
 0002:0000151c       ??_C@_0CE@IIHCMGGL@?$GAlocal?5vftable?5constructor?5clos@ 0041251c     libvcruntime:undname.obj
 0002:00001540       ??_C@_06FHBGPFGH@?5new?$FL?$FN@ 00412540     libvcruntime:undname.obj
 0002:00001548       ??_C@_09LBNFPBCA@?5delete?$FL?$FN@ 00412548     libvcruntime:undname.obj
 0002:00001554       ??_C@_0P@HJKNJFNN@?$GAomni?5callsig?8@ 00412554     libvcruntime:undname.obj
 0002:00001564       ??_C@_0BL@CNOONJFP@?$GAplacement?5delete?5closure?8@ 00412564     libvcruntime:undname.obj
 0002:00001580       ??_C@_0BN@CKNJLHMB@?$GAplacement?5delete?$FL?$FN?5closure?8@ 00412580     libvcruntime:undname.obj
 0002:000015a0       ??_C@_0CG@CFDHKGGD@?$GAmanaged?5vector?5constructor?5ite@ 004125a0     libvcruntime:undname.obj
 0002:000015c8       ??_C@_0CF@IMGKMJNO@?$GAmanaged?5vector?5destructor?5iter@ 004125c8     libvcruntime:undname.obj
 0002:000015f0       ??_C@_0CG@HLDDJMAG@?$GAeh?5vector?5copy?5constructor?5ite@ 004125f0     libvcruntime:undname.obj
 0002:00001618       ??_C@_0CM@FCBBDIGB@?$GAeh?5vector?5vbase?5copy?5construct@ 00412618     libvcruntime:undname.obj
 0002:00001644       ??_C@_0BL@CLIPGLGB@?$GAdynamic?5initializer?5for?5?8@ 00412644     libvcruntime:undname.obj
 0002:00001660       ??_C@_0CB@PDBIFEP@?$GAdynamic?5atexit?5destructor?5for?5@ 00412660     libvcruntime:undname.obj
 0002:00001684       ??_C@_0CD@CGAJBKEJ@?$GAvector?5copy?5constructor?5iterat@ 00412684     libvcruntime:undname.obj
 0002:000016a8       ??_C@_0CJ@GJELGAMM@?$GAvector?5vbase?5copy?5constructor?5@ 004126a8     libvcruntime:undname.obj
 0002:000016d4       ??_C@_0CL@FGIJHLCE@?$GAmanaged?5vector?5copy?5constructo@ 004126d4     libvcruntime:undname.obj
 0002:00001700       ??_C@_0BM@PMGGMLDN@?$GAlocal?5static?5thread?5guard?8@ 00412700     libvcruntime:undname.obj
 0002:0000171c       ??_C@_0N@BDNMDMOL@operator?5?$CC?$CC?5@ 0041271c     libvcruntime:undname.obj
 0002:0000172c       ??_C@_0BC@GGEBGALA@operator?5co_await@ 0041272c     libvcruntime:undname.obj
 0002:00001740       ??_C@_0BC@DAFEJGAK@?5Type?5Descriptor?8@ 00412740     libvcruntime:undname.obj
 0002:00001754       ??_C@_0BM@LDKODKLH@?5Base?5Class?5Descriptor?5at?5?$CI@ 00412754     libvcruntime:undname.obj
 0002:00001770       ??_C@_0BD@LGICGFMM@?5Base?5Class?5Array?8@ 00412770     libvcruntime:undname.obj
 0002:00001784       ??_C@_0BN@MECKDCOJ@?5Class?5Hierarchy?5Descriptor?8@ 00412784     libvcruntime:undname.obj
 0002:000017a4       ??_C@_0BK@CFCOFLF@?5Complete?5Object?5Locator?8@ 004127a4     libvcruntime:undname.obj
 0002:000017c0       __pDestructExceptionObject 004127c0     libvcruntime:ehhelpers.obj
 0002:000018b0       ??_C@_03KHJOGHMM@exp?$AA@  004128b0     libucrt:fpexcept.obj
 0002:000018b4       ??_C@_03JGHBODFD@pow?$AA@  004128b4     libucrt:fpexcept.obj
 0002:000018b8       ??_C@_03MGHMBJCF@log?$AA@  004128b8     libucrt:fpexcept.obj
 0002:000018bc       ??_C@_05HGHHAHAP@log10?$AA@ 004128bc     libucrt:fpexcept.obj
 0002:000018c4       ??_C@_04COOMCNPB@sinh?$AA@ 004128c4     libucrt:fpexcept.obj
 0002:000018cc       ??_C@_04HPJJNFIM@cosh?$AA@ 004128cc     libucrt:fpexcept.obj
 0002:000018d4       ??_C@_04FJHINJAO@tanh?$AA@ 004128d4     libucrt:fpexcept.obj
 0002:000018dc       ??_C@_04FIHNOPOL@asin?$AA@ 004128dc     libucrt:fpexcept.obj
 0002:000018e4       ??_C@_04PDIFKINK@acos?$AA@ 004128e4     libucrt:fpexcept.obj
 0002:000018ec       ??_C@_04MLLJIGOK@atan?$AA@ 004128ec     libucrt:fpexcept.obj
 0002:000018f4       ??_C@_05KNGEOGJB@atan2?$AA@ 004128f4     libucrt:fpexcept.obj
 0002:000018fc       ??_C@_04EIAKFFMI@sqrt?$AA@ 004128fc     libucrt:fpexcept.obj
 0002:00001904       ??_C@_03BLEJJJBH@sin?$AA@  00412904     libucrt:fpexcept.obj
 0002:00001908       ??_C@_03LALBNOCG@cos?$AA@  00412908     libucrt:fpexcept.obj
 0002:0000190c       ??_C@_03IIINPABG@tan?$AA@  0041290c     libucrt:fpexcept.obj
 0002:00001910       ??_C@_04GFPJNGEK@ceil?$AA@ 00412910     libucrt:fpexcept.obj
 0002:00001918       ??_C@_05PBJFFIGL@floor?$AA@ 00412918     libucrt:fpexcept.obj
 0002:00001920       ??_C@_04ODHECPBC@fabs?$AA@ 00412920     libucrt:fpexcept.obj
 0002:00001928       ??_C@_04EHEDPDJG@modf?$AA@ 00412928     libucrt:fpexcept.obj
 0002:00001930       ??_C@_05CEJMAHNP@ldexp?$AA@ 00412930     libucrt:fpexcept.obj
 0002:00001938       ??_C@_05KBKMEMPO@_cabs?$AA@ 00412938     libucrt:fpexcept.obj
 0002:00001940       ??_C@_06MEIMCGCF@_hypot?$AA@ 00412940     libucrt:fpexcept.obj
 0002:00001948       ??_C@_04KEPJIHGP@fmod?$AA@ 00412948     libucrt:fpexcept.obj
 0002:00001950       ??_C@_05GKKHEGJL@frexp?$AA@ 00412950     libucrt:fpexcept.obj
 0002:00001958       ??_C@_03MJLDFKDL@_y0?$AA@  00412958     libucrt:fpexcept.obj
 0002:0000195c       ??_C@_03NAKIGLHK@_y1?$AA@  0041295c     libucrt:fpexcept.obj
 0002:00001960       ??_C@_03ONILCKOB@_yn?$AA@  00412960     libucrt:fpexcept.obj
 0002:00001964       ??_C@_05JGDBENOH@_logb?$AA@ 00412964     libucrt:fpexcept.obj
 0002:0000196c       ??_C@_0L@KDOEJCKC@_nextafter?$AA@ 0041296c     libucrt:fpexcept.obj
 0002:00001978       ___acrt_exception_action_table 00412978     libucrt:exception_filter.obj
 0002:00001a08       ___acrt_signal_action_table_count 00412a08     libucrt:exception_filter.obj
 0002:00001a0c       ___acrt_signal_action_first_fpe_index 00412a0c     libucrt:exception_filter.obj
 0002:00001a10       ___acrt_signal_action_fpe_count 00412a10     libucrt:exception_filter.obj
 0002:00001a14       ??_C@_1BI@BGOHAHKC@?$AAm?$AAs?$AAc?$AAo?$AAr?$AAe?$AAe?$AA?4?$AAd?$AAl?$AAl?$AA?$AA@ 00412a14     libucrt:exit.obj
 0002:00001a2c       ??_C@_0P@MIGLKIOC@CorExitProcess?$AA@ 00412a2c     libucrt:exit.obj
 0002:00001c28       __d_inf                    00412c28     libucrt:util.obj
 0002:00001c30       __d_max                    00412c30     libucrt:util.obj
 0002:00001c38       __d_mzero                  00412c38     libucrt:util.obj
 0002:00001c68       ??_C@_1M@HPNHIDJI@?$AAj?$AAa?$AA?9?$AAJ?$AAP?$AA?$AA@ 00412c68     libucrt:mbctype.obj
 0002:00001c74       ??_C@_1M@BIBDDEMK@?$AAz?$AAh?$AA?9?$AAC?$AAN?$AA?$AA@ 00412c74     libucrt:mbctype.obj
 0002:00001c80       ??_C@_1M@JLOOOEGK@?$AAk?$AAo?$AA?9?$AAK?$AAR?$AA?$AA@ 00412c80     libucrt:mbctype.obj
 0002:00001c8c       ??_C@_1M@CLNBBOPM@?$AAz?$AAh?$AA?9?$AAT?$AAW?$AA?$AA@ 00412c8c     libucrt:mbctype.obj
 0002:00001c98       ___lc_time_c               00412c98     libucrt:nlsdata.obj
 0002:00001dfc       ??_C@_03KOEHGMDN@Sun?$AA@  00412dfc     libucrt:nlsdata.obj
 0002:00001e00       ??_C@_03PDAGKDH@Mon?$AA@   00412e00     libucrt:nlsdata.obj
 0002:00001e04       ??_C@_03NAGEINEP@Tue?$AA@  00412e04     libucrt:nlsdata.obj
 0002:00001e08       ??_C@_03MHOMLAJA@Wed?$AA@  00412e08     libucrt:nlsdata.obj
 0002:00001e0c       ??_C@_03IOFIKPDN@Thu?$AA@  00412e0c     libucrt:nlsdata.obj
 0002:00001e10       ??_C@_03IDIOELNC@Fri?$AA@  00412e10     libucrt:nlsdata.obj
 0002:00001e14       ??_C@_03FEFJNEK@Sat?$AA@   00412e14     libucrt:nlsdata.obj
 0002:00001e18       ??_C@_06OOPIFAJ@Sunday?$AA@ 00412e18     libucrt:nlsdata.obj
 0002:00001e20       ??_C@_06JLEDEDGH@Monday?$AA@ 00412e20     libucrt:nlsdata.obj
 0002:00001e28       ??_C@_07BAAGCFCM@Tuesday?$AA@ 00412e28     libucrt:nlsdata.obj
 0002:00001e30       ??_C@_09DLIGFAKA@Wednesday?$AA@ 00412e30     libucrt:nlsdata.obj
 0002:00001e3c       ??_C@_08HACCIKIA@Thursday?$AA@ 00412e3c     libucrt:nlsdata.obj
 0002:00001e48       ??_C@_06JECMNKMI@Friday?$AA@ 00412e48     libucrt:nlsdata.obj
 0002:00001e50       ??_C@_08INBOOONO@Saturday?$AA@ 00412e50     libucrt:nlsdata.obj
 0002:00001e5c       ??_C@_03JIHJHPIE@Jan?$AA@  00412e5c     libucrt:nlsdata.obj
 0002:00001e60       ??_C@_03HJBDCHOM@Feb?$AA@  00412e60     libucrt:nlsdata.obj
 0002:00001e64       ??_C@_03ODNJBKGA@Mar?$AA@  00412e64     libucrt:nlsdata.obj
 0002:00001e68       ??_C@_03LEOLGMJP@Apr?$AA@  00412e68     libucrt:nlsdata.obj
 0002:00001e6c       ??_C@_03CNMDKL@May?$AA@    00412e6c     libucrt:nlsdata.obj
 0002:00001e70       ??_C@_03IDFGHECI@Jun?$AA@  00412e70     libucrt:nlsdata.obj
 0002:00001e74       ??_C@_03LBGABGKK@Jul?$AA@  00412e74     libucrt:nlsdata.obj
 0002:00001e78       ??_C@_03IFJFEIGA@Aug?$AA@  00412e78     libucrt:nlsdata.obj
 0002:00001e7c       ??_C@_03GGCAPAJC@Sep?$AA@  00412e7c     libucrt:nlsdata.obj
 0002:00001e80       ??_C@_03BMAOKBAD@Oct?$AA@  00412e80     libucrt:nlsdata.obj
 0002:00001e84       ??_C@_03JPJOFNIA@Nov?$AA@  00412e84     libucrt:nlsdata.obj
 0002:00001e88       ??_C@_03MKABNOCG@Dec?$AA@  00412e88     libucrt:nlsdata.obj
 0002:00001e8c       ??_C@_07CGJPFGJA@January?$AA@ 00412e8c     libucrt:nlsdata.obj
 0002:00001e94       ??_C@_08GNJGEPFN@February?$AA@ 00412e94     libucrt:nlsdata.obj
 0002:00001ea0       ??_C@_05HPCKOFNC@March?$AA@ 00412ea0     libucrt:nlsdata.obj
 0002:00001ea8       ??_C@_05DMJDNLEJ@April?$AA@ 00412ea8     libucrt:nlsdata.obj
 0002:00001eb0       ??_C@_04CNLMGBGM@June?$AA@ 00412eb0     libucrt:nlsdata.obj
 0002:00001eb8       ??_C@_04MIEPOIFP@July?$AA@ 00412eb8     libucrt:nlsdata.obj
 0002:00001ec0       ??_C@_06LBBHFDDG@August?$AA@ 00412ec0     libucrt:nlsdata.obj
 0002:00001ec8       ??_C@_09BHHEALKD@September?$AA@ 00412ec8     libucrt:nlsdata.obj
 0002:00001ed4       ??_C@_07JJNFCEND@October?$AA@ 00412ed4     libucrt:nlsdata.obj
 0002:00001edc       ??_C@_08HCHEGEOA@November?$AA@ 00412edc     libucrt:nlsdata.obj
 0002:00001ee8       ??_C@_08EDHMEBNP@December?$AA@ 00412ee8     libucrt:nlsdata.obj
 0002:00001ef4       ??_C@_02DEDBPAFC@AM?$AA@   00412ef4     libucrt:nlsdata.obj
 0002:00001ef8       ??_C@_02CJNFDJBF@PM?$AA@   00412ef8     libucrt:nlsdata.obj
 0002:00001efc       ??_C@_08BPBNCDIB@MM?1dd?1yy?$AA@ 00412efc     libucrt:nlsdata.obj
 0002:00001f08       ??_C@_0BE@CKGJFCPC@dddd?0?5MMMM?5dd?0?5yyyy?$AA@ 00412f08     libucrt:nlsdata.obj
 0002:00001f1c       ??_C@_08JCCMCCIL@HH?3mm?3ss?$AA@ 00412f1c     libucrt:nlsdata.obj
 0002:00001f28       ??_C@_17MBGCMIPB@?$AAS?$AAu?$AAn?$AA?$AA@ 00412f28     libucrt:nlsdata.obj
 0002:00001f30       ??_C@_17KBOMKBF@?$AAM?$AAo?$AAn?$AA?$AA@ 00412f30     libucrt:nlsdata.obj
 0002:00001f38       ??_C@_17BMKGEGOJ@?$AAT?$AAu?$AAe?$AA?$AA@ 00412f38     libucrt:nlsdata.obj
 0002:00001f40       ??_C@_17CJEDCEPE@?$AAW?$AAe?$AAd?$AA?$AA@ 00412f40     libucrt:nlsdata.obj
 0002:00001f48       ??_C@_17PDPHAADD@?$AAT?$AAh?$AAu?$AA?$AA@ 00412f48     libucrt:nlsdata.obj
 0002:00001f50       ??_C@_17HFOLPPLP@?$AAF?$AAr?$AAi?$AA?$AA@ 00412f50     libucrt:nlsdata.obj
 0002:00001f58       ??_C@_17GGIBDPIH@?$AAS?$AAa?$AAt?$AA?$AA@ 00412f58     libucrt:nlsdata.obj
 0002:00001f60       ??_C@_1O@IHNHDHPB@?$AAS?$AAu?$AAn?$AAd?$AAa?$AAy?$AA?$AA@ 00412f60     libucrt:nlsdata.obj
 0002:00001f70       ??_C@_1O@MMNBFLIA@?$AAM?$AAo?$AAn?$AAd?$AAa?$AAy?$AA?$AA@ 00412f70     libucrt:nlsdata.obj
 0002:00001f80       ??_C@_1BA@ENFBFFEK@?$AAT?$AAu?$AAe?$AAs?$AAd?$AAa?$AAy?$AA?$AA@ 00412f80     libucrt:nlsdata.obj
 0002:00001f90       ??_C@_1BE@EBOGMDOH@?$AAW?$AAe?$AAd?$AAn?$AAe?$AAs?$AAd?$AAa?$AAy?$AA?$AA@ 00412f90     libucrt:nlsdata.obj
 0002:00001fa4       ??_C@_1BC@HHMNLIHE@?$AAT?$AAh?$AAu?$AAr?$AAs?$AAd?$AAa?$AAy?$AA?$AA@ 00412fa4     libucrt:nlsdata.obj
 0002:00001fb8       ??_C@_1O@PDICJHAG@?$AAF?$AAr?$AAi?$AAd?$AAa?$AAy?$AA?$AA@ 00412fb8     libucrt:nlsdata.obj
 0002:00001fc8       ??_C@_1BC@ENMNNPAJ@?$AAS?$AAa?$AAt?$AAu?$AAr?$AAd?$AAa?$AAy?$AA?$AA@ 00412fc8     libucrt:nlsdata.obj
 0002:00001fdc       ??_C@_17DKNBKCHM@?$AAJ?$AAa?$AAn?$AA?$AA@ 00412fdc     libucrt:nlsdata.obj
 0002:00001fe4       ??_C@_17LMDJEKJN@?$AAF?$AAe?$AAb?$AA?$AA@ 00412fe4     libucrt:nlsdata.obj
 0002:00001fec       ??_C@_17CKNLEDEC@?$AAM?$AAa?$AAr?$AA?$AA@ 00412fec     libucrt:nlsdata.obj
 0002:00001ff4       ??_C@_17LFPOIHDD@?$AAA?$AAp?$AAr?$AA?$AA@ 00412ff4     libucrt:nlsdata.obj
 0002:00001ffc       ??_C@_17PNNKMEED@?$AAM?$AAa?$AAy?$AA?$AA@ 00412ffc     libucrt:nlsdata.obj
 0002:00002004       ??_C@_17KCJGOCPB@?$AAJ?$AAu?$AAn?$AA?$AA@ 00413004     libucrt:nlsdata.obj
 0002:0000200c       ??_C@_17IJPCKHK@?$AAJ?$AAu?$AAl?$AA?$AA@ 0041300c     libucrt:nlsdata.obj
 0002:00002014       ??_C@_17ICPELBCN@?$AAA?$AAu?$AAg?$AA?$AA@ 00413014     libucrt:nlsdata.obj
 0002:0000201c       ??_C@_17HCHCOKMG@?$AAS?$AAe?$AAp?$AA?$AA@ 0041301c     libucrt:nlsdata.obj
 0002:00002024       ??_C@_17FNLKOI@?$AAO?$AAc?$AAt?$AA?$AA@ 00413024     libucrt:nlsdata.obj
 0002:0000202c       ??_C@_17BBDMLCIG@?$AAN?$AAo?$AAv?$AA?$AA@ 0041302c     libucrt:nlsdata.obj
 0002:00002034       ??_C@_17EGKACKIF@?$AAD?$AAe?$AAc?$AA?$AA@ 00413034     libucrt:nlsdata.obj
 0002:0000203c       ??_C@_1BA@EFMEIEBA@?$AAJ?$AAa?$AAn?$AAu?$AAa?$AAr?$AAy?$AA?$AA@ 0041303c     libucrt:nlsdata.obj
 0002:0000204c       ??_C@_1BC@JGDDFFAM@?$AAF?$AAe?$AAb?$AAr?$AAu?$AAa?$AAr?$AAy?$AA?$AA@ 0041304c     libucrt:nlsdata.obj
 0002:00002060       ??_C@_1M@IKEENEDF@?$AAM?$AAa?$AAr?$AAc?$AAh?$AA?$AA@ 00413060     libucrt:nlsdata.obj
 0002:0000206c       ??_C@_1M@GJNLMHFD@?$AAA?$AAp?$AAr?$AAi?$AAl?$AA?$AA@ 0041306c     libucrt:nlsdata.obj
 0002:00002078       ??_C@_19EPFLPGAP@?$AAJ?$AAu?$AAn?$AAe?$AA?$AA@ 00413078     libucrt:nlsdata.obj
 0002:00002084       ??_C@_19BIFMLPCD@?$AAJ?$AAu?$AAl?$AAy?$AA?$AA@ 00413084     libucrt:nlsdata.obj
 0002:00002090       ??_C@_1O@PAHLKOAC@?$AAA?$AAu?$AAg?$AAu?$AAs?$AAt?$AA?$AA@ 00413090     libucrt:nlsdata.obj
 0002:000020a0       ??_C@_1BE@DKAAMBJL@?$AAS?$AAe?$AAp?$AAt?$AAe?$AAm?$AAb?$AAe?$AAr?$AA?$AA@ 004130a0     libucrt:nlsdata.obj
 0002:000020b4       ??_C@_1BA@EPANDLNG@?$AAO?$AAc?$AAt?$AAo?$AAb?$AAe?$AAr?$AA?$AA@ 004130b4     libucrt:nlsdata.obj
 0002:000020c4       ??_C@_1BC@BGLIFPF@?$AAN?$AAo?$AAv?$AAe?$AAm?$AAb?$AAe?$AAr?$AA?$AA@ 004130c4     libucrt:nlsdata.obj
 0002:000020d8       ??_C@_1BC@FEMKIFH@?$AAD?$AAe?$AAc?$AAe?$AAm?$AAb?$AAe?$AAr?$AA?$AA@ 004130d8     libucrt:nlsdata.obj
 0002:000020ec       ??_C@_15ODEHAHHF@?$AAA?$AAM?$AA?$AA@ 004130ec     libucrt:nlsdata.obj
 0002:000020f4       ??_C@_15CLMNNGEL@?$AAP?$AAM?$AA?$AA@ 004130f4     libucrt:nlsdata.obj
 0002:000020fc       ??_C@_1BC@IEBCMHCM@?$AAM?$AAM?$AA?1?$AAd?$AAd?$AA?1?$AAy?$AAy?$AA?$AA@ 004130fc     libucrt:nlsdata.obj
 0002:00002110       ??_C@_1CI@KNAKOEBC@?$AAd?$AAd?$AAd?$AAd?$AA?0?$AA?5?$AAM?$AAM?$AAM?$AAM?$AA?5?$AAd?$AAd?$AA?0?$AA?5?$AAy?$AAy?$AAy?$AAy?$AA?$AA@ 00413110     libucrt:nlsdata.obj
 0002:00002138       ??_C@_1BC@GDGBMEMK@?$AAH?$AAH?$AA?3?$AAm?$AAm?$AA?3?$AAs?$AAs?$AA?$AA@ 00413138     libucrt:nlsdata.obj
 0002:0000214c       ??_C@_1M@BMHNFIME@?$AAe?$AAn?$AA?9?$AAU?$AAS?$AA?$AA@ 0041314c     libucrt:nlsdata.obj
 0002:00002158       ___newctype                00413158     libucrt:ctype.obj
 0002:00002458       ___newclmap                00413458     libucrt:ctype.obj
 0002:000025d8       ___newcumap                004135d8     libucrt:ctype.obj
 0002:00002758       ??_C@_15PJPFLCCM@?$AAu?$AAk?$AA?$AA@ 00413758     libucrt:get_qualified_locale.obj
 0002:000027b0       ??_C@_1EA@JGEFHKEI@?$AAa?$AAp?$AAi?$AA?9?$AAm?$AAs?$AA?9?$AAw?$AAi?$AAn?$AA?9?$AAc?$AAo?$AAr?$AAe?$AA?9?$AAd?$AAa?$AAt?$AAe?$AAt?$AAi?$AAm?$AAe?$AA?9?$AAl?$AA1?$AA?9?$AA1?$AA?9?$AA1?$AA?$AA@ 004137b0     libucrt:winapi_thunks.obj
 0002:000027f0       ??_C@_1DM@KHCHBNEB@?$AAa?$AAp?$AAi?$AA?9?$AAm?$AAs?$AA?9?$AAw?$AAi?$AAn?$AA?9?$AAc?$AAo?$AAr?$AAe?$AA?9?$AAf?$AAi?$AAb?$AAe?$AAr?$AAs?$AA?9?$AAl?$AA1?$AA?9?$AA1?$AA?9?$AA1?$AA?$AA@ 004137f0     libucrt:winapi_thunks.obj
 0002:0000282c       ??_C@_1DI@IJCEHOCB@?$AAa?$AAp?$AAi?$AA?9?$AAm?$AAs?$AA?9?$AAw?$AAi?$AAn?$AA?9?$AAc?$AAo?$AAr?$AAe?$AA?9?$AAf?$AAi?$AAl?$AAe?$AA?9?$AAl?$AA1?$AA?9?$AA2?$AA?9?$AA2?$AA?$AA@ 0041382c     libucrt:winapi_thunks.obj
 0002:00002868       ??_C@_1EI@MPIAOHOC@?$AAa?$AAp?$AAi?$AA?9?$AAm?$AAs?$AA?9?$AAw?$AAi?$AAn?$AA?9?$AAc?$AAo?$AAr?$AAe?$AA?9?$AAl?$AAo?$AAc?$AAa?$AAl?$AAi?$AAz?$AAa?$AAt?$AAi?$AAo?$AAn?$AA?9?$AAl?$AA1?$AA?9@ 00413868     libucrt:winapi_thunks.obj
 0002:000028b0       ??_C@_1FK@FPHCKFIE@?$AAa?$AAp?$AAi?$AA?9?$AAm?$AAs?$AA?9?$AAw?$AAi?$AAn?$AA?9?$AAc?$AAo?$AAr?$AAe?$AA?9?$AAl?$AAo?$AAc?$AAa?$AAl?$AAi?$AAz?$AAa?$AAt?$AAi?$AAo?$AAn?$AA?9?$AAo?$AAb?$AAs@ 004138b0     libucrt:winapi_thunks.obj
 0002:00002910       ??_C@_1EM@DILCGIIO@?$AAa?$AAp?$AAi?$AA?9?$AAm?$AAs?$AA?9?$AAw?$AAi?$AAn?$AA?9?$AAc?$AAo?$AAr?$AAe?$AA?9?$AAp?$AAr?$AAo?$AAc?$AAe?$AAs?$AAs?$AAt?$AAh?$AAr?$AAe?$AAa?$AAd?$AAs?$AA?9?$AAl@ 00413910     libucrt:winapi_thunks.obj
 0002:0000295c       ??_C@_1DM@LNCGDDPN@?$AAa?$AAp?$AAi?$AA?9?$AAm?$AAs?$AA?9?$AAw?$AAi?$AAn?$AA?9?$AAc?$AAo?$AAr?$AAe?$AA?9?$AAs?$AAt?$AAr?$AAi?$AAn?$AAg?$AA?9?$AAl?$AA1?$AA?9?$AA1?$AA?9?$AA0?$AA?$AA@ 0041395c     libucrt:winapi_thunks.obj
 0002:00002998       ??_C@_1DK@LPPGFMPP@?$AAa?$AAp?$AAi?$AA?9?$AAm?$AAs?$AA?9?$AAw?$AAi?$AAn?$AA?9?$AAc?$AAo?$AAr?$AAe?$AA?9?$AAs?$AAy?$AAn?$AAc?$AAh?$AA?9?$AAl?$AA1?$AA?9?$AA2?$AA?9?$AA0?$AA?$AA@ 00413998     libucrt:winapi_thunks.obj
 0002:000029d4       ??_C@_1DO@FPAPJEMD@?$AAa?$AAp?$AAi?$AA?9?$AAm?$AAs?$AA?9?$AAw?$AAi?$AAn?$AA?9?$AAc?$AAo?$AAr?$AAe?$AA?9?$AAs?$AAy?$AAs?$AAi?$AAn?$AAf?$AAo?$AA?9?$AAl?$AA1?$AA?9?$AA2?$AA?9?$AA1?$AA?$AA@ 004139d4     libucrt:winapi_thunks.obj
[...]
 0002:000008e4       ?uninit_premsg@@3QBDB      004118e4     LIBCMT:error.obj
 0002:000008f4       ?uninit_postmsg@@3QBDB     004118f4     LIBCMT:error.obj
 0002:00000ce8       _GS_ExceptionPointers      00411ce8     LIBCMT:gs_report.obj
 0002:00000cf0       ?_RTC_errlist@@3QBQBDB     00411cf0     LIBCMT:userapi.obj
 0002:00000db0       ?mspdbName@@3QB_WB         00411db0     LIBCMT:pdblkup.obj
 0002:00000f14       ?module_names@?A0x5c520fe1@@3QBQB_WB 00411f14     libvcruntime:winapi_downlevel.obj
 0002:00000fcc       ?candidate_modules@?1??try_get_FlsAlloc@@YAP6GKP6GXPAX@Z@ZXZ@4QBW4module_id@?A0x5c520fe1@@B 00411fcc     libvcruntime:winapi_downlevel.obj
 0002:00000fe0       ?candidate_modules@?1??try_get_FlsFree@@YAP6GHK@ZXZ@4QBW4module_id@?A0x5c520fe1@@B 00411fe0     libvcruntime:winapi_downlevel.obj
 0002:00000ff0       ?candidate_modules@?1??try_get_FlsSetValue@@YAP6GHKPAX@ZXZ@4QBW4module_id@?A0x5c520fe1@@B 00411ff0     libvcruntime:winapi_downlevel.obj
 0002:00001004       ?candidate_modules@?1??try_get_InitializeCriticalSectionEx@@YAP6GHPAU_RTL_CRITICAL_SECTION@@KK@ZXZ@4QBW4module_id@?A0x5c520fe1@@B 00412004     libvcruntime:winapi_downlevel.obj
 0002:00001028       ?tokenTable@@3QBQBDB       00412028     libvcruntime:undname.obj
 0002:00001068       ?nameTable@@3QBQBDB        00412068     libvcruntime:undname.obj
 0002:000011b0       ?rttiTable@@3QBQBDB        004121b0     libvcruntime:undname.obj
 0002:000017c8       ?_names@?1??_get_fname@@9@9 004127c8     libucrt:fpexcept.obj
 0002:00001a40       ___acrt_initializers       00412a40     libucrt:initialization.obj
 0002:00001ac0       ?errtable@@3QBUerrentry@?A0x31fdb9ec@@B 00412ac0     libucrt:errno.obj
 0002:00001c40       _over                      00412c40     libucrt:fpctrl.obj
 0002:00001c4c       _under                     00412c4c     libucrt:fpctrl.obj
 0002:00001c58       ?_mb_locale_names@@3QBQB_WB 00412c58     libucrt:mbctype.obj
 0002:00002760       ?module_names@?A0x391cf84c@@3QBQB_WB 00413760     libucrt:winapi_thunks.obj
 0002:00002c80       ?candidate_modules@?1??try_get_AreFileApisANSI@@YAP6GHXZXZ@4QBW4module_id@?A0x391cf84c@@B 00413c80     libucrt:winapi_thunks.obj
 0002:00002c94       ?candidate_modules@?1??try_get_FlsAlloc@@YAP6GKP6GXPAX@Z@ZXZ@4QBW4module_id@?A0x391cf84c@@B 00413c94     libucrt:winapi_thunks.obj
 0002:00002ca8       ?candidate_modules@?1??try_get_FlsFree@@YAP6GHK@ZXZ@4QBW4module_id@?A0x391cf84c@@B 00413ca8     libucrt:winapi_thunks.obj
 0002:00002cb8       ?candidate_modules@?1??try_get_FlsGetValue@@YAP6GPAXK@ZXZ@4QBW4module_id@?A0x391cf84c@@B 00413cb8     libucrt:winapi_thunks.obj
 0002:00002ccc       ?candidate_modules@?1??try_get_FlsSetValue@@YAP6GHKPAX@ZXZ@4QBW4module_id@?A0x391cf84c@@B 00413ccc     libucrt:winapi_thunks.obj
 0002:00002ce0       ?candidate_modules@?1??try_get_InitializeCriticalSectionEx@@YAP6GHPAU_RTL_CRITICAL_SECTION@@KK@ZXZ@4QBW4module_id@?A0x391cf84c@@B 00413ce0     libucrt:winapi_thunks.obj
 0002:00002d04       ?candidate_modules@?1??try_get_LCMapStringEx@@YAP6GHPB_WK0HPA_WHPAU_nlsversioninfo@@PAXJ@ZXZ@4QBW4module_id@?A0x391cf84c@@B 00413d04     libucrt:winapi_thunks.obj
 0002:00002d1c       ?candidate_modules@?1??try_get_LocaleNameToLCID@@YAP6GKPB_WK@ZXZ@4QBW4module_id@?A0x391cf84c@@B 00413d1c     libucrt:winapi_thunks.obj
 0002:00002d38       ?candidate_modules@?1??try_get_AppPolicyGetProcessTerminationMethod@@YAP6GJPAXPAW4AppPolicyProcessTerminationMethod@@@ZXZ@4QBW4module_id@?A0x391cf84c@@B 00413d38     libucrt:winapi_thunks.obj
 0002:00002d68       ?LcidToLocaleNameTable@?A0x881e4c05@@3QBULcidToLocaleName@1@B 00413d68     libucrt:lcidtoname_downlevel.obj
 0002:00003e88       ?LocaleNameToIndexTable@?A0x881e4c05@@3QBULocaleNameIndex@1@B 00414e88     libucrt:lcidtoname_downlevel.obj
 0002:00004de0       LOG_name                   00415de0     libucrt:log10_impl.obj
 0002:00004df0       _One                       00415df0     libucrt:ceil_pentium4.obj
 0002:00004e00       _Bns                       00415e00     libucrt:ceil_pentium4.obj
 0002:00004e10       _Zero                      00415e10     libucrt:ceil_pentium4.obj
 0002:00004e20       _S                         00415e20     libucrt:ceil_pentium4.obj
 0002:00004e30       _NegZero                   00415e30     libucrt:ceil_pentium4.obj
 0002:00004e40       emask                      00415e40     libucrt:log10_pentium4.obj
 0002:00004e50       CC                         00415e50     libucrt:log10_pentium4.obj
 0002:00004e60       Magic                      00415e60     libucrt:log10_pentium4.obj
 0002:00004e70       hi_mask                    00415e70     libucrt:log10_pentium4.obj
 0002:00004e80       LOG10_2                    00415e80     libucrt:log10_pentium4.obj
 0002:00004e90       place_L                    00415e90     libucrt:log10_pentium4.obj
 0002:00004eb0       One                        00415eb0     libucrt:log10_pentium4.obj
 0002:00004ec0       Zero                       00415ec0     libucrt:log10_pentium4.obj
 0002:00004ed0       Two52                      00415ed0     libucrt:log10_pentium4.obj
 0002:00004ee0       Infs                       00415ee0     libucrt:log10_pentium4.obj
 0002:00004ef0       NaN                        00415ef0     libucrt:log10_pentium4.obj
 0002:00004f00       coeff                      00415f00     libucrt:log10_pentium4.obj
 0002:00004f5e       _log2max                   00415f5e     libucrt:87tran.obj
 0002:00004f68       _smallarg                  00415f68     libucrt:87tran.obj
 0002:00004f72       _half                      00415f72     libucrt:87tran.obj
 0002:00004fbe       One                        00415fbe     libucrt:87disp.obj
 0002:00004fc6       Three                      00415fc6     libucrt:87disp.obj
 0002:00004fce       XAMtoTagTab                00415fce     libucrt:87disp.obj
 0002:00004fe0       One                        00415fe0     libucrt:common.obj
 0002:00004ff4       DblMax                     00415ff4     libucrt:common.obj
 0002:00004ffc       DblMin                     00415ffc     libucrt:common.obj
 0002:00005004       IeeeAdjO                   00416004     libucrt:common.obj
 0002:0000500c       IeeeAdjU                   0041600c     libucrt:common.obj
 0002:00005014       _infinity                  00416014     libucrt:common.obj
 0002:0000501c       _zero                      0041601c     libucrt:common.obj
 0002:00005c58       __sehtable$?__scrt_common_main_seh@@YAHXZ 00416c58     LIBCMT:exe_winmain.obj
 0002:00005c78       __sehtable$?notify_debugger@@YAXABUtagEXCEPTION_VISUALCPP_DEBUG_INFO@@@Z 00416c78     LIBCMT:error.obj
 0002:00005c98       __sehtable$___scrt_is_nonwritable_in_current_image 00416c98     LIBCMT:utility.obj
 0002:00005cb8       __sehtable$___DestructExceptionObject 00416cb8     libvcruntime:ehhelpers.obj
 0002:00005cd8       __sehtable$??R<lambda_6e4b09c48022b2350581041d5f6b0c4c>@@QBE@XZ 00416cd8     libucrt:exit.obj
 0002:00005cf8       __sehtable$??$?RV<lambda_03b1d95aef87969028cfba75ccab2455>@@AAV<lambda_6e4b09c48022b2350581041d5f6b0c4c>@@V<lambda_22bdf7517842c4b3e53723af5aa32b9e>@@@?$__crt_seh_guarded_call@X@@QAEX$$QAV<lambda_03b1d95aef87969028cfba75ccab2455>@@AAV<lambda_6e4b09c48022b2350581041d5f6b0c4c>@@$$QAV<lambda_22bdf7517842c4b3e53723af5aa32b9e>@@@Z 00416cf8     libucrt:exit.obj
 0002:00005d18       __sehtable$??$?RV<lambda_e5124f882df8998aaf41531e079ba474>@@AAV<lambda_3e16ef9562a7dcce91392c22ab16ea36>@@V<lambda_e25ca0880e6ef98be67edffd8c599615>@@@?$__crt_seh_guarded_call@X@@QAEX$$QAV<lambda_e5124f882df8998aaf41531e079ba474>@@AAV<lambda_3e16ef9562a7dcce91392c22ab16ea36>@@$$QAV<lambda_e25ca0880e6ef98be67edffd8c599615>@@@Z 00416d18     libucrt:wsetlocale.obj
 0002:00005d38       __sehtable$??$?RV<lambda_8e746cf0007f6ed984d6f78af1fec997>@@AAV<lambda_22ebabd17bc4fa466a2aca6d8deb888d>@@V<lambda_18ed0c0b38a6dc0daf1e7ac6d6adf05e>@@@?$__crt_seh_guarded_call@H@@QAEH$$QAV<lambda_8e746cf0007f6ed984d6f78af1fec997>@@AAV<lambda_22ebabd17bc4fa466a2aca6d8deb888d>@@$$QAV<lambda_18ed0c0b38a6dc0daf1e7ac6d6adf05e>@@@Z 00416d38     libucrt:onexit.obj
 0002:00005d58       __sehtable$??$?RV<lambda_69a2805e680e0e292e8ba93315fe43a8>@@AAV<lambda_f03950bc5685219e0bcd2087efbe011e>@@V<lambda_03fcd07e894ec930e3f35da366ca99d6>@@@?$__crt_seh_guarded_call@H@@QAEH$$QAV<lambda_69a2805e680e0e292e8ba93315fe43a8>@@AAV<lambda_f03950bc5685219e0bcd2087efbe011e>@@$$QAV<lambda_03fcd07e894ec930e3f35da366ca99d6>@@@Z 00416d58     libucrt:onexit.obj
 0002:00005d78       __sehtable$_terminate      00416d78     libucrt:terminate.obj
 0002:00005d98       __sehtable$___set_fpsr_sse2 00416d98     libucrt:fpctrl.obj
 0002:00005db8       __sehtable$??$?RV<lambda_15ade71b0218206bbe3333a0c9b79046>@@AAV<lambda_da44e0f8b0f19ba52fefafb335991732>@@V<lambda_207f2d024fc103971653565357d6cd41>@@@?$__crt_seh_guarded_call@X@@QAEX$$QAV<lambda_15ade71b0218206bbe3333a0c9b79046>@@AAV<lambda_da44e0f8b0f19ba52fefafb335991732>@@$$QAV<lambda_207f2d024fc103971653565357d6cd41>@@@Z 00416db8     libucrt:per_thread_data.obj
 0002:00005dd8       __sehtable$??$?RV<lambda_a7e850c220f1c8d1e6efeecdedd162c6>@@AAV<lambda_46720907175c18b6c9d2717bc0d2d362>@@V<lambda_9048902d66e8d99359bc9897bbb930a8>@@@?$__crt_seh_guarded_call@X@@QAEX$$QAV<lambda_a7e850c220f1c8d1e6efeecdedd162c6>@@AAV<lambda_46720907175c18b6c9d2717bc0d2d362>@@$$QAV<lambda_9048902d66e8d99359bc9897bbb930a8>@@@Z 00416dd8     libucrt:per_thread_data.obj
 0002:00005df8       __sehtable$??$?RV<lambda_38edbb1296d33220d7e4dd0ed76b244a>@@AAV<lambda_5ce1d447e08cb34b2473517608e21441>@@V<lambda_fb385d3da700c9147fc39e65dd577a8c>@@@?$__crt_seh_guarded_call@X@@QAEX$$QAV<lambda_38edbb1296d33220d7e4dd0ed76b244a>@@AAV<lambda_5ce1d447e08cb34b2473517608e21441>@@$$QAV<lambda_fb385d3da700c9147fc39e65dd577a8c>@@@Z 00416df8     libucrt:per_thread_data.obj
 0002:00005e18       __sehtable$??$?RV<lambda_6affb1475c98b40b75cdec977db92e3c>@@AAV<lambda_b8d4b9c228a6ecc3f80208dbb4b4a104>@@V<lambda_608742c3c92a14382c1684fc64f96c88>@@@?$__crt_seh_guarded_call@X@@QAEX$$QAV<lambda_6affb1475c98b40b75cdec977db92e3c>@@AAV<lambda_b8d4b9c228a6ecc3f80208dbb4b4a104>@@$$QAV<lambda_608742c3c92a14382c1684fc64f96c88>@@@Z 00416e18     libucrt:per_thread_data.obj
 0002:00005e38       __sehtable$?update_thread_multibyte_data_internal@@YAPAU__crt_multibyte_data@@QAU__acrt_ptd@@QAPAU1@@Z 00416e38     libucrt:mbctype.obj
 0002:00005e58       __sehtable$??$?RV<lambda_ceb1ee4838e85a9d631eb091e2fbe199>@@AAV<lambda_ae742caa10f662c28703da3d2ea5e57e>@@V<lambda_cd08b5d6af4937fe54fc07d0c9bf6b37>@@@?$__crt_seh_guarded_call@X@@QAEX$$QAV<lambda_ceb1ee4838e85a9d631eb091e2fbe199>@@AAV<lambda_ae742caa10f662c28703da3d2ea5e57e>@@$$QAV<lambda_cd08b5d6af4937fe54fc07d0c9bf6b37>@@@Z 00416e58     libucrt:mbctype.obj
 0002:00005e78       __sehtable$___acrt_lowio_ensure_fh_exists 00416e78     libucrt:osfinfo.obj
 0002:00005e98       __sehtable$___acrt_initialize_lowio 00416e98     libucrt:ioinit.obj
 0002:00005eb8       __sehtable$___acrt_update_thread_locale_data 00416eb8     libucrt:locale_refcounting.obj
 0002:00005ed8       __sehtable$__query_new_handler 00416ed8     libucrt:new_handler.obj
 0002:00005ef8       __sehtable$_raise          00416ef8     libucrt:signal.obj
 0002:00005f18       __sehtable$??$?RV<lambda_cbab9ec6f41b0180b23cc171c22676b0>@@AAV<lambda_44731a7d0e6d81c3e6aa82d741081786>@@V<lambda_4b292cb8dd18144e164572427af410ab>@@@?$__crt_seh_guarded_call@P6AXH@Z@@QAEP6AXH@Z$$QAV<lambda_cbab9ec6f41b0180b23cc171c22676b0>@@AAV<lambda_44731a7d0e6d81c3e6aa82d741081786>@@$$QAV<lambda_4b292cb8dd18144e164572427af410ab>@@@Z 00416f18     libucrt:signal.obj
 0002:00005f38       __sehtable$??$?RV<lambda_2866be3712abc81a800a822484c830d8>@@AAV<lambda_39ca0ed439415581b5b15c265174cece>@@V<lambda_2b24c74d71094a6cd0cb82e44167d71b>@@@?$__crt_seh_guarded_call@X@@QAEX$$QAV<lambda_2866be3712abc81a800a822484c830d8>@@AAV<lambda_39ca0ed439415581b5b15c265174cece>@@$$QAV<lambda_2b24c74d71094a6cd0cb82e44167d71b>@@@Z 00416f38     libucrt:fflush.obj
 0002:00005f58       __sehtable$??$?RV<lambda_2cc53f568c5a2bb6f192f930a45d44ea>@@AAV<lambda_ab61a845afdef5b7c387490eaf3616ee>@@V<lambda_c2ffc0b7726aa6be21d5f0026187e748>@@@?$__crt_seh_guarded_call@X@@QAEX$$QAV<lambda_2cc53f568c5a2bb6f192f930a45d44ea>@@AAV<lambda_ab61a845afdef5b7c387490eaf3616ee>@@$$QAV<lambda_c2ffc0b7726aa6be21d5f0026187e748>@@@Z 00416f58     libucrt:fflush.obj
 0002:00005f78       __sehtable$__fcloseall     00416f78     libucrt:closeall.obj
 0002:00005f98       __sehtable$??$?RV<lambda_9e9de3de5fa147e2223d7db92bc10aa6>@@AAV<lambda_38ce7e780aa69e748d6df282ebc68efe>@@V<lambda_8ca6da459f0f6780f1cff60fdc3d00e5>@@@?$__crt_seh_guarded_call@H@@QAEH$$QAV<lambda_9e9de3de5fa147e2223d7db92bc10aa6>@@AAV<lambda_38ce7e780aa69e748d6df282ebc68efe>@@$$QAV<lambda_8ca6da459f0f6780f1cff60fdc3d00e5>@@@Z 00416f98     libucrt:commit.obj
 0002:00005fb8       __sehtable$__write         00416fb8     libucrt:write.obj
 0002:00005fd8       __sehtable$_fclose         00416fd8     libucrt:fclose.obj
 0002:00005ff8       __sehtable$??$?RV<lambda_218ce3db14220d0be481dae8ef3383b6>@@AAV<lambda_628dfdc04ba53c8bfc02c9951375f3f5>@@V<lambda_57dc472bd5c9d5f3b2cbca59b8a843ae>@@@?$__crt_seh_guarded_call@H@@QAEH$$QAV<lambda_218ce3db14220d0be481dae8ef3383b6>@@AAV<lambda_628dfdc04ba53c8bfc02c9951375f3f5>@@$$QAV<lambda_57dc472bd5c9d5f3b2cbca59b8a843ae>@@@Z 00416ff8     libucrt:close.obj
 0002:00006018       __sehtable$__IsNonwritableInCurrentImage 00417018     LIBCMT:pesect.obj
 0002:000063ec       .idata$6                   004173ec     user32:USER32.dll
 0002:00006422       .idata$6                   00417422     gdi32:GDI32.dll
 0002:0000643e       .idata$6                   0041743e     winmm:WINMM.dll
 0002:0000645e       .idata$6                   0041745e     dinput8:DINPUT8.dll
 0002:00006778       .idata$6                   00417778     kernel32:KERNEL32.dll
 0003:00000000       ?XInputGetState_@@3P6GKKPAU_XINPUT_STATE@@@ZA 00418000     win32_PokemonDemo.obj
 0003:00000004       ?XInputSetState_@@3P6GKKPAU_XINPUT_VIBRATION@@@ZA 00418004     win32_PokemonDemo.obj
 0003:00000008       ?PreviousWindow@@3UtagWINDOWPLACEMENT@@A 00418008     win32_PokemonDemo.obj
 0003:00000038       _c_rgodfDIJoy2             00418038     dinput8:dilib4.obj
 0003:00000ac0       ?__vcrt_flsindex@@3KA      00418ac0     libvcruntime:per_thread_data.obj
 0003:00000af0       ?errno_no_memory@@3HA      00418af0     libucrt:errno.obj
 0003:00000af4       ?doserrno_no_memory@@3KA   00418af4     libucrt:errno.obj
 0003:00000af8       ?__DAZ_ENABLED@?1??__set_fpsr_sse2@@9@9 00418af8     libucrt:fpctrl.obj
 0003:00000afc       ?__acrt_flsindex@@3KA      00418afc     libucrt:per_thread_data.obj
 0003:00000d20       __mbctypes                 00418d20     libucrt:mbctype.obj
 0003:00000e28       __mbcasemaps               00418e28     libucrt:mbctype.obj
 0003:00000f28       ?__rgctypeflag@@3PADA      00418f28     libucrt:mbctype.obj
 0003:00000f30       ?__rgcode_page_info@@3PAUcode_page_info@@A 00418f30     libucrt:mbctype.obj
 0003:000012f0       ?__dcrt_lowio_console_output_handle@@3PAXA 004192f0     libucrt:initcon.obj
 0003:00001300       ?globalRunning@@3_NA       00419300     win32_PokemonDemo.obj
 0003:00001301       ?GameTryingFullscreen@@3_NA 00419301     win32_PokemonDemo.obj
 0003:00001308       ?globalBackBuffer@@3Uwin32_offscreen_buffer@@A 00419308     win32_PokemonDemo.obj
 0003:00001348       ?SecondBuffer@@3PAUIDirectSoundBuffer@@A 00419348     win32_PokemonDemo.obj
 0003:0000134c       ?DirectInputObject@@3PAUIDirectInput8A@@A 0041934c     win32_PokemonDemo.obj
 0003:00001350       ?JoystickInterface@@3PAUIDirectInputDevice8A@@A 00419350     win32_PokemonDemo.obj
 0003:00001358       ?PerfCountFrequency64@@3_JA 00419358     win32_PokemonDemo.obj
 0003:00001368       _GS_ExceptionRecord        00419368     LIBCMT:gs_report.obj
 0003:000013b8       _GS_ContextRecord          004193b8     LIBCMT:gs_report.obj
 0003:00001684       ?_RTC_ErrorReportFunc@@3P6AHHPBDH00ZZA 00419684     LIBCMT:userapi.obj
 0003:00001688       ?_RTC_ErrorReportFuncW@@3P6AHHPB_WH00ZZA 00419688     LIBCMT:userapi.obj
 0003:00001694       ?is_initialized_as_dll@@3_NA 00419694     LIBCMT:utility.obj
 0003:00001695       ?module_local_atexit_table_initialized@@3_NA 00419695     LIBCMT:utility.obj
 0003:00001698       ?module_local_atexit_table@@3U_onexit_table_t@@A 00419698     LIBCMT:utility.obj
 0003:000016a4       ?module_local_at_quick_exit_table@@3U_onexit_table_t@@A 004196a4     LIBCMT:utility.obj
 0003:000016c4       ?mspdb@@3PAUHINSTANCE__@@A 004196c4     LIBCMT:pdblkup.obj
 0003:000016c8       ?alreadyTried@?1??GetPdbDll@@YAPAUHINSTANCE__@@XZ@4_NA 004196c8     LIBCMT:pdblkup.obj
 0003:000016c9       ?PDBOK@?1??_RTC_GetSrcLine@@YAHPAEPA_WKPAH1K@Z@4_NA 004196c9     LIBCMT:pdblkup.obj
 0003:000016d4       ?__vcrt_startup_thread_ptd@@3U__vcrt_ptd@@A 004196d4     libvcruntime:per_thread_data.obj
 0003:000016fc       ___vcrt_lock_table         004196fc     libvcruntime:locks.obj
 0003:00001714       ___vcrt_locks_initialized  00419714     libvcruntime:locks.obj
 0003:00001718       ?module_handles@@3PAPAUHINSTANCE__@@A 00419718     libvcruntime:winapi_downlevel.obj
 0003:00001724       ?encoded_function_pointers@@3PAPAXA 00419724     libvcruntime:winapi_downlevel.obj
 0003:00001764       ?heap@@3V_HeapManager@@A   00419764     libvcruntime:undname.obj
 0003:0000177c       ?__acrt_app_type@@3W4_crt_app_type@@A 0041977c     libucrt:report_runtime_error.obj
 0003:00001780       ?user_matherr@@3V?$dual_state_global@P6AHPAU_exception@@@Z@__crt_state_management@@A 00419780     libucrt:matherr.obj
 0003:00001788       ?program_name@?1???$common_configure_argv@D@@YAHW4_crt_argv_mode@@@Z@4PADA 00419788     libucrt:argv_parsing.obj
 0003:000018a0       ?empty_string@?1???$common_wincmdln@E@@YAPAEXZ@4PAEA 004198a0     libucrt:argv_winmain.obj
 0003:000018a4       ?c_termination_complete@@3JA 004198a4     libucrt:exit.obj
 0003:000018a8       ?thread_local_exit_callback_func@@3P6GXPAXK0@ZA 004198a8     libucrt:exit.obj
 0003:000018b4       ?__acrt_global_new_mode@@3V?$dual_state_global@J@__crt_state_management@@A 004198b4     libucrt:new_mode.obj
 0003:000018d4       ?__acrt_invalid_parameter_handler@@3V?$dual_state_global@P6AXPB_W00II@Z@__crt_state_management@@A 004198d4     libucrt:invalid_parameter.obj
 0003:000018e4       ?fSystemSet@@3HA           004198e4     libucrt:mbctype.obj
 0003:000018e8       ?initialized@?1??__acrt_initialize_multibyte@@9@4_NA 004198e8     libucrt:mbctype.obj
 0003:00001908       ?__acrt_lock_table@@3PAU_RTL_CRITICAL_SECTION@@A 00419908     libucrt:locks.obj
 0003:00001a58       ?__acrt_locks_initialized@@3IA 00419a58     libucrt:locks.obj
 0003:00001c68       ?module_handles@@3PAPAUHINSTANCE__@@A 00419c68     libucrt:winapi_thunks.obj
 0003:00001cb8       ?encoded_function_pointers@@3PAPAXA 00419cb8     libucrt:winapi_thunks.obj
 0003:00001d48       ?internal_state@?1??_mbtowc_l@@9@4U_Mbstatet@@A 00419d48     libucrt:mbtowc.obj
 0003:00001d64       ?__acrt_new_handler@@3V?$dual_state_global@P6AHI@Z@__crt_state_management@@A 00419d64     libucrt:new_handler.obj
 0003:00001d68       ?ctrlc_action@@3V?$dual_state_global@P6AXH@Z@__crt_state_management@@A 00419d68     libucrt:signal.obj
 0003:00001d6c       ?ctrlbreak_action@@3V?$dual_state_global@P6AXH@Z@__crt_state_management@@A 00419d6c     libucrt:signal.obj
 0003:00001d70       ?abort_action@@3V?$dual_state_global@P6AXH@Z@__crt_state_management@@A 00419d70     libucrt:signal.obj
 0003:00001d74       ?term_action@@3V?$dual_state_global@P6AXH@Z@__crt_state_management@@A 00419d74     libucrt:signal.obj
 0003:00001d78       ?internal_pst@?1??__mbrtoc32_utf8@__crt_mbstring@@YAIPA_UPBDIPAU_Mbstatet@@@Z@4U3@A 00419d78     libucrt:mbrtoc32.obj
 0003:00001d84       __pmatherr_set             00419d84     libucrt:libm_error.obj
